Archive member included to satisfy reference by file (symbol)

../../boards/DJI_Board_TypeA/libDJI_Board_TypeA_libDSP.a(arm_pid_init_f32.c.obj)
                              ../../shared/CMakeFiles/DJI_Board_TypeA_irm.dir/libraries/controller.cc.obj (arm_pid_init_f32)
/Users/chensihan/Downloads/gcc-arm-none-eabi-10.3-2021.10/bin/../lib/gcc/arm-none-eabi/10.3.1/../../../../arm-none-eabi/lib/thumb/v7e-m+fp/hard/libstdc++_nano.a(atexit_arm.o)
                              ../../shared/CMakeFiles/DJI_Board_TypeA_irm.dir/bsp/bsp_can.cc.obj (__aeabi_atexit)
/Users/chensihan/Downloads/gcc-arm-none-eabi-10.3-2021.10/bin/../lib/gcc/arm-none-eabi/10.3.1/../../../../arm-none-eabi/lib/thumb/v7e-m+fp/hard/libstdc++_nano.a(class_type_info.o)
                              ../../shared/CMakeFiles/DJI_Board_TypeA_irm.dir/bsp/bsp_gpio.cc.obj (vtable for __cxxabiv1::__class_type_info)
/Users/chensihan/Downloads/gcc-arm-none-eabi-10.3-2021.10/bin/../lib/gcc/arm-none-eabi/10.3.1/../../../../arm-none-eabi/lib/thumb/v7e-m+fp/hard/libstdc++_nano.a(pure.o)
                              ../../shared/CMakeFiles/DJI_Board_TypeA_irm.dir/bsp/bsp_gpio.cc.obj (__cxa_pure_virtual)
/Users/chensihan/Downloads/gcc-arm-none-eabi-10.3-2021.10/bin/../lib/gcc/arm-none-eabi/10.3.1/../../../../arm-none-eabi/lib/thumb/v7e-m+fp/hard/libstdc++_nano.a(si_class_type_info.o)
                              ../../shared/CMakeFiles/DJI_Board_TypeA_irm.dir/bsp/bsp_imu.cc.obj (vtable for __cxxabiv1::__si_class_type_info)
/Users/chensihan/Downloads/gcc-arm-none-eabi-10.3-2021.10/bin/../lib/gcc/arm-none-eabi/10.3.1/../../../../arm-none-eabi/lib/thumb/v7e-m+fp/hard/libstdc++_nano.a(tinfo.o)
                              /Users/chensihan/Downloads/gcc-arm-none-eabi-10.3-2021.10/bin/../lib/gcc/arm-none-eabi/10.3.1/../../../../arm-none-eabi/lib/thumb/v7e-m+fp/hard/libstdc++_nano.a(class_type_info.o) (std::type_info::~type_info())
/Users/chensihan/Downloads/gcc-arm-none-eabi-10.3-2021.10/bin/../lib/gcc/arm-none-eabi/10.3.1/../../../../arm-none-eabi/lib/thumb/v7e-m+fp/hard/libstdc++_nano.a(tree.o)
                              ../../shared/CMakeFiles/DJI_Board_TypeA_irm.dir/bsp/bsp_can.cc.obj (std::_Rb_tree_increment(std::_Rb_tree_node_base*))
/Users/chensihan/Downloads/gcc-arm-none-eabi-10.3-2021.10/bin/../lib/gcc/arm-none-eabi/10.3.1/../../../../arm-none-eabi/lib/thumb/v7e-m+fp/hard/libstdc++_nano.a(functexcept.o)
                              ../../shared/CMakeFiles/DJI_Board_TypeA_irm.dir/libraries/shooter.cc.obj (std::__throw_bad_alloc())
/Users/chensihan/Downloads/gcc-arm-none-eabi-10.3-2021.10/bin/../lib/gcc/arm-none-eabi/10.3.1/../../../../arm-none-eabi/lib/thumb/v7e-m+fp/hard/libstdc++_nano.a(hashtable_c++0x.o)
                              ../../shared/CMakeFiles/DJI_Board_TypeA_irm.dir/libraries/shooter.cc.obj (std::__detail::_Prime_rehash_policy::_M_need_rehash(unsigned int, unsigned int, unsigned int) const)
/Users/chensihan/Downloads/gcc-arm-none-eabi-10.3-2021.10/bin/../lib/gcc/arm-none-eabi/10.3.1/../../../../arm-none-eabi/lib/thumb/v7e-m+fp/hard/libstdc++_nano.a(snprintf_lite.o)
                              /Users/chensihan/Downloads/gcc-arm-none-eabi-10.3-2021.10/bin/../lib/gcc/arm-none-eabi/10.3.1/../../../../arm-none-eabi/lib/thumb/v7e-m+fp/hard/libstdc++_nano.a(functexcept.o) (__gnu_cxx::__snprintf_lite(char*, unsigned int, char const*, std::__va_list))
/Users/chensihan/Downloads/gcc-arm-none-eabi-10.3-2021.10/bin/../lib/gcc/arm-none-eabi/10.3.1/../../../../arm-none-eabi/lib/thumb/v7e-m+fp/hard/libstdc++_nano.a(string-inst.o)
                              ../../shared/CMakeFiles/DJI_Board_TypeA_irm.dir/bsp/bsp_sdio.cc.obj (std::__cxx11::basic_string<char, std::char_traits<char>, std::allocator<char> >::_M_create(unsigned int&, unsigned int))
/Users/chensihan/Downloads/gcc-arm-none-eabi-10.3-2021.10/bin/../lib/gcc/arm-none-eabi/10.3.1/../../../../arm-none-eabi/lib/thumb/v7e-m+fp/hard/libstdc++_nano.a(eh_terminate.o)
                              /Users/chensihan/Downloads/gcc-arm-none-eabi-10.3-2021.10/bin/../lib/gcc/arm-none-eabi/10.3.1/../../../../arm-none-eabi/lib/thumb/v7e-m+fp/hard/libstdc++_nano.a(pure.o) (std::terminate())
/Users/chensihan/Downloads/gcc-arm-none-eabi-10.3-2021.10/bin/../lib/gcc/arm-none-eabi/10.3.1/../../../../arm-none-eabi/lib/thumb/v7e-m+fp/hard/libstdc++_nano.a(eh_unex_handler.o)
                              /Users/chensihan/Downloads/gcc-arm-none-eabi-10.3-2021.10/bin/../lib/gcc/arm-none-eabi/10.3.1/../../../../arm-none-eabi/lib/thumb/v7e-m+fp/hard/libstdc++_nano.a(eh_terminate.o) (__cxxabiv1::__unexpected_handler)
/Users/chensihan/Downloads/gcc-arm-none-eabi-10.3-2021.10/bin/../lib/gcc/arm-none-eabi/10.3.1/../../../../arm-none-eabi/lib/thumb/v7e-m+fp/hard/libstdc++_nano.a(math_stubs_long_double.o)
                              /Users/chensihan/Downloads/gcc-arm-none-eabi-10.3-2021.10/bin/../lib/gcc/arm-none-eabi/10.3.1/../../../../arm-none-eabi/lib/thumb/v7e-m+fp/hard/libstdc++_nano.a(hashtable_c++0x.o) (floorl)
[...]
Memory Configuration

Name             Origin             Length             Attributes
RAM              0x0000000020000000 0x0000000000030000 xrw
CCMRAM           0x0000000010000000 0x0000000000010000 rw
FLASH            0x0000000008000000 0x0000000000200000 xr
*default*        0x0000000000000000 0xffffffffffffffff

Linker script and memory map

LOAD /Users/chensihan/Downloads/gcc-arm-none-eabi-10.3-2021.10/bin/../lib/gcc/arm-none-eabi/10.3.1/thumb/v7e-m+fp/hard/crti.o
LOAD /Users/chensihan/Downloads/gcc-arm-none-eabi-10.3-2021.10/bin/../lib/gcc/arm-none-eabi/10.3.1/thumb/v7e-m+fp/hard/crtbegin.o
LOAD /Users/chensihan/Downloads/gcc-arm-none-eabi-10.3-2021.10/bin/../lib/gcc/arm-none-eabi/10.3.1/../../../../arm-none-eabi/lib/thumb/v7e-m+fp/hard/crt0.o
LOAD CMakeFiles/example_motor_m3508_antijam.elf.dir/m3508_antijam.cc.obj
LOAD ../../boards/DJI_Board_TypeA/CMakeFiles/DJI_Board_TypeA.dir/Core/Src/adc.c.obj
LOAD ../../boards/DJI_Board_TypeA/CMakeFiles/DJI_Board_TypeA.dir/Core/Src/can.c.obj
LOAD ../../boards/DJI_Board_TypeA/CMakeFiles/DJI_Board_TypeA.dir/Core/Src/dma.c.obj
LOAD ../../boards/DJI_Board_TypeA/CMakeFiles/DJI_Board_TypeA.dir/Core/Src/freertos.c.obj
LOAD ../../boards/DJI_Board_TypeA/CMakeFiles/DJI_Board_TypeA.dir/Core/Src/gpio.c.obj
LOAD ../../boards/DJI_Board_TypeA/CMakeFiles/DJI_Board_TypeA.dir/Core/Src/i2c.c.obj
LOAD ../../boards/DJI_Board_TypeA/CMakeFiles/DJI_Board_TypeA.dir/Core/Src/main.c.obj
LOAD ../../boards/DJI_Board_TypeA/CMakeFiles/DJI_Board_TypeA.dir/Core/Src/sdio.c.obj
LOAD ../../boards/DJI_Board_TypeA/CMakeFiles/DJI_Board_TypeA.dir/Core/Src/spi.c.obj
LOAD ../../boards/DJI_Board_TypeA/CMakeFiles/DJI_Board_TypeA.dir/Core/Src/stm32f4xx_hal_msp.c.obj
LOAD ../../boards/DJI_Board_TypeA/CMakeFiles/DJI_Board_TypeA.dir/Core/Src/stm32f4xx_hal_timebase_tim.c.obj
LOAD ../../boards/DJI_Board_TypeA/CMakeFiles/DJI_Board_TypeA.dir/Core/Src/stm32f4xx_it.c.obj
LOAD ../../boards/DJI_Board_TypeA/CMakeFiles/DJI_Board_TypeA.dir/Core/Src/sys.c.obj
LOAD ../../boards/DJI_Board_TypeA/CMakeFiles/DJI_Board_TypeA.dir/Core/Src/system_stm32f4xx.c.obj
LOAD ../../boards/DJI_Board_TypeA/CMakeFiles/DJI_Board_TypeA.dir/Core/Src/tim.c.obj
LOAD ../../boards/DJI_Board_TypeA/CMakeFiles/DJI_Board_TypeA.dir/Core/Src/usart.c.obj
LOAD ../../boards/DJI_Board_TypeA/CMakeFiles/DJI_Board_TypeA.dir/FATFS/App/fatfs.c.obj
LOAD ../../boards/DJI_Board_TypeA/CMakeFiles/DJI_Board_TypeA.dir/FATFS/Target/bsp_driver_sd.c.obj
LOAD ../../boards/DJI_Board_TypeA/CMakeFiles/DJI_Board_TypeA.dir/FATFS/Target/fatfs_platform.c.obj
LOAD ../../boards/DJI_Board_TypeA/CMakeFiles/DJI_Board_TypeA.dir/FATFS/Target/sd_diskio.c.obj
LOAD ../../boards/DJI_Board_TypeA/CMakeFiles/DJI_Board_TypeA.dir/USB_DEVICE/App/usb_device.c.obj
LOAD ../../boards/DJI_Board_TypeA/CMakeFiles/DJI_Board_TypeA.dir/USB_DEVICE/App/usbd_cdc_if.c.obj
LOAD ../../boards/DJI_Board_TypeA/CMakeFiles/DJI_Board_TypeA.dir/USB_DEVICE/App/usbd_desc.c.obj
LOAD ../../boards/DJI_Board_TypeA/CMakeFiles/DJI_Board_TypeA.dir/USB_DEVICE/Target/usbd_conf.c.obj
LOAD ../../boards/DJI_Board_TypeA/CMakeFiles/DJI_Board_TypeA.dir/Drivers/STM32F4xx_HAL_Driver/Src/stm32f4xx_hal.c.obj
LOAD ../../boards/DJI_Board_TypeA/CMakeFiles/DJI_Board_TypeA.dir/Drivers/STM32F4xx_HAL_Driver/Src/stm32f4xx_hal_adc.c.obj
LOAD ../../boards/DJI_Board_TypeA/CMakeFiles/DJI_Board_TypeA.dir/Drivers/STM32F4xx_HAL_Driver/Src/stm32f4xx_hal_adc_ex.c.obj
LOAD ../../boards/DJI_Board_TypeA/CMakeFiles/DJI_Board_TypeA.dir/Drivers/STM32F4xx_HAL_Driver/Src/stm32f4xx_hal_can.c.obj
LOAD ../../boards/DJI_Board_TypeA/CMakeFiles/DJI_Board_TypeA.dir/Drivers/STM32F4xx_HAL_Driver/Src/stm32f4xx_hal_cortex.c.obj
LOAD ../../boards/DJI_Board_TypeA/CMakeFiles/DJI_Board_TypeA.dir/Drivers/STM32F4xx_HAL_Driver/Src/stm32f4xx_hal_dma.c.obj
LOAD ../../boards/DJI_Board_TypeA/CMakeFiles/DJI_Board_TypeA.dir/Drivers/STM32F4xx_HAL_Driver/Src/stm32f4xx_hal_dma_ex.c.obj
LOAD ../../boards/DJI_Board_TypeA/CMakeFiles/DJI_Board_TypeA.dir/Drivers/STM32F4xx_HAL_Driver/Src/stm32f4xx_hal_exti.c.obj
LOAD ../../boards/DJI_Board_TypeA/CMakeFiles/DJI_Board_TypeA.dir/Drivers/STM32F4xx_HAL_Driver/Src/stm32f4xx_hal_flash.c.obj
LOAD ../../boards/DJI_Board_TypeA/CMakeFiles/DJI_Board_TypeA.dir/Drivers/STM32F4xx_HAL_Driver/Src/stm32f4xx_hal_flash_ex.c.obj
LOAD ../../boards/DJI_Board_TypeA/CMakeFiles/DJI_Board_TypeA.dir/Drivers/STM32F4xx_HAL_Driver/Src/stm32f4xx_hal_flash_ramfunc.c.obj
LOAD ../../boards/DJI_Board_TypeA/CMakeFiles/DJI_Board_TypeA.dir/Drivers/STM32F4xx_HAL_Driver/Src/stm32f4xx_hal_gpio.c.obj
LOAD ../../boards/DJI_Board_TypeA/CMakeFiles/DJI_Board_TypeA.dir/Drivers/STM32F4xx_HAL_Driver/Src/stm32f4xx_hal_i2c.c.obj
LOAD ../../boards/DJI_Board_TypeA/CMakeFiles/DJI_Board_TypeA.dir/Drivers/STM32F4xx_HAL_Driver/Src/stm32f4xx_hal_i2c_ex.c.obj
LOAD ../../boards/DJI_Board_TypeA/CMakeFiles/DJI_Board_TypeA.dir/Drivers/STM32F4xx_HAL_Driver/Src/stm32f4xx_hal_pcd.c.obj
LOAD ../../boards/DJI_Board_TypeA/CMakeFiles/DJI_Board_TypeA.dir/Drivers/STM32F4xx_HAL_Driver/Src/stm32f4xx_hal_pcd_ex.c.obj
LOAD ../../boards/DJI_Board_TypeA/CMakeFiles/DJI_Board_TypeA.dir/Drivers/STM32F4xx_HAL_Driver/Src/stm32f4xx_hal_pwr.c.obj
LOAD ../../boards/DJI_Board_TypeA/CMakeFiles/DJI_Board_TypeA.dir/Drivers/STM32F4xx_HAL_Driver/Src/stm32f4xx_hal_pwr_ex.c.obj
LOAD ../../boards/DJI_Board_TypeA/CMakeFiles/DJI_Board_TypeA.dir/Drivers/STM32F4xx_HAL_Driver/Src/stm32f4xx_hal_rcc.c.obj
LOAD ../../boards/DJI_Board_TypeA/CMakeFiles/DJI_Board_TypeA.dir/Drivers/STM32F4xx_HAL_Driver/Src/stm32f4xx_hal_rcc_ex.c.obj
LOAD ../../boards/DJI_Board_TypeA/CMakeFiles/DJI_Board_TypeA.dir/Drivers/STM32F4xx_HAL_Driver/Src/stm32f4xx_hal_sd.c.obj
LOAD ../../boards/DJI_Board_TypeA/CMakeFiles/DJI_Board_TypeA.dir/Drivers/STM32F4xx_HAL_Driver/Src/stm32f4xx_hal_spi.c.obj
LOAD ../../boards/DJI_Board_TypeA/CMakeFiles/DJI_Board_TypeA.dir/Drivers/STM32F4xx_HAL_Driver/Src/stm32f4xx_hal_tim.c.obj
LOAD ../../boards/DJI_Board_TypeA/CMakeFiles/DJI_Board_TypeA.dir/Drivers/STM32F4xx_HAL_Driver/Src/stm32f4xx_hal_tim_ex.c.obj
LOAD ../../boards/DJI_Board_TypeA/CMakeFiles/DJI_Board_TypeA.dir/Drivers/STM32F4xx_HAL_Driver/Src/stm32f4xx_hal_uart.c.obj
LOAD ../../boards/DJI_Board_TypeA/CMakeFiles/DJI_Board_TypeA.dir/Drivers/STM32F4xx_HAL_Driver/Src/stm32f4xx_ll_sdmmc.c.obj
LOAD ../../boards/DJI_Board_TypeA/CMakeFiles/DJI_Board_TypeA.dir/Drivers/STM32F4xx_HAL_Driver/Src/stm32f4xx_ll_usb.c.obj
LOAD ../../boards/DJI_Board_TypeA/CMakeFiles/DJI_Board_TypeA.dir/Middlewares/ST/STM32_USB_Device_Library/Class/CDC/Src/usbd_cdc.c.obj
LOAD ../../boards/DJI_Board_TypeA/CMakeFiles/DJI_Board_TypeA.dir/Middlewares/ST/STM32_USB_Device_Library/Core/Src/usbd_core.c.obj
LOAD ../../boards/DJI_Board_TypeA/CMakeFiles/DJI_Board_TypeA.dir/Middlewares/ST/STM32_USB_Device_Library/Core/Src/usbd_ctlreq.c.obj
LOAD ../../boards/DJI_Board_TypeA/CMakeFiles/DJI_Board_TypeA.dir/Middlewares/ST/STM32_USB_Device_Library/Core/Src/usbd_ioreq.c.obj
LOAD ../../boards/DJI_Board_TypeA/CMakeFiles/DJI_Board_TypeA.dir/Middlewares/Third_Party/FatFs/src/diskio.c.obj
LOAD ../../boards/DJI_Board_TypeA/CMakeFiles/DJI_Board_TypeA.dir/Middlewares/Third_Party/FatFs/src/ff.c.obj
LOAD ../../boards/DJI_Board_TypeA/CMakeFiles/DJI_Board_TypeA.dir/Middlewares/Third_Party/FatFs/src/ff_gen_drv.c.obj
LOAD ../../boards/DJI_Board_TypeA/CMakeFiles/DJI_Board_TypeA.dir/Middlewares/Third_Party/FatFs/src/option/syscall.c.obj
LOAD ../../boards/DJI_Board_TypeA/CMakeFiles/DJI_Board_TypeA.dir/Middlewares/Third_Party/FreeRTOS/Source/CMSIS_RTOS_V2/cmsis_os2.c.obj
LOAD ../../boards/DJI_Board_TypeA/CMakeFiles/DJI_Board_TypeA.dir/Middlewares/Third_Party/FreeRTOS/Source/croutine.c.obj
LOAD ../../boards/DJI_Board_TypeA/CMakeFiles/DJI_Board_TypeA.dir/Middlewares/Third_Party/FreeRTOS/Source/event_groups.c.obj
LOAD ../../boards/DJI_Board_TypeA/CMakeFiles/DJI_Board_TypeA.dir/Middlewares/Third_Party/FreeRTOS/Source/list.c.obj
LOAD ../../boards/DJI_Board_TypeA/CMakeFiles/DJI_Board_TypeA.dir/Middlewares/Third_Party/FreeRTOS/Source/portable/GCC/ARM_CM4F/port.c.obj
LOAD ../../boards/DJI_Board_TypeA/CMakeFiles/DJI_Board_TypeA.dir/Middlewares/Third_Party/FreeRTOS/Source/portable/MemMang/heap_4.c.obj
LOAD ../../boards/DJI_Board_TypeA/CMakeFiles/DJI_Board_TypeA.dir/Middlewares/Third_Party/FreeRTOS/Source/queue.c.obj
LOAD ../../boards/DJI_Board_TypeA/CMakeFiles/DJI_Board_TypeA.dir/Middlewares/Third_Party/FreeRTOS/Source/stream_buffer.c.obj
LOAD ../../boards/DJI_Board_TypeA/CMakeFiles/DJI_Board_TypeA.dir/Middlewares/Third_Party/FreeRTOS/Source/tasks.c.obj
LOAD ../../boards/DJI_Board_TypeA/CMakeFiles/DJI_Board_TypeA.dir/Middlewares/Third_Party/FreeRTOS/Source/timers.c.obj
LOAD ../../boards/DJI_Board_TypeA/CMakeFiles/DJI_Board_TypeA.dir/startup_stm32f427xx.s.obj
LOAD ../../shared/CMakeFiles/DJI_Board_TypeA_irm.dir/bsp/bsp_buzzer.cc.obj
LOAD ../../shared/CMakeFiles/DJI_Board_TypeA_irm.dir/bsp/bsp_can.cc.obj
LOAD ../../shared/CMakeFiles/DJI_Board_TypeA_irm.dir/bsp/bsp_can_bridge.cc.obj
LOAD ../../shared/CMakeFiles/DJI_Board_TypeA_irm.dir/bsp/bsp_error_handler.cc.obj
LOAD ../../shared/CMakeFiles/DJI_Board_TypeA_irm.dir/bsp/bsp_gpio.cc.obj
LOAD ../../shared/CMakeFiles/DJI_Board_TypeA_irm.dir/bsp/bsp_heater.cc.obj
LOAD ../../shared/CMakeFiles/DJI_Board_TypeA_irm.dir/bsp/bsp_imu.cc.obj
LOAD ../../shared/CMakeFiles/DJI_Board_TypeA_irm.dir/bsp/bsp_laser.cc.obj
LOAD ../../shared/CMakeFiles/DJI_Board_TypeA_irm.dir/bsp/bsp_memory.cc.obj
LOAD ../../shared/CMakeFiles/DJI_Board_TypeA_irm.dir/bsp/bsp_os.cc.obj
LOAD ../../shared/CMakeFiles/DJI_Board_TypeA_irm.dir/bsp/bsp_print.cc.obj
LOAD ../../shared/CMakeFiles/DJI_Board_TypeA_irm.dir/bsp/bsp_pwm.cc.obj
LOAD ../../shared/CMakeFiles/DJI_Board_TypeA_irm.dir/bsp/bsp_relay.cc.obj
LOAD ../../shared/CMakeFiles/DJI_Board_TypeA_irm.dir/bsp/bsp_sdio.cc.obj
LOAD ../../shared/CMakeFiles/DJI_Board_TypeA_irm.dir/bsp/bsp_uart.cc.obj
LOAD ../../shared/CMakeFiles/DJI_Board_TypeA_irm.dir/bsp/bsp_ultrasonic.cc.obj
LOAD ../../shared/CMakeFiles/DJI_Board_TypeA_irm.dir/bsp/bsp_usb.cc.obj
LOAD ../../shared/CMakeFiles/DJI_Board_TypeA_irm.dir/libraries/chassis.cc.obj
LOAD ../../shared/CMakeFiles/DJI_Board_TypeA_irm.dir/libraries/controller.cc.obj
LOAD ../../shared/CMakeFiles/DJI_Board_TypeA_irm.dir/libraries/dbus.cc.obj
LOAD ../../shared/CMakeFiles/DJI_Board_TypeA_irm.dir/libraries/fortress.cc.obj
LOAD ../../shared/CMakeFiles/DJI_Board_TypeA_irm.dir/libraries/gimbal.cc.obj
LOAD ../../shared/CMakeFiles/DJI_Board_TypeA_irm.dir/libraries/lidar07.cc.obj
LOAD ../../shared/CMakeFiles/DJI_Board_TypeA_irm.dir/libraries/minipc.cc.obj
LOAD ../../shared/CMakeFiles/DJI_Board_TypeA_irm.dir/libraries/motor.cc.obj
LOAD ../../shared/CMakeFiles/DJI_Board_TypeA_irm.dir/libraries/oled.cc.obj
LOAD ../../shared/CMakeFiles/DJI_Board_TypeA_irm.dir/libraries/pose.cc.obj
LOAD ../../shared/CMakeFiles/DJI_Board_TypeA_irm.dir/libraries/power_limit.cc.obj
LOAD ../../shared/CMakeFiles/DJI_Board_TypeA_irm.dir/libraries/protocol.cc.obj
LOAD ../../shared/CMakeFiles/DJI_Board_TypeA_irm.dir/libraries/rgb.cc.obj
LOAD ../../shared/CMakeFiles/DJI_Board_TypeA_irm.dir/libraries/shooter.cc.obj
LOAD ../../shared/CMakeFiles/DJI_Board_TypeA_irm.dir/libraries/steering.cc.obj
LOAD ../../shared/CMakeFiles/DJI_Board_TypeA_irm.dir/libraries/stepper.cc.obj
LOAD ../../shared/CMakeFiles/DJI_Board_TypeA_irm.dir/libraries/supercap.cc.obj
LOAD ../../shared/CMakeFiles/DJI_Board_TypeA_irm.dir/libraries/user_interface.cc.obj
LOAD ../../shared/CMakeFiles/DJI_Board_TypeA_irm.dir/libraries/utils.cc.obj
LOAD ../../shared/CMakeFiles/DJI_Board_TypeA_irm.dir/third_party/MahonyAHRS.c.obj
LOAD ../../shared/CMakeFiles/DJI_Board_TypeA_irm.dir/third_party/crc_check.c.obj
LOAD ../../shared/CMakeFiles/DJI_Board_TypeA_irm.dir/third_party/printf.c.obj
LOAD ../../boards/DJI_Board_TypeA/libDJI_Board_TypeA_libDSP.a
LOAD /Users/chensihan/Downloads/gcc-arm-none-eabi-10.3-2021.10/bin/../lib/gcc/arm-none-eabi/10.3.1/../../../../arm-none-eabi/lib/thumb/v7e-m+fp/hard/libstdc++_nano.a
LOAD /Users/chensihan/Downloads/gcc-arm-none-eabi-10.3-2021.10/bin/../lib/gcc/arm-none-eabi/10.3.1/../../../../arm-none-eabi/lib/thumb/v7e-m+fp/hard/libm.a
LOAD /Users/chensihan/Downloads/gcc-arm-none-eabi-10.3-2021.10/bin/../lib/gcc/arm-none-eabi/10.3.1/../../../../arm-none-eabi/lib/thumb/v7e-m+fp/hard/libc_nano.a
START GROUP
LOAD /Users/chensihan/Downloads/gcc-arm-none-eabi-10.3-2021.10/bin/../lib/gcc/arm-none-eabi/10.3.1/thumb/v7e-m+fp/hard/libgcc.a
LOAD /Users/chensihan/Downloads/gcc-arm-none-eabi-10.3-2021.10/bin/../lib/gcc/arm-none-eabi/10.3.1/../../../../arm-none-eabi/lib/thumb/v7e-m+fp/hard/libc_nano.a
END GROUP
START GROUP
LOAD /Users/chensihan/Downloads/gcc-arm-none-eabi-10.3-2021.10/bin/../lib/gcc/arm-none-eabi/10.3.1/thumb/v7e-m+fp/hard/libgcc.a
LOAD /Users/chensihan/Downloads/gcc-arm-none-eabi-10.3-2021.10/bin/../lib/gcc/arm-none-eabi/10.3.1/../../../../arm-none-eabi/lib/thumb/v7e-m+fp/hard/libc_nano.a
LOAD /Users/chensihan/Downloads/gcc-arm-none-eabi-10.3-2021.10/bin/../lib/gcc/arm-none-eabi/10.3.1/../../../../arm-none-eabi/lib/thumb/v7e-m+fp/hard/libnosys.a
END GROUP
START GROUP
LOAD /Users/chensihan/Downloads/gcc-arm-none-eabi-10.3-2021.10/bin/../lib/gcc/arm-none-eabi/10.3.1/thumb/v7e-m+fp/hard/libgcc.a
LOAD /Users/chensihan/Downloads/gcc-arm-none-eabi-10.3-2021.10/bin/../lib/gcc/arm-none-eabi/10.3.1/../../../../arm-none-eabi/lib/thumb/v7e-m+fp/hard/libc_nano.a
LOAD /Users/chensihan/Downloads/gcc-arm-none-eabi-10.3-2021.10/bin/../lib/gcc/arm-none-eabi/10.3.1/../../../../arm-none-eabi/lib/thumb/v7e-m+fp/hard/libnosys.a
END GROUP
LOAD /Users/chensihan/Downloads/gcc-arm-none-eabi-10.3-2021.10/bin/../lib/gcc/arm-none-eabi/10.3.1/thumb/v7e-m+fp/hard/crtend.o
LOAD /Users/chensihan/Downloads/gcc-arm-none-eabi-10.3-2021.10/bin/../lib/gcc/arm-none-eabi/10.3.1/thumb/v7e-m+fp/hard/crtn.o
                0x0000000020030000                _estack = 0x20030000
                0x0000000000000600                _Min_Heap_Size = 0x600
                0x0000000000000800                _Min_Stack_Size = 0x800

.isr_vector     0x0000000008000000      0x1ac
                0x0000000008000000                . = ALIGN (0x4)
 *(.isr_vector)
 .isr_vector    0x0000000008000000      0x1ac ../../boards/DJI_Board_TypeA/CMakeFiles/DJI_Board_TypeA.dir/startup_stm32f427xx.s.obj
                0x0000000008000000                g_pfnVectors
                0x00000000080001ac                . = ALIGN (0x4)

.text           0x00000000080001b0     0xe0ac
                0x00000000080001b0                . = ALIGN (0x4)
 *(.text)
 .text          0x00000000080001b0       0x40 /Users/chensihan/Downloads/gcc-arm-none-eabi-10.3-2021.10/bin/../lib/gcc/arm-none-eabi/10.3.1/thumb/v7e-m+fp/hard/crtbegin.o
 .text          0x00000000080001f0       0x14 /Users/chensihan/Downloads/gcc-arm-none-eabi-10.3-2021.10/bin/../lib/gcc/arm-none-eabi/10.3.1/../../../../arm-none-eabi/lib/thumb/v7e-m+fp/hard/libc_nano.a(lib_a-strcmp.o)
                0x00000000080001f0                strcmp
 .text          0x0000000008000204      0x378 /Users/chensihan/Downloads/gcc-arm-none-eabi-10.3-2021.10/bin/../lib/gcc/arm-none-eabi/10.3.1/thumb/v7e-m+fp/hard/libgcc.a(_arm_addsubdf3.o)
                0x0000000008000204                __aeabi_drsub
                0x000000000800020c                __subdf3
                0x000000000800020c                __aeabi_dsub
                0x0000000008000210                __aeabi_dadd
                0x0000000008000210                __adddf3
                0x0000000008000488                __aeabi_ui2d
                0x0000000008000488                __floatunsidf
                0x00000000080004a8                __floatsidf
                0x00000000080004a8                __aeabi_i2d
                0x00000000080004cc                __extendsfdf2
                0x00000000080004cc                __aeabi_f2d
                0x0000000008000510                __aeabi_ul2d
                0x0000000008000510                __floatundidf
                0x0000000008000520                __aeabi_l2d
                0x0000000008000520                __floatdidf
 .text          0x000000000800057c      0x424 /Users/chensihan/Downloads/gcc-arm-none-eabi-10.3-2021.10/bin/../lib/gcc/arm-none-eabi/10.3.1/thumb/v7e-m+fp/hard/libgcc.a(_arm_muldivdf3.o)
                0x000000000800057c                __aeabi_dmul
                0x000000000800057c                __muldf3
                0x00000000080007d0                __aeabi_ddiv
                0x00000000080007d0                __divdf3
 .text          0x00000000080009a0       0xa0 /Users/chensihan/Downloads/gcc-arm-none-eabi-10.3-2021.10/bin/../lib/gcc/arm-none-eabi/10.3.1/thumb/v7e-m+fp/hard/libgcc.a(_arm_truncdfsf2.o)
                0x00000000080009a0                __aeabi_d2f
                0x00000000080009a0                __truncdfsf2
 .text          0x0000000008000a40       0x30 /Users/chensihan/Downloads/gcc-arm-none-eabi-10.3-2021.10/bin/../lib/gcc/arm-none-eabi/10.3.1/thumb/v7e-m+fp/hard/libgcc.a(_aeabi_uldivmod.o)
                0x0000000008000a40                __aeabi_uldivmod
 .text          0x0000000008000a70      0x2d0 /Users/chensihan/Downloads/gcc-arm-none-eabi-10.3-2021.10/bin/../lib/gcc/arm-none-eabi/10.3.1/thumb/v7e-m+fp/hard/libgcc.a(_udivmoddi4.o)
                0x0000000008000a70                __udivmoddi4
 .text          0x0000000008000d40        0x4 /Users/chensihan/Downloads/gcc-arm-none-eabi-10.3-2021.10/bin/../lib/gcc/arm-none-eabi/10.3.1/thumb/v7e-m+fp/hard/libgcc.a(_dvmd_tls.o)
                0x0000000008000d40                __aeabi_ldiv0
                0x0000000008000d40                __aeabi_idiv0
 *(.text*)
 .text._Z12jam_callbackPN7control10ServoMotorENS_11servo_jam_tE
                0x0000000008000d44       0x6c CMakeFiles/example_motor_m3508_antijam.elf.dir/m3508_antijam.cc.obj
                0x0000000008000d44                jam_callback(control::ServoMotor*, control::servo_jam_t)
 .text.RM_RTOS_Init
                0x0000000008000db0       0xf0 CMakeFiles/example_motor_m3508_antijam.elf.dir/m3508_antijam.cc.obj
                0x0000000008000db0                RM_RTOS_Init
 .text.RM_RTOS_Default_Task
                0x0000000008000ea0       0x94 CMakeFiles/example_motor_m3508_antijam.elf.dir/m3508_antijam.cc.obj
                0x0000000008000ea0                RM_RTOS_Default_Task
 .text.startup._GLOBAL__sub_I_can1
                0x0000000008000f34        0xc CMakeFiles/example_motor_m3508_antijam.elf.dir/m3508_antijam.cc.obj
 .text.MX_ADC1_Init
                0x0000000008000f40       0xcc ../../boards/DJI_Board_TypeA/CMakeFiles/DJI_Board_TypeA.dir/Core/Src/adc.c.obj
                0x0000000008000f40                MX_ADC1_Init
 .text.HAL_ADC_MspInit
                0x000000000800100c       0xe4 ../../boards/DJI_Board_TypeA/CMakeFiles/DJI_Board_TypeA.dir/Core/Src/adc.c.obj
                0x000000000800100c                HAL_ADC_MspInit
 .text.MX_CAN1_Init
                0x00000000080010f0       0x40 ../../boards/DJI_Board_TypeA/CMakeFiles/DJI_Board_TypeA.dir/Core/Src/can.c.obj
                0x00000000080010f0                MX_CAN1_Init
 .text.MX_CAN2_Init
                0x0000000008001130       0x40 ../../boards/DJI_Board_TypeA/CMakeFiles/DJI_Board_TypeA.dir/Core/Src/can.c.obj
                0x0000000008001130                MX_CAN2_Init
 .text.HAL_CAN_MspInit
                0x0000000008001170      0x150 ../../boards/DJI_Board_TypeA/CMakeFiles/DJI_Board_TypeA.dir/Core/Src/can.c.obj
                0x0000000008001170                HAL_CAN_MspInit
 .text.MX_DMA_Init
                0x00000000080012c0      0x10c ../../boards/DJI_Board_TypeA/CMakeFiles/DJI_Board_TypeA.dir/Core/Src/dma.c.obj
                0x00000000080012c0                MX_DMA_Init
 .text.RM_RTOS_Mutexes_Init
                0x00000000080013cc        0x4 ../../boards/DJI_Board_TypeA/CMakeFiles/DJI_Board_TypeA.dir/Core/Src/freertos.c.obj
                0x00000000080013cc                RM_RTOS_Mutexes_Init
 .text.RM_RTOS_Semaphores_Init
                0x00000000080013d0        0x4 ../../boards/DJI_Board_TypeA/CMakeFiles/DJI_Board_TypeA.dir/Core/Src/freertos.c.obj
                0x00000000080013d0                RM_RTOS_Semaphores_Init
 .text.RM_RTOS_Timers_Init
                0x00000000080013d4        0x4 ../../boards/DJI_Board_TypeA/CMakeFiles/DJI_Board_TypeA.dir/Core/Src/freertos.c.obj
                0x00000000080013d4                RM_RTOS_Timers_Init
 .text.RM_RTOS_Queues_Init
                0x00000000080013d8        0x4 ../../boards/DJI_Board_TypeA/CMakeFiles/DJI_Board_TypeA.dir/Core/Src/freertos.c.obj
                0x00000000080013d8                RM_RTOS_Queues_Init
 .text.RM_RTOS_Threads_Init
                0x00000000080013dc        0x4 ../../boards/DJI_Board_TypeA/CMakeFiles/DJI_Board_TypeA.dir/Core/Src/freertos.c.obj
                0x00000000080013dc                RM_RTOS_Threads_Init
 .text.RM_RTOS_Ready
                0x00000000080013e0        0x4 ../../boards/DJI_Board_TypeA/CMakeFiles/DJI_Board_TypeA.dir/Core/Src/freertos.c.obj
                0x00000000080013e0                RM_RTOS_Ready
 .text.StartDefaultTask
                0x00000000080013e4       0x18 ../../boards/DJI_Board_TypeA/CMakeFiles/DJI_Board_TypeA.dir/Core/Src/freertos.c.obj
                0x00000000080013e4                StartDefaultTask
 .text.MX_FREERTOS_Init
                0x00000000080013fc       0x3c ../../boards/DJI_Board_TypeA/CMakeFiles/DJI_Board_TypeA.dir/Core/Src/freertos.c.obj
                0x00000000080013fc                MX_FREERTOS_Init
 .text.MX_GPIO_Init
                0x0000000008001438      0x2fc ../../boards/DJI_Board_TypeA/CMakeFiles/DJI_Board_TypeA.dir/Core/Src/gpio.c.obj
                0x0000000008001438                MX_GPIO_Init
 .text.MX_I2C2_Init
                0x0000000008001734       0x70 ../../boards/DJI_Board_TypeA/CMakeFiles/DJI_Board_TypeA.dir/Core/Src/i2c.c.obj
                0x0000000008001734                MX_I2C2_Init
 .text.HAL_I2C_MspInit
                0x00000000080017a4       0x74 ../../boards/DJI_Board_TypeA/CMakeFiles/DJI_Board_TypeA.dir/Core/Src/i2c.c.obj
                0x00000000080017a4                HAL_I2C_MspInit
 .text.SystemClock_Config
                0x0000000008001818       0xa8 ../../boards/DJI_Board_TypeA/CMakeFiles/DJI_Board_TypeA.dir/Core/Src/main.c.obj
                0x0000000008001818                SystemClock_Config
 .text.startup.main
                0x00000000080018c0       0x68 ../../boards/DJI_Board_TypeA/CMakeFiles/DJI_Board_TypeA.dir/Core/Src/main.c.obj
                0x00000000080018c0                main
 .text.HAL_TIM_PeriodElapsedCallback
                0x0000000008001928       0x14 ../../boards/DJI_Board_TypeA/CMakeFiles/DJI_Board_TypeA.dir/Core/Src/main.c.obj
                0x0000000008001928                HAL_TIM_PeriodElapsedCallback
 .text.Error_Handler
                0x000000000800193c        0x4 ../../boards/DJI_Board_TypeA/CMakeFiles/DJI_Board_TypeA.dir/Core/Src/main.c.obj
                0x000000000800193c                Error_Handler
 .text.MX_SDIO_SD_Init
                0x0000000008001940       0x20 ../../boards/DJI_Board_TypeA/CMakeFiles/DJI_Board_TypeA.dir/Core/Src/sdio.c.obj
                0x0000000008001940                MX_SDIO_SD_Init
 .text.HAL_SD_MspInit
                0x0000000008001960      0x16c ../../boards/DJI_Board_TypeA/CMakeFiles/DJI_Board_TypeA.dir/Core/Src/sdio.c.obj
                0x0000000008001960                HAL_SD_MspInit
 .text.MX_SPI1_Init
                0x0000000008001acc       0x44 ../../boards/DJI_Board_TypeA/CMakeFiles/DJI_Board_TypeA.dir/Core/Src/spi.c.obj
                0x0000000008001acc                MX_SPI1_Init
 .text.MX_SPI5_Init
                0x0000000008001b10       0x44 ../../boards/DJI_Board_TypeA/CMakeFiles/DJI_Board_TypeA.dir/Core/Src/spi.c.obj
                0x0000000008001b10                MX_SPI5_Init
 .text.HAL_SPI_MspInit
                0x0000000008001b54      0x178 ../../boards/DJI_Board_TypeA/CMakeFiles/DJI_Board_TypeA.dir/Core/Src/spi.c.obj
                0x0000000008001b54                HAL_SPI_MspInit
 .text.HAL_MspInit
                0x0000000008001ccc       0x40 ../../boards/DJI_Board_TypeA/CMakeFiles/DJI_Board_TypeA.dir/Core/Src/stm32f4xx_hal_msp.c.obj
                0x0000000008001ccc                HAL_MspInit
 .text.HAL_InitTick
                0x0000000008001d0c       0x80 ../../boards/DJI_Board_TypeA/CMakeFiles/DJI_Board_TypeA.dir/Core/Src/stm32f4xx_hal_timebase_tim.c.obj
                0x0000000008001d0c                HAL_InitTick
 .text.NMI_Handler
                0x0000000008001d8c        0x4 ../../boards/DJI_Board_TypeA/CMakeFiles/DJI_Board_TypeA.dir/Core/Src/stm32f4xx_it.c.obj
                0x0000000008001d8c                NMI_Handler
 .text.HardFault_Handler
                0x0000000008001d90        0x4 ../../boards/DJI_Board_TypeA/CMakeFiles/DJI_Board_TypeA.dir/Core/Src/stm32f4xx_it.c.obj
                0x0000000008001d90                HardFault_Handler
 .text.MemManage_Handler
                0x0000000008001d94        0x4 ../../boards/DJI_Board_TypeA/CMakeFiles/DJI_Board_TypeA.dir/Core/Src/stm32f4xx_it.c.obj
                0x0000000008001d94                MemManage_Handler
 .text.BusFault_Handler
                0x0000000008001d98        0x4 ../../boards/DJI_Board_TypeA/CMakeFiles/DJI_Board_TypeA.dir/Core/Src/stm32f4xx_it.c.obj
                0x0000000008001d98                BusFault_Handler
 .text.UsageFault_Handler
                0x0000000008001d9c        0x4 ../../boards/DJI_Board_TypeA/CMakeFiles/DJI_Board_TypeA.dir/Core/Src/stm32f4xx_it.c.obj
                0x0000000008001d9c                UsageFault_Handler
 .text.DebugMon_Handler
                0x0000000008001da0        0x4 ../../boards/DJI_Board_TypeA/CMakeFiles/DJI_Board_TypeA.dir/Core/Src/stm32f4xx_it.c.obj
                0x0000000008001da0                DebugMon_Handler
 .text.EXTI4_IRQHandler
                0x0000000008001da4        0x8 ../../boards/DJI_Board_TypeA/CMakeFiles/DJI_Board_TypeA.dir/Core/Src/stm32f4xx_it.c.obj
                0x0000000008001da4                EXTI4_IRQHandler
 .text.DMA1_Stream0_IRQHandler
                0x0000000008001dac        0xc ../../boards/DJI_Board_TypeA/CMakeFiles/DJI_Board_TypeA.dir/Core/Src/stm32f4xx_it.c.obj
                0x0000000008001dac                DMA1_Stream0_IRQHandler
 .text.DMA1_Stream1_IRQHandler
                0x0000000008001db8        0xc ../../boards/DJI_Board_TypeA/CMakeFiles/DJI_Board_TypeA.dir/Core/Src/stm32f4xx_it.c.obj
                0x0000000008001db8                DMA1_Stream1_IRQHandler
 .text.DMA1_Stream3_IRQHandler
                0x0000000008001dc4        0xc ../../boards/DJI_Board_TypeA/CMakeFiles/DJI_Board_TypeA.dir/Core/Src/stm32f4xx_it.c.obj
                0x0000000008001dc4                DMA1_Stream3_IRQHandler
 .text.DMA1_Stream4_IRQHandler
                0x0000000008001dd0        0xc ../../boards/DJI_Board_TypeA/CMakeFiles/DJI_Board_TypeA.dir/Core/Src/stm32f4xx_it.c.obj
                0x0000000008001dd0                DMA1_Stream4_IRQHandler
 .text.DMA1_Stream6_IRQHandler
                0x0000000008001ddc        0xc ../../boards/DJI_Board_TypeA/CMakeFiles/DJI_Board_TypeA.dir/Core/Src/stm32f4xx_it.c.obj
                0x0000000008001ddc                DMA1_Stream6_IRQHandler
 .text.ADC_IRQHandler
                0x0000000008001de8        0xc ../../boards/DJI_Board_TypeA/CMakeFiles/DJI_Board_TypeA.dir/Core/Src/stm32f4xx_it.c.obj
                0x0000000008001de8                ADC_IRQHandler
 .text.CAN1_TX_IRQHandler
                0x0000000008001df4        0xc ../../boards/DJI_Board_TypeA/CMakeFiles/DJI_Board_TypeA.dir/Core/Src/stm32f4xx_it.c.obj
                0x0000000008001df4                CAN1_TX_IRQHandler
 .text.CAN1_RX0_IRQHandler
                0x0000000008001e00        0xc ../../boards/DJI_Board_TypeA/CMakeFiles/DJI_Board_TypeA.dir/Core/Src/stm32f4xx_it.c.obj
                0x0000000008001e00                CAN1_RX0_IRQHandler
 .text.EXTI9_5_IRQHandler
                0x0000000008001e0c       0x14 ../../boards/DJI_Board_TypeA/CMakeFiles/DJI_Board_TypeA.dir/Core/Src/stm32f4xx_it.c.obj
                0x0000000008001e0c                EXTI9_5_IRQHandler
 .text.TIM3_IRQHandler
                0x0000000008001e20        0xc ../../boards/DJI_Board_TypeA/CMakeFiles/DJI_Board_TypeA.dir/Core/Src/stm32f4xx_it.c.obj
                0x0000000008001e20                TIM3_IRQHandler
 .text.USART1_IRQHandler
                0x0000000008001e2c       0x18 ../../boards/DJI_Board_TypeA/CMakeFiles/DJI_Board_TypeA.dir/Core/Src/stm32f4xx_it.c.obj
                0x0000000008001e2c                USART1_IRQHandler
 .text.USART3_IRQHandler
                0x0000000008001e44       0x18 ../../boards/DJI_Board_TypeA/CMakeFiles/DJI_Board_TypeA.dir/Core/Src/stm32f4xx_it.c.obj
                0x0000000008001e44                USART3_IRQHandler
 .text.TIM8_BRK_TIM12_IRQHandler
                0x0000000008001e5c        0xc ../../boards/DJI_Board_TypeA/CMakeFiles/DJI_Board_TypeA.dir/Core/Src/stm32f4xx_it.c.obj
                0x0000000008001e5c                TIM8_BRK_TIM12_IRQHandler
 .text.SDIO_IRQHandler
                0x0000000008001e68        0xc ../../boards/DJI_Board_TypeA/CMakeFiles/DJI_Board_TypeA.dir/Core/Src/stm32f4xx_it.c.obj
                0x0000000008001e68                SDIO_IRQHandler
 .text.DMA2_Stream0_IRQHandler
                0x0000000008001e74        0xc ../../boards/DJI_Board_TypeA/CMakeFiles/DJI_Board_TypeA.dir/Core/Src/stm32f4xx_it.c.obj
                0x0000000008001e74                DMA2_Stream0_IRQHandler
 .text.DMA2_Stream1_IRQHandler
                0x0000000008001e80        0xc ../../boards/DJI_Board_TypeA/CMakeFiles/DJI_Board_TypeA.dir/Core/Src/stm32f4xx_it.c.obj
                0x0000000008001e80                DMA2_Stream1_IRQHandler
 .text.DMA2_Stream2_IRQHandler
                0x0000000008001e8c        0xc ../../boards/DJI_Board_TypeA/CMakeFiles/DJI_Board_TypeA.dir/Core/Src/stm32f4xx_it.c.obj
                0x0000000008001e8c                DMA2_Stream2_IRQHandler
 .text.DMA2_Stream3_IRQHandler
                0x0000000008001e98        0xc ../../boards/DJI_Board_TypeA/CMakeFiles/DJI_Board_TypeA.dir/Core/Src/stm32f4xx_it.c.obj
                0x0000000008001e98                DMA2_Stream3_IRQHandler
 .text.DMA2_Stream4_IRQHandler
                0x0000000008001ea4        0xc ../../boards/DJI_Board_TypeA/CMakeFiles/DJI_Board_TypeA.dir/Core/Src/stm32f4xx_it.c.obj
                0x0000000008001ea4                DMA2_Stream4_IRQHandler
 .text.CAN2_TX_IRQHandler
                0x0000000008001eb0        0xc ../../boards/DJI_Board_TypeA/CMakeFiles/DJI_Board_TypeA.dir/Core/Src/stm32f4xx_it.c.obj
                0x0000000008001eb0                CAN2_TX_IRQHandler
 .text.CAN2_RX0_IRQHandler
                0x0000000008001ebc        0xc ../../boards/DJI_Board_TypeA/CMakeFiles/DJI_Board_TypeA.dir/Core/Src/stm32f4xx_it.c.obj
                0x0000000008001ebc                CAN2_RX0_IRQHandler
 .text.OTG_FS_IRQHandler
                0x0000000008001ec8        0xc ../../boards/DJI_Board_TypeA/CMakeFiles/DJI_Board_TypeA.dir/Core/Src/stm32f4xx_it.c.obj
                0x0000000008001ec8                OTG_FS_IRQHandler
 .text.DMA2_Stream5_IRQHandler
                0x0000000008001ed4        0xc ../../boards/DJI_Board_TypeA/CMakeFiles/DJI_Board_TypeA.dir/Core/Src/stm32f4xx_it.c.obj
                0x0000000008001ed4                DMA2_Stream5_IRQHandler
 .text.DMA2_Stream6_IRQHandler
                0x0000000008001ee0        0xc ../../boards/DJI_Board_TypeA/CMakeFiles/DJI_Board_TypeA.dir/Core/Src/stm32f4xx_it.c.obj
                0x0000000008001ee0                DMA2_Stream6_IRQHandler
 .text.DMA2_Stream7_IRQHandler
                0x0000000008001eec        0xc ../../boards/DJI_Board_TypeA/CMakeFiles/DJI_Board_TypeA.dir/Core/Src/stm32f4xx_it.c.obj
                0x0000000008001eec                DMA2_Stream7_IRQHandler
 .text.USART6_IRQHandler
                0x0000000008001ef8       0x18 ../../boards/DJI_Board_TypeA/CMakeFiles/DJI_Board_TypeA.dir/Core/Src/stm32f4xx_it.c.obj
                0x0000000008001ef8                USART6_IRQHandler
 .text.UART7_IRQHandler
                0x0000000008001f10       0x18 ../../boards/DJI_Board_TypeA/CMakeFiles/DJI_Board_TypeA.dir/Core/Src/stm32f4xx_it.c.obj
                0x0000000008001f10                UART7_IRQHandler
 .text.UART8_IRQHandler
                0x0000000008001f28       0x18 ../../boards/DJI_Board_TypeA/CMakeFiles/DJI_Board_TypeA.dir/Core/Src/stm32f4xx_it.c.obj
                0x0000000008001f28                UART8_IRQHandler
 .text.SystemInit
                0x0000000008001f40       0x50 ../../boards/DJI_Board_TypeA/CMakeFiles/DJI_Board_TypeA.dir/Core/Src/system_stm32f4xx.c.obj
                0x0000000008001f40                SystemInit
 .text.MX_TIM2_Init
                0x0000000008001f90       0x74 ../../boards/DJI_Board_TypeA/CMakeFiles/DJI_Board_TypeA.dir/Core/Src/tim.c.obj
                0x0000000008001f90                MX_TIM2_Init
 .text.HAL_TIM_Base_MspInit
                0x0000000008002004       0xe0 ../../boards/DJI_Board_TypeA/CMakeFiles/DJI_Board_TypeA.dir/Core/Src/tim.c.obj
                0x0000000008002004                HAL_TIM_Base_MspInit
 *fill*         0x00000000080020e4        0x4 
 .text.HAL_TIM_MspPostInit
                0x00000000080020e8      0x168 ../../boards/DJI_Board_TypeA/CMakeFiles/DJI_Board_TypeA.dir/Core/Src/tim.c.obj
                0x00000000080020e8                HAL_TIM_MspPostInit
 .text.MX_TIM1_Init
                0x0000000008002250      0x118 ../../boards/DJI_Board_TypeA/CMakeFiles/DJI_Board_TypeA.dir/Core/Src/tim.c.obj
                0x0000000008002250                MX_TIM1_Init
 .text.MX_TIM4_Init
                0x0000000008002368      0x108 ../../boards/DJI_Board_TypeA/CMakeFiles/DJI_Board_TypeA.dir/Core/Src/tim.c.obj
                0x0000000008002368                MX_TIM4_Init
 .text.MX_TIM5_Init
                0x0000000008002470      0x100 ../../boards/DJI_Board_TypeA/CMakeFiles/DJI_Board_TypeA.dir/Core/Src/tim.c.obj
                0x0000000008002470                MX_TIM5_Init
 .text.MX_TIM12_Init
                0x0000000008002570       0xb8 ../../boards/DJI_Board_TypeA/CMakeFiles/DJI_Board_TypeA.dir/Core/Src/tim.c.obj
                0x0000000008002570                MX_TIM12_Init
 .text.MX_UART7_Init
                0x0000000008002628       0x38 ../../boards/DJI_Board_TypeA/CMakeFiles/DJI_Board_TypeA.dir/Core/Src/usart.c.obj
                0x0000000008002628                MX_UART7_Init
 .text.MX_UART8_Init
                0x0000000008002660       0x38 ../../boards/DJI_Board_TypeA/CMakeFiles/DJI_Board_TypeA.dir/Core/Src/usart.c.obj
                0x0000000008002660                MX_UART8_Init
 .text.MX_USART1_UART_Init
                0x0000000008002698       0x40 ../../boards/DJI_Board_TypeA/CMakeFiles/DJI_Board_TypeA.dir/Core/Src/usart.c.obj
                0x0000000008002698                MX_USART1_UART_Init
 .text.MX_USART3_UART_Init
                0x00000000080026d8       0x38 ../../boards/DJI_Board_TypeA/CMakeFiles/DJI_Board_TypeA.dir/Core/Src/usart.c.obj
                0x00000000080026d8                MX_USART3_UART_Init
 .text.MX_USART6_UART_Init
                0x0000000008002710       0x38 ../../boards/DJI_Board_TypeA/CMakeFiles/DJI_Board_TypeA.dir/Core/Src/usart.c.obj
                0x0000000008002710                MX_USART6_UART_Init
 .text.HAL_UART_MspInit
                0x0000000008002748      0x41c ../../boards/DJI_Board_TypeA/CMakeFiles/DJI_Board_TypeA.dir/Core/Src/usart.c.obj
                0x0000000008002748                HAL_UART_MspInit
 .text.MX_FATFS_Init
                0x0000000008002b64       0x1c ../../boards/DJI_Board_TypeA/CMakeFiles/DJI_Board_TypeA.dir/FATFS/App/fatfs.c.obj
                0x0000000008002b64                MX_FATFS_Init
 .text.BSP_SD_ReadBlocks_DMA
                0x0000000008002b80       0x1c ../../boards/DJI_Board_TypeA/CMakeFiles/DJI_Board_TypeA.dir/FATFS/Target/bsp_driver_sd.c.obj
                0x0000000008002b80                BSP_SD_ReadBlocks_DMA
 .text.BSP_SD_WriteBlocks_DMA
                0x0000000008002b9c       0x1c ../../boards/DJI_Board_TypeA/CMakeFiles/DJI_Board_TypeA.dir/FATFS/Target/bsp_driver_sd.c.obj
                0x0000000008002b9c                BSP_SD_WriteBlocks_DMA
 .text.BSP_SD_GetCardState
                0x0000000008002bb8       0x14 ../../boards/DJI_Board_TypeA/CMakeFiles/DJI_Board_TypeA.dir/FATFS/Target/bsp_driver_sd.c.obj
                0x0000000008002bb8                BSP_SD_GetCardState
 .text.BSP_SD_GetCardInfo
                0x0000000008002bcc        0xc ../../boards/DJI_Board_TypeA/CMakeFiles/DJI_Board_TypeA.dir/FATFS/Target/bsp_driver_sd.c.obj
                0x0000000008002bcc                BSP_SD_GetCardInfo
 .text.BSP_SD_AbortCallback
                0x0000000008002bd8        0x4 ../../boards/DJI_Board_TypeA/CMakeFiles/DJI_Board_TypeA.dir/FATFS/Target/bsp_driver_sd.c.obj
                0x0000000008002bd8                BSP_SD_AbortCallback
 .text.HAL_SD_AbortCallback
                0x0000000008002bdc        0x8 ../../boards/DJI_Board_TypeA/CMakeFiles/DJI_Board_TypeA.dir/FATFS/Target/bsp_driver_sd.c.obj
                0x0000000008002bdc                HAL_SD_AbortCallback
 .text.HAL_SD_TxCpltCallback
                0x0000000008002be4        0x8 ../../boards/DJI_Board_TypeA/CMakeFiles/DJI_Board_TypeA.dir/FATFS/Target/bsp_driver_sd.c.obj
                0x0000000008002be4                HAL_SD_TxCpltCallback
 .text.HAL_SD_RxCpltCallback
                0x0000000008002bec        0x8 ../../boards/DJI_Board_TypeA/CMakeFiles/DJI_Board_TypeA.dir/FATFS/Target/bsp_driver_sd.c.obj
                0x0000000008002bec                HAL_SD_RxCpltCallback
 .text.BSP_SD_IsDetected
                0x0000000008002bf4       0x20 ../../boards/DJI_Board_TypeA/CMakeFiles/DJI_Board_TypeA.dir/FATFS/Target/bsp_driver_sd.c.obj
                0x0000000008002bf4                BSP_SD_IsDetected
 .text.BSP_SD_Init
                0x0000000008002c14       0x30 ../../boards/DJI_Board_TypeA/CMakeFiles/DJI_Board_TypeA.dir/FATFS/Target/bsp_driver_sd.c.obj
                0x0000000008002c14                BSP_SD_Init
 .text.BSP_PlatformIsDetected
                0x0000000008002c44       0x18 ../../boards/DJI_Board_TypeA/CMakeFiles/DJI_Board_TypeA.dir/FATFS/Target/fatfs_platform.c.obj
                0x0000000008002c44                BSP_PlatformIsDetected
 .text.SD_initialize
                0x0000000008002c5c       0x60 ../../boards/DJI_Board_TypeA/CMakeFiles/DJI_Board_TypeA.dir/FATFS/Target/sd_diskio.c.obj
                0x0000000008002c5c                SD_initialize
 .text.SD_status
                0x0000000008002cbc       0x20 ../../boards/DJI_Board_TypeA/CMakeFiles/DJI_Board_TypeA.dir/FATFS/Target/sd_diskio.c.obj
                0x0000000008002cbc                SD_status
 .text.SD_ioctl
                0x0000000008002cdc       0x68 ../../boards/DJI_Board_TypeA/CMakeFiles/DJI_Board_TypeA.dir/FATFS/Target/sd_diskio.c.obj
                0x0000000008002cdc                SD_ioctl
 .text.SD_read  0x0000000008002d44       0x80 ../../boards/DJI_Board_TypeA/CMakeFiles/DJI_Board_TypeA.dir/FATFS/Target/sd_diskio.c.obj
                0x0000000008002d44                SD_read
 .text.SD_write
                0x0000000008002dc4       0x80 ../../boards/DJI_Board_TypeA/CMakeFiles/DJI_Board_TypeA.dir/FATFS/Target/sd_diskio.c.obj
                0x0000000008002dc4                SD_write
 .text.BSP_SD_WriteCpltCallback
                0x0000000008002e44       0x28 ../../boards/DJI_Board_TypeA/CMakeFiles/DJI_Board_TypeA.dir/FATFS/Target/sd_diskio.c.obj
                0x0000000008002e44                BSP_SD_WriteCpltCallback
 .text.BSP_SD_ReadCpltCallback
                0x0000000008002e6c       0x28 ../../boards/DJI_Board_TypeA/CMakeFiles/DJI_Board_TypeA.dir/FATFS/Target/sd_diskio.c.obj
                0x0000000008002e6c                BSP_SD_ReadCpltCallback
 .text.MX_USB_DEVICE_Init
                0x0000000008002e94       0x74 ../../boards/DJI_Board_TypeA/CMakeFiles/DJI_Board_TypeA.dir/USB_DEVICE/App/usb_device.c.obj
                0x0000000008002e94                MX_USB_DEVICE_Init
 .text.CDC_DeInit_FS
                0x0000000008002f08        0x4 ../../boards/DJI_Board_TypeA/CMakeFiles/DJI_Board_TypeA.dir/USB_DEVICE/App/usbd_cdc_if.c.obj
 .text.CDC_Init_FS
                0x0000000008002f0c       0x28 ../../boards/DJI_Board_TypeA/CMakeFiles/DJI_Board_TypeA.dir/USB_DEVICE/App/usbd_cdc_if.c.obj
 .text.CDC_Control_FS
                0x0000000008002f34       0x44 ../../boards/DJI_Board_TypeA/CMakeFiles/DJI_Board_TypeA.dir/USB_DEVICE/App/usbd_cdc_if.c.obj
 .text.CDC_Transmit_FS
                0x0000000008002f78       0x2c ../../boards/DJI_Board_TypeA/CMakeFiles/DJI_Board_TypeA.dir/USB_DEVICE/App/usbd_cdc_if.c.obj
                0x0000000008002f78                CDC_Transmit_FS
 .text.CDC_TransmitCplt_FS
                0x0000000008002fa4        0xc ../../boards/DJI_Board_TypeA/CMakeFiles/DJI_Board_TypeA.dir/USB_DEVICE/App/usbd_cdc_if.c.obj
 .text.CDC_Receive_FS
                0x0000000008002fb0       0x28 ../../boards/DJI_Board_TypeA/CMakeFiles/DJI_Board_TypeA.dir/USB_DEVICE/App/usbd_cdc_if.c.obj
 .text.USBD_FS_DeviceDescriptor
                0x0000000008002fd8        0xc ../../boards/DJI_Board_TypeA/CMakeFiles/DJI_Board_TypeA.dir/USB_DEVICE/App/usbd_desc.c.obj
                0x0000000008002fd8                USBD_FS_DeviceDescriptor
 .text.USBD_FS_LangIDStrDescriptor
                0x0000000008002fe4        0xc ../../boards/DJI_Board_TypeA/CMakeFiles/DJI_Board_TypeA.dir/USB_DEVICE/App/usbd_desc.c.obj
                0x0000000008002fe4                USBD_FS_LangIDStrDescriptor
 .text.USBD_FS_ManufacturerStrDescriptor
                0x0000000008002ff0       0x1c ../../boards/DJI_Board_TypeA/CMakeFiles/DJI_Board_TypeA.dir/USB_DEVICE/App/usbd_desc.c.obj
                0x0000000008002ff0                USBD_FS_ManufacturerStrDescriptor
 .text.USBD_FS_ProductStrDescriptor
                0x000000000800300c       0x1c ../../boards/DJI_Board_TypeA/CMakeFiles/DJI_Board_TypeA.dir/USB_DEVICE/App/usbd_desc.c.obj
                0x000000000800300c                USBD_FS_ProductStrDescriptor
 .text.USBD_FS_ConfigStrDescriptor
                0x0000000008003028       0x1c ../../boards/DJI_Board_TypeA/CMakeFiles/DJI_Board_TypeA.dir/USB_DEVICE/App/usbd_desc.c.obj
                0x0000000008003028                USBD_FS_ConfigStrDescriptor
 .text.USBD_FS_InterfaceStrDescriptor
                0x0000000008003044       0x1c ../../boards/DJI_Board_TypeA/CMakeFiles/DJI_Board_TypeA.dir/USB_DEVICE/App/usbd_desc.c.obj
                0x0000000008003044                USBD_FS_InterfaceStrDescriptor
 .text.USBD_FS_SerialStrDescriptor
                0x0000000008003060      0x120 ../../boards/DJI_Board_TypeA/CMakeFiles/DJI_Board_TypeA.dir/USB_DEVICE/App/usbd_desc.c.obj
                0x0000000008003060                USBD_FS_SerialStrDescriptor
 .text.HAL_PCD_MspInit
                0x0000000008003180       0x84 ../../boards/DJI_Board_TypeA/CMakeFiles/DJI_Board_TypeA.dir/USB_DEVICE/Target/usbd_conf.c.obj
                0x0000000008003180                HAL_PCD_MspInit
 .text.HAL_PCD_SetupStageCallback
                0x0000000008003204        0xc ../../boards/DJI_Board_TypeA/CMakeFiles/DJI_Board_TypeA.dir/USB_DEVICE/Target/usbd_conf.c.obj
                0x0000000008003204                HAL_PCD_SetupStageCallback
 .text.HAL_PCD_DataOutStageCallback
                0x0000000008003210       0x14 ../../boards/DJI_Board_TypeA/CMakeFiles/DJI_Board_TypeA.dir/USB_DEVICE/Target/usbd_conf.c.obj
                0x0000000008003210                HAL_PCD_DataOutStageCallback
 .text.HAL_PCD_DataInStageCallback
                0x0000000008003224       0x14 ../../boards/DJI_Board_TypeA/CMakeFiles/DJI_Board_TypeA.dir/USB_DEVICE/Target/usbd_conf.c.obj
                0x0000000008003224                HAL_PCD_DataInStageCallback
 .text.HAL_PCD_SOFCallback
                0x0000000008003238        0x8 ../../boards/DJI_Board_TypeA/CMakeFiles/DJI_Board_TypeA.dir/USB_DEVICE/Target/usbd_conf.c.obj
                0x0000000008003238                HAL_PCD_SOFCallback
 .text.HAL_PCD_ResetCallback
                0x0000000008003240       0x2c ../../boards/DJI_Board_TypeA/CMakeFiles/DJI_Board_TypeA.dir/USB_DEVICE/Target/usbd_conf.c.obj
                0x0000000008003240                HAL_PCD_ResetCallback
 .text.HAL_PCD_SuspendCallback
                0x000000000800326c       0x30 ../../boards/DJI_Board_TypeA/CMakeFiles/DJI_Board_TypeA.dir/USB_DEVICE/Target/usbd_conf.c.obj
                0x000000000800326c                HAL_PCD_SuspendCallback
 .text.HAL_PCD_ResumeCallback
                0x000000000800329c        0x8 ../../boards/DJI_Board_TypeA/CMakeFiles/DJI_Board_TypeA.dir/USB_DEVICE/Target/usbd_conf.c.obj
                0x000000000800329c                HAL_PCD_ResumeCallback
 .text.HAL_PCD_ISOOUTIncompleteCallback
                0x00000000080032a4        0x8 ../../boards/DJI_Board_TypeA/CMakeFiles/DJI_Board_TypeA.dir/USB_DEVICE/Target/usbd_conf.c.obj
                0x00000000080032a4                HAL_PCD_ISOOUTIncompleteCallback
 .text.HAL_PCD_ISOINIncompleteCallback
                0x00000000080032ac        0x8 ../../boards/DJI_Board_TypeA/CMakeFiles/DJI_Board_TypeA.dir/USB_DEVICE/Target/usbd_conf.c.obj
                0x00000000080032ac                HAL_PCD_ISOINIncompleteCallback
 .text.HAL_PCD_ConnectCallback
                0x00000000080032b4        0x8 ../../boards/DJI_Board_TypeA/CMakeFiles/DJI_Board_TypeA.dir/USB_DEVICE/Target/usbd_conf.c.obj
                0x00000000080032b4                HAL_PCD_ConnectCallback
 .text.HAL_PCD_DisconnectCallback
                0x00000000080032bc        0x8 ../../boards/DJI_Board_TypeA/CMakeFiles/DJI_Board_TypeA.dir/USB_DEVICE/Target/usbd_conf.c.obj
                0x00000000080032bc                HAL_PCD_DisconnectCallback
 *fill*         0x00000000080032c4        0x4 
 .text.USBD_LL_Init
                0x00000000080032c8       0x7c ../../boards/DJI_Board_TypeA/CMakeFiles/DJI_Board_TypeA.dir/USB_DEVICE/Target/usbd_conf.c.obj
                0x00000000080032c8                USBD_LL_Init
 .text.USBD_LL_Start
                0x0000000008003344       0x1c ../../boards/DJI_Board_TypeA/CMakeFiles/DJI_Board_TypeA.dir/USB_DEVICE/Target/usbd_conf.c.obj
                0x0000000008003344                USBD_LL_Start
 .text.USBD_LL_OpenEP
                0x0000000008003360       0x20 ../../boards/DJI_Board_TypeA/CMakeFiles/DJI_Board_TypeA.dir/USB_DEVICE/Target/usbd_conf.c.obj
                0x0000000008003360                USBD_LL_OpenEP
 .text.USBD_LL_CloseEP
                0x0000000008003380       0x1c ../../boards/DJI_Board_TypeA/CMakeFiles/DJI_Board_TypeA.dir/USB_DEVICE/Target/usbd_conf.c.obj
                0x0000000008003380                USBD_LL_CloseEP
 .text.USBD_LL_StallEP
                0x000000000800339c       0x1c ../../boards/DJI_Board_TypeA/CMakeFiles/DJI_Board_TypeA.dir/USB_DEVICE/Target/usbd_conf.c.obj
                0x000000000800339c                USBD_LL_StallEP
 .text.USBD_LL_ClearStallEP
                0x00000000080033b8       0x1c ../../boards/DJI_Board_TypeA/CMakeFiles/DJI_Board_TypeA.dir/USB_DEVICE/Target/usbd_conf.c.obj
                0x00000000080033b8                USBD_LL_ClearStallEP
 .text.USBD_LL_IsStallEP
                0x00000000080033d4       0x28 ../../boards/DJI_Board_TypeA/CMakeFiles/DJI_Board_TypeA.dir/USB_DEVICE/Target/usbd_conf.c.obj
                0x00000000080033d4                USBD_LL_IsStallEP
 .text.USBD_LL_SetUSBAddress
                0x00000000080033fc       0x1c ../../boards/DJI_Board_TypeA/CMakeFiles/DJI_Board_TypeA.dir/USB_DEVICE/Target/usbd_conf.c.obj
                0x00000000080033fc                USBD_LL_SetUSBAddress
 .text.USBD_LL_Transmit
                0x0000000008003418       0x1c ../../boards/DJI_Board_TypeA/CMakeFiles/DJI_Board_TypeA.dir/USB_DEVICE/Target/usbd_conf.c.obj
                0x0000000008003418                USBD_LL_Transmit
 .text.USBD_LL_PrepareReceive
                0x0000000008003434       0x1c ../../boards/DJI_Board_TypeA/CMakeFiles/DJI_Board_TypeA.dir/USB_DEVICE/Target/usbd_conf.c.obj
                0x0000000008003434                USBD_LL_PrepareReceive
 .text.USBD_LL_GetRxDataSize
                0x0000000008003450        0x8 ../../boards/DJI_Board_TypeA/CMakeFiles/DJI_Board_TypeA.dir/USB_DEVICE/Target/usbd_conf.c.obj
                0x0000000008003450                USBD_LL_GetRxDataSize
 .text.HAL_Init
                0x0000000008003458       0x34 ../../boards/DJI_Board_TypeA/CMakeFiles/DJI_Board_TypeA.dir/Drivers/STM32F4xx_HAL_Driver/Src/stm32f4xx_hal.c.obj
                0x0000000008003458                HAL_Init
 .text.HAL_IncTick
                0x000000000800348c       0x18 ../../boards/DJI_Board_TypeA/CMakeFiles/DJI_Board_TypeA.dir/Drivers/STM32F4xx_HAL_Driver/Src/stm32f4xx_hal.c.obj
                0x000000000800348c                HAL_IncTick
 .text.HAL_GetTick
                0x00000000080034a4        0xc ../../boards/DJI_Board_TypeA/CMakeFiles/DJI_Board_TypeA.dir/Drivers/STM32F4xx_HAL_Driver/Src/stm32f4xx_hal.c.obj
                0x00000000080034a4                HAL_GetTick
 .text.HAL_Delay
                0x00000000080034b0       0x24 ../../boards/DJI_Board_TypeA/CMakeFiles/DJI_Board_TypeA.dir/Drivers/STM32F4xx_HAL_Driver/Src/stm32f4xx_hal.c.obj
                0x00000000080034b0                HAL_Delay
 .text.HAL_ADC_Init
                0x00000000080034d4      0x15c ../../boards/DJI_Board_TypeA/CMakeFiles/DJI_Board_TypeA.dir/Drivers/STM32F4xx_HAL_Driver/Src/stm32f4xx_hal_adc.c.obj
                0x00000000080034d4                HAL_ADC_Init
 .text.HAL_ADC_ConvCpltCallback
                0x0000000008003630        0x4 ../../boards/DJI_Board_TypeA/CMakeFiles/DJI_Board_TypeA.dir/Drivers/STM32F4xx_HAL_Driver/Src/stm32f4xx_hal_adc.c.obj
                0x0000000008003630                HAL_ADC_ConvCpltCallback
 .text.HAL_ADC_LevelOutOfWindowCallback
                0x0000000008003634        0x4 ../../boards/DJI_Board_TypeA/CMakeFiles/DJI_Board_TypeA.dir/Drivers/STM32F4xx_HAL_Driver/Src/stm32f4xx_hal_adc.c.obj
                0x0000000008003634                HAL_ADC_LevelOutOfWindowCallback
 .text.HAL_ADC_ErrorCallback
                0x0000000008003638        0x4 ../../boards/DJI_Board_TypeA/CMakeFiles/DJI_Board_TypeA.dir/Drivers/STM32F4xx_HAL_Driver/Src/stm32f4xx_hal_adc.c.obj
                0x0000000008003638                HAL_ADC_ErrorCallback
 .text.HAL_ADC_IRQHandler
                0x000000000800363c      0x12c ../../boards/DJI_Board_TypeA/CMakeFiles/DJI_Board_TypeA.dir/Drivers/STM32F4xx_HAL_Driver/Src/stm32f4xx_hal_adc.c.obj
                0x000000000800363c                HAL_ADC_IRQHandler
 .text.HAL_ADC_ConfigChannel
                0x0000000008003768      0x17c ../../boards/DJI_Board_TypeA/CMakeFiles/DJI_Board_TypeA.dir/Drivers/STM32F4xx_HAL_Driver/Src/stm32f4xx_hal_adc.c.obj
                0x0000000008003768                HAL_ADC_ConfigChannel
 .text.HAL_ADCEx_InjectedConvCpltCallback
                0x00000000080038e4        0x4 ../../boards/DJI_Board_TypeA/CMakeFiles/DJI_Board_TypeA.dir/Drivers/STM32F4xx_HAL_Driver/Src/stm32f4xx_hal_adc_ex.c.obj
                0x00000000080038e4                HAL_ADCEx_InjectedConvCpltCallback
 .text.HAL_CAN_ErrorCallback
                0x00000000080038e8        0x4 ../../boards/DJI_Board_TypeA/CMakeFiles/DJI_Board_TypeA.dir/Drivers/STM32F4xx_HAL_Driver/Src/stm32f4xx_hal_can.c.obj
                0x00000000080038e8                HAL_CAN_ErrorCallback
 .text.HAL_CAN_TxMailbox0CompleteCallback
                0x00000000080038ec        0x4 ../../boards/DJI_Board_TypeA/CMakeFiles/DJI_Board_TypeA.dir/Drivers/STM32F4xx_HAL_Driver/Src/stm32f4xx_hal_can.c.obj
                0x00000000080038ec                HAL_CAN_TxMailbox0CompleteCallback
 .text.HAL_CAN_TxMailbox1CompleteCallback
                0x00000000080038f0        0x4 ../../boards/DJI_Board_TypeA/CMakeFiles/DJI_Board_TypeA.dir/Drivers/STM32F4xx_HAL_Driver/Src/stm32f4xx_hal_can.c.obj
                0x00000000080038f0                HAL_CAN_TxMailbox1CompleteCallback
 .text.HAL_CAN_TxMailbox2CompleteCallback
                0x00000000080038f4        0x4 ../../boards/DJI_Board_TypeA/CMakeFiles/DJI_Board_TypeA.dir/Drivers/STM32F4xx_HAL_Driver/Src/stm32f4xx_hal_can.c.obj
                0x00000000080038f4                HAL_CAN_TxMailbox2CompleteCallback
 .text.HAL_CAN_TxMailbox0AbortCallback
                0x00000000080038f8        0x4 ../../boards/DJI_Board_TypeA/CMakeFiles/DJI_Board_TypeA.dir/Drivers/STM32F4xx_HAL_Driver/Src/stm32f4xx_hal_can.c.obj
                0x00000000080038f8                HAL_CAN_TxMailbox0AbortCallback
 .text.HAL_CAN_TxMailbox1AbortCallback
                0x00000000080038fc        0x4 ../../boards/DJI_Board_TypeA/CMakeFiles/DJI_Board_TypeA.dir/Drivers/STM32F4xx_HAL_Driver/Src/stm32f4xx_hal_can.c.obj
                0x00000000080038fc                HAL_CAN_TxMailbox1AbortCallback
 .text.HAL_CAN_TxMailbox2AbortCallback
                0x0000000008003900        0x4 ../../boards/DJI_Board_TypeA/CMakeFiles/DJI_Board_TypeA.dir/Drivers/STM32F4xx_HAL_Driver/Src/stm32f4xx_hal_can.c.obj
                0x0000000008003900                HAL_CAN_TxMailbox2AbortCallback
 .text.HAL_CAN_RxFifo0MsgPendingCallback
                0x0000000008003904        0x4 ../../boards/DJI_Board_TypeA/CMakeFiles/DJI_Board_TypeA.dir/Drivers/STM32F4xx_HAL_Driver/Src/stm32f4xx_hal_can.c.obj
                0x0000000008003904                HAL_CAN_RxFifo0MsgPendingCallback
 .text.HAL_CAN_RxFifo0FullCallback
                0x0000000008003908        0x4 ../../boards/DJI_Board_TypeA/CMakeFiles/DJI_Board_TypeA.dir/Drivers/STM32F4xx_HAL_Driver/Src/stm32f4xx_hal_can.c.obj
                0x0000000008003908                HAL_CAN_RxFifo0FullCallback
 .text.HAL_CAN_RxFifo1MsgPendingCallback
                0x000000000800390c        0x4 ../../boards/DJI_Board_TypeA/CMakeFiles/DJI_Board_TypeA.dir/Drivers/STM32F4xx_HAL_Driver/Src/stm32f4xx_hal_can.c.obj
                0x000000000800390c                HAL_CAN_RxFifo1MsgPendingCallback
 .text.HAL_CAN_RxFifo1FullCallback
                0x0000000008003910        0x4 ../../boards/DJI_Board_TypeA/CMakeFiles/DJI_Board_TypeA.dir/Drivers/STM32F4xx_HAL_Driver/Src/stm32f4xx_hal_can.c.obj
                0x0000000008003910                HAL_CAN_RxFifo1FullCallback
 .text.HAL_CAN_SleepCallback
                0x0000000008003914        0x4 ../../boards/DJI_Board_TypeA/CMakeFiles/DJI_Board_TypeA.dir/Drivers/STM32F4xx_HAL_Driver/Src/stm32f4xx_hal_can.c.obj
                0x0000000008003914                HAL_CAN_SleepCallback
 .text.HAL_CAN_WakeUpFromRxMsgCallback
                0x0000000008003918        0x4 ../../boards/DJI_Board_TypeA/CMakeFiles/DJI_Board_TypeA.dir/Drivers/STM32F4xx_HAL_Driver/Src/stm32f4xx_hal_can.c.obj
                0x0000000008003918                HAL_CAN_WakeUpFromRxMsgCallback
 .text.HAL_CAN_Init
                0x000000000800391c      0x178 ../../boards/DJI_Board_TypeA/CMakeFiles/DJI_Board_TypeA.dir/Drivers/STM32F4xx_HAL_Driver/Src/stm32f4xx_hal_can.c.obj
                0x000000000800391c                HAL_CAN_Init
 .text.HAL_CAN_RegisterCallback
                0x0000000008003a94       0xdc ../../boards/DJI_Board_TypeA/CMakeFiles/DJI_Board_TypeA.dir/Drivers/STM32F4xx_HAL_Driver/Src/stm32f4xx_hal_can.c.obj
                0x0000000008003a94                HAL_CAN_RegisterCallback
 .text.HAL_CAN_ConfigFilter
                0x0000000008003b70      0x124 ../../boards/DJI_Board_TypeA/CMakeFiles/DJI_Board_TypeA.dir/Drivers/STM32F4xx_HAL_Driver/Src/stm32f4xx_hal_can.c.obj
                0x0000000008003b70                HAL_CAN_ConfigFilter
 .text.HAL_CAN_Start
                0x0000000008003c94       0x64 ../../boards/DJI_Board_TypeA/CMakeFiles/DJI_Board_TypeA.dir/Drivers/STM32F4xx_HAL_Driver/Src/stm32f4xx_hal_can.c.obj
                0x0000000008003c94                HAL_CAN_Start
 .text.HAL_CAN_AddTxMessage
                0x0000000008003cf8       0xc8 ../../boards/DJI_Board_TypeA/CMakeFiles/DJI_Board_TypeA.dir/Drivers/STM32F4xx_HAL_Driver/Src/stm32f4xx_hal_can.c.obj
                0x0000000008003cf8                HAL_CAN_AddTxMessage
 .text.HAL_CAN_IsTxMessagePending
                0x0000000008003dc0       0x24 ../../boards/DJI_Board_TypeA/CMakeFiles/DJI_Board_TypeA.dir/Drivers/STM32F4xx_HAL_Driver/Src/stm32f4xx_hal_can.c.obj
                0x0000000008003dc0                HAL_CAN_IsTxMessagePending
 .text.HAL_CAN_GetRxMessage
                0x0000000008003de4      0x114 ../../boards/DJI_Board_TypeA/CMakeFiles/DJI_Board_TypeA.dir/Drivers/STM32F4xx_HAL_Driver/Src/stm32f4xx_hal_can.c.obj
                0x0000000008003de4                HAL_CAN_GetRxMessage
 .text.HAL_CAN_ActivateNotification
                0x0000000008003ef8       0x24 ../../boards/DJI_Board_TypeA/CMakeFiles/DJI_Board_TypeA.dir/Drivers/STM32F4xx_HAL_Driver/Src/stm32f4xx_hal_can.c.obj
                0x0000000008003ef8                HAL_CAN_ActivateNotification
 .text.HAL_CAN_IRQHandler
                0x0000000008003f1c      0x258 ../../boards/DJI_Board_TypeA/CMakeFiles/DJI_Board_TypeA.dir/Drivers/STM32F4xx_HAL_Driver/Src/stm32f4xx_hal_can.c.obj
                0x0000000008003f1c                HAL_CAN_IRQHandler
 .text.HAL_NVIC_SetPriorityGrouping
                0x0000000008004174       0x24 ../../boards/DJI_Board_TypeA/CMakeFiles/DJI_Board_TypeA.dir/Drivers/STM32F4xx_HAL_Driver/Src/stm32f4xx_hal_cortex.c.obj
                0x0000000008004174                HAL_NVIC_SetPriorityGrouping
 .text.HAL_NVIC_SetPriority
                0x0000000008004198       0x7c ../../boards/DJI_Board_TypeA/CMakeFiles/DJI_Board_TypeA.dir/Drivers/STM32F4xx_HAL_Driver/Src/stm32f4xx_hal_cortex.c.obj
                0x0000000008004198                HAL_NVIC_SetPriority
 .text.HAL_NVIC_EnableIRQ
                0x0000000008004214       0x1c ../../boards/DJI_Board_TypeA/CMakeFiles/DJI_Board_TypeA.dir/Drivers/STM32F4xx_HAL_Driver/Src/stm32f4xx_hal_cortex.c.obj
                0x0000000008004214                HAL_NVIC_EnableIRQ
 .text.HAL_DMA_Init
                0x0000000008004230      0x130 ../../boards/DJI_Board_TypeA/CMakeFiles/DJI_Board_TypeA.dir/Drivers/STM32F4xx_HAL_Driver/Src/stm32f4xx_hal_dma.c.obj
                0x0000000008004230                HAL_DMA_Init
 .text.HAL_DMA_Start_IT
                0x0000000008004360       0x80 ../../boards/DJI_Board_TypeA/CMakeFiles/DJI_Board_TypeA.dir/Drivers/STM32F4xx_HAL_Driver/Src/stm32f4xx_hal_dma.c.obj
                0x0000000008004360                HAL_DMA_Start_IT
 .text.HAL_DMA_Abort_IT
                0x00000000080043e0       0x24 ../../boards/DJI_Board_TypeA/CMakeFiles/DJI_Board_TypeA.dir/Drivers/STM32F4xx_HAL_Driver/Src/stm32f4xx_hal_dma.c.obj
                0x00000000080043e0                HAL_DMA_Abort_IT
 .text.HAL_DMA_IRQHandler
                0x0000000008004404      0x1e0 ../../boards/DJI_Board_TypeA/CMakeFiles/DJI_Board_TypeA.dir/Drivers/STM32F4xx_HAL_Driver/Src/stm32f4xx_hal_dma.c.obj
                0x0000000008004404                HAL_DMA_IRQHandler
 .text.HAL_DMA_GetError
                0x00000000080045e4        0x4 ../../boards/DJI_Board_TypeA/CMakeFiles/DJI_Board_TypeA.dir/Drivers/STM32F4xx_HAL_Driver/Src/stm32f4xx_hal_dma.c.obj
                0x00000000080045e4                HAL_DMA_GetError
 .text.HAL_GPIO_Init
                0x00000000080045e8      0x294 ../../boards/DJI_Board_TypeA/CMakeFiles/DJI_Board_TypeA.dir/Drivers/STM32F4xx_HAL_Driver/Src/stm32f4xx_hal_gpio.c.obj
                0x00000000080045e8                HAL_GPIO_Init
 .text.HAL_GPIO_ReadPin
                0x000000000800487c        0xc ../../boards/DJI_Board_TypeA/CMakeFiles/DJI_Board_TypeA.dir/Drivers/STM32F4xx_HAL_Driver/Src/stm32f4xx_hal_gpio.c.obj
                0x000000000800487c                HAL_GPIO_ReadPin
 .text.HAL_GPIO_WritePin
                0x0000000008004888        0x8 ../../boards/DJI_Board_TypeA/CMakeFiles/DJI_Board_TypeA.dir/Drivers/STM32F4xx_HAL_Driver/Src/stm32f4xx_hal_gpio.c.obj
                0x0000000008004888                HAL_GPIO_WritePin
 .text.HAL_GPIO_EXTI_IRQHandler
                0x0000000008004890       0x18 ../../boards/DJI_Board_TypeA/CMakeFiles/DJI_Board_TypeA.dir/Drivers/STM32F4xx_HAL_Driver/Src/stm32f4xx_hal_gpio.c.obj
                0x0000000008004890                HAL_GPIO_EXTI_IRQHandler
 .text.HAL_I2C_Init
                0x00000000080048a8      0x190 ../../boards/DJI_Board_TypeA/CMakeFiles/DJI_Board_TypeA.dir/Drivers/STM32F4xx_HAL_Driver/Src/stm32f4xx_hal_i2c.c.obj
                0x00000000080048a8                HAL_I2C_Init
 .text.HAL_I2CEx_ConfigAnalogFilter
                0x0000000008004a38       0x40 ../../boards/DJI_Board_TypeA/CMakeFiles/DJI_Board_TypeA.dir/Drivers/STM32F4xx_HAL_Driver/Src/stm32f4xx_hal_i2c_ex.c.obj
                0x0000000008004a38                HAL_I2CEx_ConfigAnalogFilter
 .text.HAL_I2CEx_ConfigDigitalFilter
                0x0000000008004a78       0x48 ../../boards/DJI_Board_TypeA/CMakeFiles/DJI_Board_TypeA.dir/Drivers/STM32F4xx_HAL_Driver/Src/stm32f4xx_hal_i2c_ex.c.obj
                0x0000000008004a78                HAL_I2CEx_ConfigDigitalFilter
 .text.HAL_PCD_Init
                0x0000000008004ac0      0x11c ../../boards/DJI_Board_TypeA/CMakeFiles/DJI_Board_TypeA.dir/Drivers/STM32F4xx_HAL_Driver/Src/stm32f4xx_hal_pcd.c.obj
                0x0000000008004ac0                HAL_PCD_Init
 .text.HAL_PCD_Start
                0x0000000008004bdc       0x40 ../../boards/DJI_Board_TypeA/CMakeFiles/DJI_Board_TypeA.dir/Drivers/STM32F4xx_HAL_Driver/Src/stm32f4xx_hal_pcd.c.obj
                0x0000000008004bdc                HAL_PCD_Start
 .text.HAL_PCD_IRQHandler
                0x0000000008004c1c      0x614 ../../boards/DJI_Board_TypeA/CMakeFiles/DJI_Board_TypeA.dir/Drivers/STM32F4xx_HAL_Driver/Src/stm32f4xx_hal_pcd.c.obj
                0x0000000008004c1c                HAL_PCD_IRQHandler
 .text.HAL_PCD_SetAddress
                0x0000000008005230       0x28 ../../boards/DJI_Board_TypeA/CMakeFiles/DJI_Board_TypeA.dir/Drivers/STM32F4xx_HAL_Driver/Src/stm32f4xx_hal_pcd.c.obj
                0x0000000008005230                HAL_PCD_SetAddress
 .text.HAL_PCD_EP_Open
                0x0000000008005258       0x7c ../../boards/DJI_Board_TypeA/CMakeFiles/DJI_Board_TypeA.dir/Drivers/STM32F4xx_HAL_Driver/Src/stm32f4xx_hal_pcd.c.obj
                0x0000000008005258                HAL_PCD_EP_Open
 .text.HAL_PCD_EP_Close
                0x00000000080052d4       0x5c ../../boards/DJI_Board_TypeA/CMakeFiles/DJI_Board_TypeA.dir/Drivers/STM32F4xx_HAL_Driver/Src/stm32f4xx_hal_pcd.c.obj
                0x00000000080052d4                HAL_PCD_EP_Close
 .text.HAL_PCD_EP_Receive
                0x0000000008005330       0x50 ../../boards/DJI_Board_TypeA/CMakeFiles/DJI_Board_TypeA.dir/Drivers/STM32F4xx_HAL_Driver/Src/stm32f4xx_hal_pcd.c.obj
                0x0000000008005330                HAL_PCD_EP_Receive
 .text.HAL_PCD_EP_GetRxCount
                0x0000000008005380       0x14 ../../boards/DJI_Board_TypeA/CMakeFiles/DJI_Board_TypeA.dir/Drivers/STM32F4xx_HAL_Driver/Src/stm32f4xx_hal_pcd.c.obj
                0x0000000008005380                HAL_PCD_EP_GetRxCount
 .text.HAL_PCD_EP_Transmit
                0x0000000008005394       0x50 ../../boards/DJI_Board_TypeA/CMakeFiles/DJI_Board_TypeA.dir/Drivers/STM32F4xx_HAL_Driver/Src/stm32f4xx_hal_pcd.c.obj
                0x0000000008005394                HAL_PCD_EP_Transmit
 .text.HAL_PCD_EP_SetStall
                0x00000000080053e4       0x88 ../../boards/DJI_Board_TypeA/CMakeFiles/DJI_Board_TypeA.dir/Drivers/STM32F4xx_HAL_Driver/Src/stm32f4xx_hal_pcd.c.obj
                0x00000000080053e4                HAL_PCD_EP_SetStall
 .text.HAL_PCD_EP_ClrStall
                0x000000000800546c       0x70 ../../boards/DJI_Board_TypeA/CMakeFiles/DJI_Board_TypeA.dir/Drivers/STM32F4xx_HAL_Driver/Src/stm32f4xx_hal_pcd.c.obj
                0x000000000800546c                HAL_PCD_EP_ClrStall
 .text.HAL_PCDEx_SetTxFiFo
                0x00000000080054dc       0x54 ../../boards/DJI_Board_TypeA/CMakeFiles/DJI_Board_TypeA.dir/Drivers/STM32F4xx_HAL_Driver/Src/stm32f4xx_hal_pcd_ex.c.obj
                0x00000000080054dc                HAL_PCDEx_SetTxFiFo
 .text.HAL_PCDEx_SetRxFiFo
                0x0000000008005530        0x8 ../../boards/DJI_Board_TypeA/CMakeFiles/DJI_Board_TypeA.dir/Drivers/STM32F4xx_HAL_Driver/Src/stm32f4xx_hal_pcd_ex.c.obj
                0x0000000008005530                HAL_PCDEx_SetRxFiFo
 .text.HAL_PCDEx_LPM_Callback
                0x0000000008005538        0x4 ../../boards/DJI_Board_TypeA/CMakeFiles/DJI_Board_TypeA.dir/Drivers/STM32F4xx_HAL_Driver/Src/stm32f4xx_hal_pcd_ex.c.obj
                0x0000000008005538                HAL_PCDEx_LPM_Callback
 .text.HAL_RCC_OscConfig
                0x000000000800553c      0x3b8 ../../boards/DJI_Board_TypeA/CMakeFiles/DJI_Board_TypeA.dir/Drivers/STM32F4xx_HAL_Driver/Src/stm32f4xx_hal_rcc.c.obj
                0x000000000800553c                HAL_RCC_OscConfig
 .text.HAL_RCC_GetSysClockFreq
                0x00000000080058f4       0x68 ../../boards/DJI_Board_TypeA/CMakeFiles/DJI_Board_TypeA.dir/Drivers/STM32F4xx_HAL_Driver/Src/stm32f4xx_hal_rcc.c.obj
                0x00000000080058f4                HAL_RCC_GetSysClockFreq
 .text.HAL_RCC_ClockConfig
                0x000000000800595c      0x13c ../../boards/DJI_Board_TypeA/CMakeFiles/DJI_Board_TypeA.dir/Drivers/STM32F4xx_HAL_Driver/Src/stm32f4xx_hal_rcc.c.obj
                0x000000000800595c                HAL_RCC_ClockConfig
 .text.HAL_RCC_GetHCLKFreq
                0x0000000008005a98        0xc ../../boards/DJI_Board_TypeA/CMakeFiles/DJI_Board_TypeA.dir/Drivers/STM32F4xx_HAL_Driver/Src/stm32f4xx_hal_rcc.c.obj
                0x0000000008005a98                HAL_RCC_GetHCLKFreq
 .text.HAL_RCC_GetPCLK1Freq
                0x0000000008005aa4       0x20 ../../boards/DJI_Board_TypeA/CMakeFiles/DJI_Board_TypeA.dir/Drivers/STM32F4xx_HAL_Driver/Src/stm32f4xx_hal_rcc.c.obj
                0x0000000008005aa4                HAL_RCC_GetPCLK1Freq
 .text.HAL_RCC_GetPCLK2Freq
                0x0000000008005ac4       0x20 ../../boards/DJI_Board_TypeA/CMakeFiles/DJI_Board_TypeA.dir/Drivers/STM32F4xx_HAL_Driver/Src/stm32f4xx_hal_rcc.c.obj
                0x0000000008005ac4                HAL_RCC_GetPCLK2Freq
 .text.HAL_RCC_GetClockConfig
                0x0000000008005ae4       0x44 ../../boards/DJI_Board_TypeA/CMakeFiles/DJI_Board_TypeA.dir/Drivers/STM32F4xx_HAL_Driver/Src/stm32f4xx_hal_rcc.c.obj
                0x0000000008005ae4                HAL_RCC_GetClockConfig
 .text.SD_DMATransmitCplt
                0x0000000008005b28       0x10 ../../boards/DJI_Board_TypeA/CMakeFiles/DJI_Board_TypeA.dir/Drivers/STM32F4xx_HAL_Driver/Src/stm32f4xx_hal_sd.c.obj
 .text.SD_FindSCR
                0x0000000008005b38       0xe4 ../../boards/DJI_Board_TypeA/CMakeFiles/DJI_Board_TypeA.dir/Drivers/STM32F4xx_HAL_Driver/Src/stm32f4xx_hal_sd.c.obj
 .text.HAL_SD_ReadBlocks_DMA
                0x0000000008005c1c      0x13c ../../boards/DJI_Board_TypeA/CMakeFiles/DJI_Board_TypeA.dir/Drivers/STM32F4xx_HAL_Driver/Src/stm32f4xx_hal_sd.c.obj
                0x0000000008005c1c                HAL_SD_ReadBlocks_DMA
 .text.HAL_SD_WriteBlocks_DMA
                0x0000000008005d58      0x158 ../../boards/DJI_Board_TypeA/CMakeFiles/DJI_Board_TypeA.dir/Drivers/STM32F4xx_HAL_Driver/Src/stm32f4xx_hal_sd.c.obj
                0x0000000008005d58                HAL_SD_WriteBlocks_DMA
 .text.HAL_SD_ErrorCallback
                0x0000000008005eb0        0x4 ../../boards/DJI_Board_TypeA/CMakeFiles/DJI_Board_TypeA.dir/Drivers/STM32F4xx_HAL_Driver/Src/stm32f4xx_hal_sd.c.obj
                0x0000000008005eb0                HAL_SD_ErrorCallback
 .text.SD_DMAReceiveCplt
                0x0000000008005eb4       0x48 ../../boards/DJI_Board_TypeA/CMakeFiles/DJI_Board_TypeA.dir/Drivers/STM32F4xx_HAL_Driver/Src/stm32f4xx_hal_sd.c.obj
 .text.SD_DMAError
                0x0000000008005efc       0x80 ../../boards/DJI_Board_TypeA/CMakeFiles/DJI_Board_TypeA.dir/Drivers/STM32F4xx_HAL_Driver/Src/stm32f4xx_hal_sd.c.obj
 .text.SD_DMATxAbort
                0x0000000008005f7c       0x64 ../../boards/DJI_Board_TypeA/CMakeFiles/DJI_Board_TypeA.dir/Drivers/STM32F4xx_HAL_Driver/Src/stm32f4xx_hal_sd.c.obj
 .text.HAL_SD_IRQHandler
                0x0000000008005fe0      0x26c ../../boards/DJI_Board_TypeA/CMakeFiles/DJI_Board_TypeA.dir/Drivers/STM32F4xx_HAL_Driver/Src/stm32f4xx_hal_sd.c.obj
                0x0000000008005fe0                HAL_SD_IRQHandler
 .text.SD_DMARxAbort
                0x000000000800624c       0x64 ../../boards/DJI_Board_TypeA/CMakeFiles/DJI_Board_TypeA.dir/Drivers/STM32F4xx_HAL_Driver/Src/stm32f4xx_hal_sd.c.obj
 .text.HAL_SD_GetCardCSD
                0x00000000080062b0      0x17c ../../boards/DJI_Board_TypeA/CMakeFiles/DJI_Board_TypeA.dir/Drivers/STM32F4xx_HAL_Driver/Src/stm32f4xx_hal_sd.c.obj
                0x00000000080062b0                HAL_SD_GetCardCSD
 .text.HAL_SD_InitCard
                0x000000000800642c      0x204 ../../boards/DJI_Board_TypeA/CMakeFiles/DJI_Board_TypeA.dir/Drivers/STM32F4xx_HAL_Driver/Src/stm32f4xx_hal_sd.c.obj
                0x000000000800642c                HAL_SD_InitCard
 .text.HAL_SD_Init
                0x0000000008006630       0x3c ../../boards/DJI_Board_TypeA/CMakeFiles/DJI_Board_TypeA.dir/Drivers/STM32F4xx_HAL_Driver/Src/stm32f4xx_hal_sd.c.obj
                0x0000000008006630                HAL_SD_Init
 .text.HAL_SD_GetCardInfo
                0x000000000800666c       0x28 ../../boards/DJI_Board_TypeA/CMakeFiles/DJI_Board_TypeA.dir/Drivers/STM32F4xx_HAL_Driver/Src/stm32f4xx_hal_sd.c.obj
                0x000000000800666c                HAL_SD_GetCardInfo
 .text.HAL_SD_ConfigWideBusOperation
                0x0000000008006694      0x114 ../../boards/DJI_Board_TypeA/CMakeFiles/DJI_Board_TypeA.dir/Drivers/STM32F4xx_HAL_Driver/Src/stm32f4xx_hal_sd.c.obj
                0x0000000008006694                HAL_SD_ConfigWideBusOperation
 .text.HAL_SD_GetCardState
                0x00000000080067a8       0x28 ../../boards/DJI_Board_TypeA/CMakeFiles/DJI_Board_TypeA.dir/Drivers/STM32F4xx_HAL_Driver/Src/stm32f4xx_hal_sd.c.obj
                0x00000000080067a8                HAL_SD_GetCardState
 .text.HAL_SPI_AbortCpltCallback
                0x00000000080067d0        0x4 ../../boards/DJI_Board_TypeA/CMakeFiles/DJI_Board_TypeA.dir/Drivers/STM32F4xx_HAL_Driver/Src/stm32f4xx_hal_spi.c.obj
                0x00000000080067d0                HAL_SPI_AbortCpltCallback
 .text.HAL_SPI_TxCpltCallback
                0x00000000080067d4        0x4 ../../boards/DJI_Board_TypeA/CMakeFiles/DJI_Board_TypeA.dir/Drivers/STM32F4xx_HAL_Driver/Src/stm32f4xx_hal_spi.c.obj
                0x00000000080067d4                HAL_SPI_TxCpltCallback
 .text.HAL_SPI_RxCpltCallback
                0x00000000080067d8        0x4 ../../boards/DJI_Board_TypeA/CMakeFiles/DJI_Board_TypeA.dir/Drivers/STM32F4xx_HAL_Driver/Src/stm32f4xx_hal_spi.c.obj
                0x00000000080067d8                HAL_SPI_RxCpltCallback
 .text.HAL_SPI_TxRxCpltCallback
                0x00000000080067dc        0x4 ../../boards/DJI_Board_TypeA/CMakeFiles/DJI_Board_TypeA.dir/Drivers/STM32F4xx_HAL_Driver/Src/stm32f4xx_hal_spi.c.obj
                0x00000000080067dc                HAL_SPI_TxRxCpltCallback
 .text.HAL_SPI_TxHalfCpltCallback
                0x00000000080067e0        0x4 ../../boards/DJI_Board_TypeA/CMakeFiles/DJI_Board_TypeA.dir/Drivers/STM32F4xx_HAL_Driver/Src/stm32f4xx_hal_spi.c.obj
                0x00000000080067e0                HAL_SPI_TxHalfCpltCallback
 .text.HAL_SPI_RxHalfCpltCallback
                0x00000000080067e4        0x4 ../../boards/DJI_Board_TypeA/CMakeFiles/DJI_Board_TypeA.dir/Drivers/STM32F4xx_HAL_Driver/Src/stm32f4xx_hal_spi.c.obj
                0x00000000080067e4                HAL_SPI_RxHalfCpltCallback
 .text.HAL_SPI_TxRxHalfCpltCallback
                0x00000000080067e8        0x4 ../../boards/DJI_Board_TypeA/CMakeFiles/DJI_Board_TypeA.dir/Drivers/STM32F4xx_HAL_Driver/Src/stm32f4xx_hal_spi.c.obj
                0x00000000080067e8                HAL_SPI_TxRxHalfCpltCallback
 .text.HAL_SPI_ErrorCallback
                0x00000000080067ec        0x4 ../../boards/DJI_Board_TypeA/CMakeFiles/DJI_Board_TypeA.dir/Drivers/STM32F4xx_HAL_Driver/Src/stm32f4xx_hal_spi.c.obj
                0x00000000080067ec                HAL_SPI_ErrorCallback
 .text.HAL_SPI_Init
                0x00000000080067f0       0xcc ../../boards/DJI_Board_TypeA/CMakeFiles/DJI_Board_TypeA.dir/Drivers/STM32F4xx_HAL_Driver/Src/stm32f4xx_hal_spi.c.obj
                0x00000000080067f0                HAL_SPI_Init
 .text.HAL_TIM_PWM_MspInit
                0x00000000080068bc        0x4 ../../boards/DJI_Board_TypeA/CMakeFiles/DJI_Board_TypeA.dir/Drivers/STM32F4xx_HAL_Driver/Src/stm32f4xx_hal_tim.c.obj
                0x00000000080068bc                HAL_TIM_PWM_MspInit
 .text.HAL_TIM_PeriodElapsedHalfCpltCallback
                0x00000000080068c0        0x4 ../../boards/DJI_Board_TypeA/CMakeFiles/DJI_Board_TypeA.dir/Drivers/STM32F4xx_HAL_Driver/Src/stm32f4xx_hal_tim.c.obj
                0x00000000080068c0                HAL_TIM_PeriodElapsedHalfCpltCallback
 .text.HAL_TIM_OC_DelayElapsedCallback
                0x00000000080068c4        0x4 ../../boards/DJI_Board_TypeA/CMakeFiles/DJI_Board_TypeA.dir/Drivers/STM32F4xx_HAL_Driver/Src/stm32f4xx_hal_tim.c.obj
                0x00000000080068c4                HAL_TIM_OC_DelayElapsedCallback
 .text.HAL_TIM_IC_CaptureCallback
                0x00000000080068c8        0x4 ../../boards/DJI_Board_TypeA/CMakeFiles/DJI_Board_TypeA.dir/Drivers/STM32F4xx_HAL_Driver/Src/stm32f4xx_hal_tim.c.obj
                0x00000000080068c8                HAL_TIM_IC_CaptureCallback
 .text.HAL_TIM_IC_CaptureHalfCpltCallback
                0x00000000080068cc        0x4 ../../boards/DJI_Board_TypeA/CMakeFiles/DJI_Board_TypeA.dir/Drivers/STM32F4xx_HAL_Driver/Src/stm32f4xx_hal_tim.c.obj
                0x00000000080068cc                HAL_TIM_IC_CaptureHalfCpltCallback
 .text.HAL_TIM_PWM_PulseFinishedCallback
                0x00000000080068d0        0x4 ../../boards/DJI_Board_TypeA/CMakeFiles/DJI_Board_TypeA.dir/Drivers/STM32F4xx_HAL_Driver/Src/stm32f4xx_hal_tim.c.obj
                0x00000000080068d0                HAL_TIM_PWM_PulseFinishedCallback
 .text.HAL_TIM_PWM_PulseFinishedHalfCpltCallback
                0x00000000080068d4        0x4 ../../boards/DJI_Board_TypeA/CMakeFiles/DJI_Board_TypeA.dir/Drivers/STM32F4xx_HAL_Driver/Src/stm32f4xx_hal_tim.c.obj
                0x00000000080068d4                HAL_TIM_PWM_PulseFinishedHalfCpltCallback
 .text.HAL_TIM_TriggerCallback
                0x00000000080068d8        0x4 ../../boards/DJI_Board_TypeA/CMakeFiles/DJI_Board_TypeA.dir/Drivers/STM32F4xx_HAL_Driver/Src/stm32f4xx_hal_tim.c.obj
                0x00000000080068d8                HAL_TIM_TriggerCallback
 .text.HAL_TIM_TriggerHalfCpltCallback
                0x00000000080068dc        0x4 ../../boards/DJI_Board_TypeA/CMakeFiles/DJI_Board_TypeA.dir/Drivers/STM32F4xx_HAL_Driver/Src/stm32f4xx_hal_tim.c.obj
                0x00000000080068dc                HAL_TIM_TriggerHalfCpltCallback
 .text.HAL_TIM_ErrorCallback
                0x00000000080068e0        0x4 ../../boards/DJI_Board_TypeA/CMakeFiles/DJI_Board_TypeA.dir/Drivers/STM32F4xx_HAL_Driver/Src/stm32f4xx_hal_tim.c.obj
                0x00000000080068e0                HAL_TIM_ErrorCallback
 .text.HAL_TIM_Base_Init
                0x00000000080068e4      0x16c ../../boards/DJI_Board_TypeA/CMakeFiles/DJI_Board_TypeA.dir/Drivers/STM32F4xx_HAL_Driver/Src/stm32f4xx_hal_tim.c.obj
                0x00000000080068e4                HAL_TIM_Base_Init
 .text.HAL_TIM_Base_Start_IT
                0x0000000008006a50       0x20 ../../boards/DJI_Board_TypeA/CMakeFiles/DJI_Board_TypeA.dir/Drivers/STM32F4xx_HAL_Driver/Src/stm32f4xx_hal_tim.c.obj
                0x0000000008006a50                HAL_TIM_Base_Start_IT
 .text.HAL_TIM_PWM_Init
                0x0000000008006a70      0x16c ../../boards/DJI_Board_TypeA/CMakeFiles/DJI_Board_TypeA.dir/Drivers/STM32F4xx_HAL_Driver/Src/stm32f4xx_hal_tim.c.obj
                0x0000000008006a70                HAL_TIM_PWM_Init
 .text.HAL_TIM_IRQHandler
                0x0000000008006bdc      0x178 ../../boards/DJI_Board_TypeA/CMakeFiles/DJI_Board_TypeA.dir/Drivers/STM32F4xx_HAL_Driver/Src/stm32f4xx_hal_tim.c.obj
                0x0000000008006bdc                HAL_TIM_IRQHandler
 .text.HAL_TIM_PWM_ConfigChannel
                0x0000000008006d54      0x210 ../../boards/DJI_Board_TypeA/CMakeFiles/DJI_Board_TypeA.dir/Drivers/STM32F4xx_HAL_Driver/Src/stm32f4xx_hal_tim.c.obj
                0x0000000008006d54                HAL_TIM_PWM_ConfigChannel
 .text.HAL_TIM_ConfigClockSource
                0x0000000008006f64      0x148 ../../boards/DJI_Board_TypeA/CMakeFiles/DJI_Board_TypeA.dir/Drivers/STM32F4xx_HAL_Driver/Src/stm32f4xx_hal_tim.c.obj
                0x0000000008006f64                HAL_TIM_ConfigClockSource
 .text.HAL_TIMEx_MasterConfigSynchronization
                0x00000000080070ac       0x80 ../../boards/DJI_Board_TypeA/CMakeFiles/DJI_Board_TypeA.dir/Drivers/STM32F4xx_HAL_Driver/Src/stm32f4xx_hal_tim_ex.c.obj
                0x00000000080070ac                HAL_TIMEx_MasterConfigSynchronization
 .text.HAL_TIMEx_ConfigBreakDeadTime
                0x000000000800712c       0x54 ../../boards/DJI_Board_TypeA/CMakeFiles/DJI_Board_TypeA.dir/Drivers/STM32F4xx_HAL_Driver/Src/stm32f4xx_hal_tim_ex.c.obj
                0x000000000800712c                HAL_TIMEx_ConfigBreakDeadTime
 .text.HAL_TIMEx_CommutCallback
                0x0000000008007180        0x4 ../../boards/DJI_Board_TypeA/CMakeFiles/DJI_Board_TypeA.dir/Drivers/STM32F4xx_HAL_Driver/Src/stm32f4xx_hal_tim_ex.c.obj
                0x0000000008007180                HAL_TIMEx_CommutCallback
 .text.HAL_TIMEx_CommutHalfCpltCallback
                0x0000000008007184        0x4 ../../boards/DJI_Board_TypeA/CMakeFiles/DJI_Board_TypeA.dir/Drivers/STM32F4xx_HAL_Driver/Src/stm32f4xx_hal_tim_ex.c.obj
                0x0000000008007184                HAL_TIMEx_CommutHalfCpltCallback
 .text.HAL_TIMEx_BreakCallback
                0x0000000008007188        0x4 ../../boards/DJI_Board_TypeA/CMakeFiles/DJI_Board_TypeA.dir/Drivers/STM32F4xx_HAL_Driver/Src/stm32f4xx_hal_tim_ex.c.obj
                0x0000000008007188                HAL_TIMEx_BreakCallback
 .text.UART_DMATransmitCplt
                0x000000000800718c       0x28 ../../boards/DJI_Board_TypeA/CMakeFiles/DJI_Board_TypeA.dir/Drivers/STM32F4xx_HAL_Driver/Src/stm32f4xx_hal_uart.c.obj
 .text.UART_DMATxHalfCplt
                0x00000000080071b4        0x8 ../../boards/DJI_Board_TypeA/CMakeFiles/DJI_Board_TypeA.dir/Drivers/STM32F4xx_HAL_Driver/Src/stm32f4xx_hal_uart.c.obj
 .text.UART_DMAError
                0x00000000080071bc       0x64 ../../boards/DJI_Board_TypeA/CMakeFiles/DJI_Board_TypeA.dir/Drivers/STM32F4xx_HAL_Driver/Src/stm32f4xx_hal_uart.c.obj
 .text.UART_DMAAbortOnError
                0x0000000008007220        0xc ../../boards/DJI_Board_TypeA/CMakeFiles/DJI_Board_TypeA.dir/Drivers/STM32F4xx_HAL_Driver/Src/stm32f4xx_hal_uart.c.obj
 .text.UART_SetConfig
                0x000000000800722c       0xec ../../boards/DJI_Board_TypeA/CMakeFiles/DJI_Board_TypeA.dir/Drivers/STM32F4xx_HAL_Driver/Src/stm32f4xx_hal_uart.c.obj
 .text.UART_Receive_IT.part.0.isra.0
                0x0000000008007318       0x80 ../../boards/DJI_Board_TypeA/CMakeFiles/DJI_Board_TypeA.dir/Drivers/STM32F4xx_HAL_Driver/Src/stm32f4xx_hal_uart.c.obj
 .text.HAL_UART_AbortReceiveCpltCallback
                0x0000000008007398        0x4 ../../boards/DJI_Board_TypeA/CMakeFiles/DJI_Board_TypeA.dir/Drivers/STM32F4xx_HAL_Driver/Src/stm32f4xx_hal_uart.c.obj
                0x0000000008007398                HAL_UART_AbortReceiveCpltCallback
 .text.HAL_UART_TxCpltCallback
                0x000000000800739c        0x4 ../../boards/DJI_Board_TypeA/CMakeFiles/DJI_Board_TypeA.dir/Drivers/STM32F4xx_HAL_Driver/Src/stm32f4xx_hal_uart.c.obj
                0x000000000800739c                HAL_UART_TxCpltCallback
 .text.HAL_UART_TxHalfCpltCallback
                0x00000000080073a0        0x4 ../../boards/DJI_Board_TypeA/CMakeFiles/DJI_Board_TypeA.dir/Drivers/STM32F4xx_HAL_Driver/Src/stm32f4xx_hal_uart.c.obj
                0x00000000080073a0                HAL_UART_TxHalfCpltCallback
 .text.HAL_UART_RxCpltCallback
                0x00000000080073a4        0x4 ../../boards/DJI_Board_TypeA/CMakeFiles/DJI_Board_TypeA.dir/Drivers/STM32F4xx_HAL_Driver/Src/stm32f4xx_hal_uart.c.obj
                0x00000000080073a4                HAL_UART_RxCpltCallback
 .text.HAL_UART_RxHalfCpltCallback
                0x00000000080073a8        0x4 ../../boards/DJI_Board_TypeA/CMakeFiles/DJI_Board_TypeA.dir/Drivers/STM32F4xx_HAL_Driver/Src/stm32f4xx_hal_uart.c.obj
                0x00000000080073a8                HAL_UART_RxHalfCpltCallback
 .text.HAL_UART_ErrorCallback
                0x00000000080073ac        0x4 ../../boards/DJI_Board_TypeA/CMakeFiles/DJI_Board_TypeA.dir/Drivers/STM32F4xx_HAL_Driver/Src/stm32f4xx_hal_uart.c.obj
                0x00000000080073ac                HAL_UART_ErrorCallback
 .text.HAL_UART_AbortCpltCallback
                0x00000000080073b0        0x4 ../../boards/DJI_Board_TypeA/CMakeFiles/DJI_Board_TypeA.dir/Drivers/STM32F4xx_HAL_Driver/Src/stm32f4xx_hal_uart.c.obj
                0x00000000080073b0                HAL_UART_AbortCpltCallback
 .text.HAL_UART_AbortTransmitCpltCallback
                0x00000000080073b4        0x4 ../../boards/DJI_Board_TypeA/CMakeFiles/DJI_Board_TypeA.dir/Drivers/STM32F4xx_HAL_Driver/Src/stm32f4xx_hal_uart.c.obj
                0x00000000080073b4                HAL_UART_AbortTransmitCpltCallback
 .text.HAL_UART_Init
                0x00000000080073b8       0xb0 ../../boards/DJI_Board_TypeA/CMakeFiles/DJI_Board_TypeA.dir/Drivers/STM32F4xx_HAL_Driver/Src/stm32f4xx_hal_uart.c.obj
                0x00000000080073b8                HAL_UART_Init
 .text.HAL_UART_RegisterCallback
                0x0000000008007468       0xc0 ../../boards/DJI_Board_TypeA/CMakeFiles/DJI_Board_TypeA.dir/Drivers/STM32F4xx_HAL_Driver/Src/stm32f4xx_hal_uart.c.obj
                0x0000000008007468                HAL_UART_RegisterCallback
 .text.HAL_UART_Transmit_DMA
                0x0000000008007528       0x78 ../../boards/DJI_Board_TypeA/CMakeFiles/DJI_Board_TypeA.dir/Drivers/STM32F4xx_HAL_Driver/Src/stm32f4xx_hal_uart.c.obj
                0x0000000008007528                HAL_UART_Transmit_DMA
 .text.HAL_UART_IRQHandler
                0x00000000080075a0      0x17c ../../boards/DJI_Board_TypeA/CMakeFiles/DJI_Board_TypeA.dir/Drivers/STM32F4xx_HAL_Driver/Src/stm32f4xx_hal_uart.c.obj
                0x00000000080075a0                HAL_UART_IRQHandler
 .text.SDIO_Init
                0x000000000800771c       0x38 ../../boards/DJI_Board_TypeA/CMakeFiles/DJI_Board_TypeA.dir/Drivers/STM32F4xx_HAL_Driver/Src/stm32f4xx_ll_sdmmc.c.obj
                0x000000000800771c                SDIO_Init
 .text.SDIO_ReadFIFO
                0x0000000008007754        0x8 ../../boards/DJI_Board_TypeA/CMakeFiles/DJI_Board_TypeA.dir/Drivers/STM32F4xx_HAL_Driver/Src/stm32f4xx_ll_sdmmc.c.obj
                0x0000000008007754                SDIO_ReadFIFO
 .text.SDIO_WriteFIFO
                0x000000000800775c        0xc ../../boards/DJI_Board_TypeA/CMakeFiles/DJI_Board_TypeA.dir/Drivers/STM32F4xx_HAL_Driver/Src/stm32f4xx_ll_sdmmc.c.obj
                0x000000000800775c                SDIO_WriteFIFO
 .text.SDIO_PowerState_ON
                0x0000000008007768       0x14 ../../boards/DJI_Board_TypeA/CMakeFiles/DJI_Board_TypeA.dir/Drivers/STM32F4xx_HAL_Driver/Src/stm32f4xx_ll_sdmmc.c.obj
                0x0000000008007768                SDIO_PowerState_ON
 .text.SDIO_GetPowerState
                0x000000000800777c        0x8 ../../boards/DJI_Board_TypeA/CMakeFiles/DJI_Board_TypeA.dir/Drivers/STM32F4xx_HAL_Driver/Src/stm32f4xx_ll_sdmmc.c.obj
                0x000000000800777c                SDIO_GetPowerState
 .text.SDIO_GetResponse
                0x0000000008007784        0x8 ../../boards/DJI_Board_TypeA/CMakeFiles/DJI_Board_TypeA.dir/Drivers/STM32F4xx_HAL_Driver/Src/stm32f4xx_ll_sdmmc.c.obj
                0x0000000008007784                SDIO_GetResponse
 .text.SDIO_ConfigData
                0x000000000800778c       0x2c ../../boards/DJI_Board_TypeA/CMakeFiles/DJI_Board_TypeA.dir/Drivers/STM32F4xx_HAL_Driver/Src/stm32f4xx_ll_sdmmc.c.obj
                0x000000000800778c                SDIO_ConfigData
 .text.SDMMC_CmdBlockLength
                0x00000000080077b8      0x13c ../../boards/DJI_Board_TypeA/CMakeFiles/DJI_Board_TypeA.dir/Drivers/STM32F4xx_HAL_Driver/Src/stm32f4xx_ll_sdmmc.c.obj
                0x00000000080077b8                SDMMC_CmdBlockLength
 .text.SDMMC_CmdReadSingleBlock
                0x00000000080078f4      0x140 ../../boards/DJI_Board_TypeA/CMakeFiles/DJI_Board_TypeA.dir/Drivers/STM32F4xx_HAL_Driver/Src/stm32f4xx_ll_sdmmc.c.obj
                0x00000000080078f4                SDMMC_CmdReadSingleBlock
 .text.SDMMC_CmdReadMultiBlock
                0x0000000008007a34      0x140 ../../boards/DJI_Board_TypeA/CMakeFiles/DJI_Board_TypeA.dir/Drivers/STM32F4xx_HAL_Driver/Src/stm32f4xx_ll_sdmmc.c.obj
                0x0000000008007a34                SDMMC_CmdReadMultiBlock
 .text.SDMMC_CmdWriteSingleBlock
                0x0000000008007b74      0x13c ../../boards/DJI_Board_TypeA/CMakeFiles/DJI_Board_TypeA.dir/Drivers/STM32F4xx_HAL_Driver/Src/stm32f4xx_ll_sdmmc.c.obj
                0x0000000008007b74                SDMMC_CmdWriteSingleBlock
 .text.SDMMC_CmdWriteMultiBlock
                0x0000000008007cb0      0x140 ../../boards/DJI_Board_TypeA/CMakeFiles/DJI_Board_TypeA.dir/Drivers/STM32F4xx_HAL_Driver/Src/stm32f4xx_ll_sdmmc.c.obj
                0x0000000008007cb0                SDMMC_CmdWriteMultiBlock
 .text.SDMMC_CmdStopTransfer
                0x0000000008007df0      0x14c ../../boards/DJI_Board_TypeA/CMakeFiles/DJI_Board_TypeA.dir/Drivers/STM32F4xx_HAL_Driver/Src/stm32f4xx_ll_sdmmc.c.obj
                0x0000000008007df0                SDMMC_CmdStopTransfer
 .text.SDMMC_CmdSelDesel
                0x0000000008007f3c      0x140 ../../boards/DJI_Board_TypeA/CMakeFiles/DJI_Board_TypeA.dir/Drivers/STM32F4xx_HAL_Driver/Src/stm32f4xx_ll_sdmmc.c.obj
                0x0000000008007f3c                SDMMC_CmdSelDesel
 .text.SDMMC_CmdGoIdleState
                0x000000000800807c       0x4c ../../boards/DJI_Board_TypeA/CMakeFiles/DJI_Board_TypeA.dir/Drivers/STM32F4xx_HAL_Driver/Src/stm32f4xx_ll_sdmmc.c.obj
                0x000000000800807c                SDMMC_CmdGoIdleState
 .text.SDMMC_CmdOperCond
                0x00000000080080c8       0x78 ../../boards/DJI_Board_TypeA/CMakeFiles/DJI_Board_TypeA.dir/Drivers/STM32F4xx_HAL_Driver/Src/stm32f4xx_ll_sdmmc.c.obj
                0x00000000080080c8                SDMMC_CmdOperCond
 .text.SDMMC_CmdAppCommand
                0x0000000008008140      0x140 ../../boards/DJI_Board_TypeA/CMakeFiles/DJI_Board_TypeA.dir/Drivers/STM32F4xx_HAL_Driver/Src/stm32f4xx_ll_sdmmc.c.obj
                0x0000000008008140                SDMMC_CmdAppCommand
 .text.SDMMC_CmdAppOperCommand
                0x0000000008008280       0x70 ../../boards/DJI_Board_TypeA/CMakeFiles/DJI_Board_TypeA.dir/Drivers/STM32F4xx_HAL_Driver/Src/stm32f4xx_ll_sdmmc.c.obj
                0x0000000008008280                SDMMC_CmdAppOperCommand
 .text.SDMMC_CmdBusWidth
                0x00000000080082f0      0x140 ../../boards/DJI_Board_TypeA/CMakeFiles/DJI_Board_TypeA.dir/Drivers/STM32F4xx_HAL_Driver/Src/stm32f4xx_ll_sdmmc.c.obj
                0x00000000080082f0                SDMMC_CmdBusWidth
 .text.SDMMC_CmdSendSCR
                0x0000000008008430      0x144 ../../boards/DJI_Board_TypeA/CMakeFiles/DJI_Board_TypeA.dir/Drivers/STM32F4xx_HAL_Driver/Src/stm32f4xx_ll_sdmmc.c.obj
                0x0000000008008430                SDMMC_CmdSendSCR
 .text.SDMMC_CmdSendCID
                0x0000000008008574       0x70 ../../boards/DJI_Board_TypeA/CMakeFiles/DJI_Board_TypeA.dir/Drivers/STM32F4xx_HAL_Driver/Src/stm32f4xx_ll_sdmmc.c.obj
                0x0000000008008574                SDMMC_CmdSendCID
 .text.SDMMC_CmdSendCSD
                0x00000000080085e4       0x78 ../../boards/DJI_Board_TypeA/CMakeFiles/DJI_Board_TypeA.dir/Drivers/STM32F4xx_HAL_Driver/Src/stm32f4xx_ll_sdmmc.c.obj
                0x00000000080085e4                SDMMC_CmdSendCSD
 .text.SDMMC_CmdSetRelAdd
                0x000000000800865c       0xac ../../boards/DJI_Board_TypeA/CMakeFiles/DJI_Board_TypeA.dir/Drivers/STM32F4xx_HAL_Driver/Src/stm32f4xx_ll_sdmmc.c.obj
                0x000000000800865c                SDMMC_CmdSetRelAdd
 .text.SDMMC_CmdSendStatus
                0x0000000008008708      0x140 ../../boards/DJI_Board_TypeA/CMakeFiles/DJI_Board_TypeA.dir/Drivers/STM32F4xx_HAL_Driver/Src/stm32f4xx_ll_sdmmc.c.obj
                0x0000000008008708                SDMMC_CmdSendStatus
 .text.USB_CoreInit
                0x0000000008008848       0xd4 ../../boards/DJI_Board_TypeA/CMakeFiles/DJI_Board_TypeA.dir/Drivers/STM32F4xx_HAL_Driver/Src/stm32f4xx_ll_usb.c.obj
                0x0000000008008848                USB_CoreInit
 .text.USB_SetTurnaroundTime
                0x000000000800891c       0xf4 ../../boards/DJI_Board_TypeA/CMakeFiles/DJI_Board_TypeA.dir/Drivers/STM32F4xx_HAL_Driver/Src/stm32f4xx_ll_usb.c.obj
                0x000000000800891c                USB_SetTurnaroundTime
 .text.USB_EnableGlobalInt
                0x0000000008008a10       0x10 ../../boards/DJI_Board_TypeA/CMakeFiles/DJI_Board_TypeA.dir/Drivers/STM32F4xx_HAL_Driver/Src/stm32f4xx_ll_usb.c.obj
                0x0000000008008a10                USB_EnableGlobalInt
 .text.USB_DisableGlobalInt
                0x0000000008008a20       0x10 ../../boards/DJI_Board_TypeA/CMakeFiles/DJI_Board_TypeA.dir/Drivers/STM32F4xx_HAL_Driver/Src/stm32f4xx_ll_usb.c.obj
                0x0000000008008a20                USB_DisableGlobalInt
 .text.USB_SetCurrentMode
                0x0000000008008a30       0x30 ../../boards/DJI_Board_TypeA/CMakeFiles/DJI_Board_TypeA.dir/Drivers/STM32F4xx_HAL_Driver/Src/stm32f4xx_ll_usb.c.obj
                0x0000000008008a30                USB_SetCurrentMode
 .text.USB_DevInit
                0x0000000008008a60      0x1e4 ../../boards/DJI_Board_TypeA/CMakeFiles/DJI_Board_TypeA.dir/Drivers/STM32F4xx_HAL_Driver/Src/stm32f4xx_ll_usb.c.obj
                0x0000000008008a60                USB_DevInit
 .text.USB_FlushTxFifo
                0x0000000008008c44       0x24 ../../boards/DJI_Board_TypeA/CMakeFiles/DJI_Board_TypeA.dir/Drivers/STM32F4xx_HAL_Driver/Src/stm32f4xx_ll_usb.c.obj
                0x0000000008008c44                USB_FlushTxFifo
 .text.USB_GetDevSpeed
                0x0000000008008c68       0x18 ../../boards/DJI_Board_TypeA/CMakeFiles/DJI_Board_TypeA.dir/Drivers/STM32F4xx_HAL_Driver/Src/stm32f4xx_ll_usb.c.obj
                0x0000000008008c68                USB_GetDevSpeed
 .text.USB_ActivateEndpoint
                0x0000000008008c80       0x98 ../../boards/DJI_Board_TypeA/CMakeFiles/DJI_Board_TypeA.dir/Drivers/STM32F4xx_HAL_Driver/Src/stm32f4xx_ll_usb.c.obj
                0x0000000008008c80                USB_ActivateEndpoint
 .text.USB_DeactivateEndpoint
                0x0000000008008d18       0xc4 ../../boards/DJI_Board_TypeA/CMakeFiles/DJI_Board_TypeA.dir/Drivers/STM32F4xx_HAL_Driver/Src/stm32f4xx_ll_usb.c.obj
                0x0000000008008d18                USB_DeactivateEndpoint
 .text.USB_EPStartXfer
                0x0000000008008ddc      0x218 ../../boards/DJI_Board_TypeA/CMakeFiles/DJI_Board_TypeA.dir/Drivers/STM32F4xx_HAL_Driver/Src/stm32f4xx_ll_usb.c.obj
                0x0000000008008ddc                USB_EPStartXfer
 .text.USB_EP0StartXfer
                0x0000000008008ff4      0x154 ../../boards/DJI_Board_TypeA/CMakeFiles/DJI_Board_TypeA.dir/Drivers/STM32F4xx_HAL_Driver/Src/stm32f4xx_ll_usb.c.obj
                0x0000000008008ff4                USB_EP0StartXfer
 .text.USB_WritePacket
                0x0000000008009148       0x2c ../../boards/DJI_Board_TypeA/CMakeFiles/DJI_Board_TypeA.dir/Drivers/STM32F4xx_HAL_Driver/Src/stm32f4xx_ll_usb.c.obj
                0x0000000008009148                USB_WritePacket
 .text.USB_ReadPacket
                0x0000000008009174       0x20 ../../boards/DJI_Board_TypeA/CMakeFiles/DJI_Board_TypeA.dir/Drivers/STM32F4xx_HAL_Driver/Src/stm32f4xx_ll_usb.c.obj
                0x0000000008009174                USB_ReadPacket
 .text.USB_EPSetStall
                0x0000000008009194       0x5c ../../boards/DJI_Board_TypeA/CMakeFiles/DJI_Board_TypeA.dir/Drivers/STM32F4xx_HAL_Driver/Src/stm32f4xx_ll_usb.c.obj
                0x0000000008009194                USB_EPSetStall
 .text.USB_EPClearStall
                0x00000000080091f0       0x58 ../../boards/DJI_Board_TypeA/CMakeFiles/DJI_Board_TypeA.dir/Drivers/STM32F4xx_HAL_Driver/Src/stm32f4xx_ll_usb.c.obj
                0x00000000080091f0                USB_EPClearStall
 .text.USB_SetDevAddress
                0x0000000008009248       0x20 ../../boards/DJI_Board_TypeA/CMakeFiles/DJI_Board_TypeA.dir/Drivers/STM32F4xx_HAL_Driver/Src/stm32f4xx_ll_usb.c.obj
                0x0000000008009248                USB_SetDevAddress
 .text.USB_DevConnect
                0x0000000008009268       0x20 ../../boards/DJI_Board_TypeA/CMakeFiles/DJI_Board_TypeA.dir/Drivers/STM32F4xx_HAL_Driver/Src/stm32f4xx_ll_usb.c.obj
                0x0000000008009268                USB_DevConnect
 .text.USB_DevDisconnect
                0x0000000008009288       0x20 ../../boards/DJI_Board_TypeA/CMakeFiles/DJI_Board_TypeA.dir/Drivers/STM32F4xx_HAL_Driver/Src/stm32f4xx_ll_usb.c.obj
                0x0000000008009288                USB_DevDisconnect
 .text.USB_ReadInterrupts
                0x00000000080092a8        0x8 ../../boards/DJI_Board_TypeA/CMakeFiles/DJI_Board_TypeA.dir/Drivers/STM32F4xx_HAL_Driver/Src/stm32f4xx_ll_usb.c.obj
                0x00000000080092a8                USB_ReadInterrupts
 .text.USB_ReadDevAllOutEpInterrupt
                0x00000000080092b0       0x10 ../../boards/DJI_Board_TypeA/CMakeFiles/DJI_Board_TypeA.dir/Drivers/STM32F4xx_HAL_Driver/Src/stm32f4xx_ll_usb.c.obj
                0x00000000080092b0                USB_ReadDevAllOutEpInterrupt
 .text.USB_ReadDevAllInEpInterrupt
                0x00000000080092c0       0x10 ../../boards/DJI_Board_TypeA/CMakeFiles/DJI_Board_TypeA.dir/Drivers/STM32F4xx_HAL_Driver/Src/stm32f4xx_ll_usb.c.obj
                0x00000000080092c0                USB_ReadDevAllInEpInterrupt