Archive member included to satisfy reference by file (symbol)

../../boards/DJI_Board_TypeC/libDJI_Board_TypeC_libDSP.a(arm_pid_init_f32.c.obj)
                              ../../shared/CMakeFiles/DJI_Board_TypeC_irm.dir/libraries/controller.cc.obj (arm_pid_init_f32)
/Users/chensihan/Downloads/gcc-arm-none-eabi-10.3-2021.10/bin/../lib/gcc/arm-none-eabi/10.3.1/../../../../arm-none-eabi/lib/thumb/v7e-m+fp/hard/libstdc++_nano.a(atexit_arm.o)
                              ../../shared/CMakeFiles/DJI_Board_TypeC_irm.dir/bsp/bsp_can.cc.obj (__aeabi_atexit)
/Users/chensihan/Downloads/gcc-arm-none-eabi-10.3-2021.10/bin/../lib/gcc/arm-none-eabi/10.3.1/../../../../arm-none-eabi/lib/thumb/v7e-m+fp/hard/libstdc++_nano.a(class_type_info.o)
                              ../../shared/CMakeFiles/DJI_Board_TypeC_irm.dir/bsp/bsp_gpio.cc.obj (vtable for __cxxabiv1::__class_type_info)
/Users/chensihan/Downloads/gcc-arm-none-eabi-10.3-2021.10/bin/../lib/gcc/arm-none-eabi/10.3.1/../../../../arm-none-eabi/lib/thumb/v7e-m+fp/hard/libstdc++_nano.a(pure.o)
                              ../../shared/CMakeFiles/DJI_Board_TypeC_irm.dir/bsp/bsp_gpio.cc.obj (__cxa_pure_virtual)
/Users/chensihan/Downloads/gcc-arm-none-eabi-10.3-2021.10/bin/../lib/gcc/arm-none-eabi/10.3.1/../../../../arm-none-eabi/lib/thumb/v7e-m+fp/hard/libstdc++_nano.a(si_class_type_info.o)
                              ../../shared/CMakeFiles/DJI_Board_TypeC_irm.dir/bsp/bsp_imu.cc.obj (vtable for __cxxabiv1::__si_class_type_info)
/Users/chensihan/Downloads/gcc-arm-none-eabi-10.3-2021.10/bin/../lib/gcc/arm-none-eabi/10.3.1/../../../../arm-none-eabi/lib/thumb/v7e-m+fp/hard/libstdc++_nano.a(tinfo.o)
                              /Users/chensihan/Downloads/gcc-arm-none-eabi-10.3-2021.10/bin/../lib/gcc/arm-none-eabi/10.3.1/../../../../arm-none-eabi/lib/thumb/v7e-m+fp/hard/libstdc++_nano.a(class_type_info.o) (std::type_info::~type_info())
/Users/chensihan/Downloads/gcc-arm-none-eabi-10.3-2021.10/bin/../lib/gcc/arm-none-eabi/10.3.1/../../../../arm-none-eabi/lib/thumb/v7e-m+fp/hard/libstdc++_nano.a(tree.o)
                              ../../shared/CMakeFiles/DJI_Board_TypeC_irm.dir/bsp/bsp_can.cc.obj (std::_Rb_tree_increment(std::_Rb_tree_node_base*))
/Users/chensihan/Downloads/gcc-arm-none-eabi-10.3-2021.10/bin/../lib/gcc/arm-none-eabi/10.3.1/../../../../arm-none-eabi/lib/thumb/v7e-m+fp/hard/libstdc++_nano.a(functexcept.o)
                              ../../shared/CMakeFiles/DJI_Board_TypeC_irm.dir/libraries/shooter.cc.obj (std::__throw_bad_alloc())
/Users/chensihan/Downloads/gcc-arm-none-eabi-10.3-2021.10/bin/../lib/gcc/arm-none-eabi/10.3.1/../../../../arm-none-eabi/lib/thumb/v7e-m+fp/hard/libstdc++_nano.a(hashtable_c++0x.o)
                              ../../shared/CMakeFiles/DJI_Board_TypeC_irm.dir/libraries/shooter.cc.obj (std::__detail::_Prime_rehash_policy::_M_need_rehash(unsigned int, unsigned int, unsigned int) const)
/Users/chensihan/Downloads/gcc-arm-none-eabi-10.3-2021.10/bin/../lib/gcc/arm-none-eabi/10.3.1/../../../../arm-none-eabi/lib/thumb/v7e-m+fp/hard/libstdc++_nano.a(snprintf_lite.o)
                              /Users/chensihan/Downloads/gcc-arm-none-eabi-10.3-2021.10/bin/../lib/gcc/arm-none-eabi/10.3.1/../../../../arm-none-eabi/lib/thumb/v7e-m+fp/hard/libstdc++_nano.a(functexcept.o) (__gnu_cxx::__snprintf_lite(char*, unsigned int, char const*, std::__va_list))
/Users/chensihan/Downloads/gcc-arm-none-eabi-10.3-2021.10/bin/../lib/gcc/arm-none-eabi/10.3.1/../../../../arm-none-eabi/lib/thumb/v7e-m+fp/hard/libstdc++_nano.a(eh_terminate.o)
                              /Users/chensihan/Downloads/gcc-arm-none-eabi-10.3-2021.10/bin/../lib/gcc/arm-none-eabi/10.3.1/../../../../arm-none-eabi/lib/thumb/v7e-m+fp/hard/libstdc++_nano.a(pure.o) (std::terminate())
/Users/chensihan/Downloads/gcc-arm-none-eabi-10.3-2021.10/bin/../lib/gcc/arm-none-eabi/10.3.1/../../../../arm-none-eabi/lib/thumb/v7e-m+fp/hard/libstdc++_nano.a(eh_unex_handler.o)
                              /Users/chensihan/Downloads/gcc-arm-none-eabi-10.3-2021.10/bin/../lib/gcc/arm-none-eabi/10.3.1/../../../../arm-none-eabi/lib/thumb/v7e-m+fp/hard/libstdc++_nano.a(eh_terminate.o) (__cxxabiv1::__unexpected_handler)
/Users/chensihan/Downloads/gcc-arm-none-eabi-10.3-2021.10/bin/../lib/gcc/arm-none-eabi/10.3.1/../../../../arm-none-eabi/lib/thumb/v7e-m+fp/hard/libstdc++_nano.a(math_stubs_long_double.o)
                              /Users/chensihan/Downloads/gcc-arm-none-eabi-10.3-2021.10/bin/../lib/gcc/arm-none-eabi/10.3.1/../../../../arm-none-eabi/lib/thumb/v7e-m+fp/hard/libstdc++_nano.a(hashtable_c++0x.o) (floorl)
/Users/chensihan/Downloads/gcc-arm-none-eabi-10.3-2021.10/bin/../lib/gcc/arm-none-eabi/10.3.1/../../../../arm-none-eabi/lib/thumb/v7e-m+fp/hard/libstdc++_nano.a(eh_term_handler.o)
[...]
Memory Configuration

Name             Origin             Length             Attributes
RAM              0x0000000020000000 0x0000000000020000 xrw
CCMRAM           0x0000000010000000 0x0000000000010000 xrw
FLASH            0x0000000008000000 0x0000000000100000 xr
*default*        0x0000000000000000 0xffffffffffffffff

Linker script and memory map

LOAD /Users/chensihan/Downloads/gcc-arm-none-eabi-10.3-2021.10/bin/../lib/gcc/arm-none-eabi/10.3.1/thumb/v7e-m+fp/hard/crti.o
LOAD /Users/chensihan/Downloads/gcc-arm-none-eabi-10.3-2021.10/bin/../lib/gcc/arm-none-eabi/10.3.1/thumb/v7e-m+fp/hard/crtbegin.o
LOAD /Users/chensihan/Downloads/gcc-arm-none-eabi-10.3-2021.10/bin/../lib/gcc/arm-none-eabi/10.3.1/../../../../arm-none-eabi/lib/thumb/v7e-m+fp/hard/crt0.o
LOAD CMakeFiles/example_dbus.elf.dir/main.cc.obj
LOAD ../../boards/DJI_Board_TypeC/CMakeFiles/DJI_Board_TypeC.dir/Core/Src/can.c.obj
LOAD ../../boards/DJI_Board_TypeC/CMakeFiles/DJI_Board_TypeC.dir/Core/Src/dma.c.obj
LOAD ../../boards/DJI_Board_TypeC/CMakeFiles/DJI_Board_TypeC.dir/Core/Src/freertos.c.obj
LOAD ../../boards/DJI_Board_TypeC/CMakeFiles/DJI_Board_TypeC.dir/Core/Src/gpio.c.obj
LOAD ../../boards/DJI_Board_TypeC/CMakeFiles/DJI_Board_TypeC.dir/Core/Src/i2c.c.obj
LOAD ../../boards/DJI_Board_TypeC/CMakeFiles/DJI_Board_TypeC.dir/Core/Src/main.c.obj
LOAD ../../boards/DJI_Board_TypeC/CMakeFiles/DJI_Board_TypeC.dir/Core/Src/spi.c.obj
LOAD ../../boards/DJI_Board_TypeC/CMakeFiles/DJI_Board_TypeC.dir/Core/Src/stm32f4xx_hal_msp.c.obj
LOAD ../../boards/DJI_Board_TypeC/CMakeFiles/DJI_Board_TypeC.dir/Core/Src/stm32f4xx_hal_timebase_tim.c.obj
LOAD ../../boards/DJI_Board_TypeC/CMakeFiles/DJI_Board_TypeC.dir/Core/Src/stm32f4xx_it.c.obj
LOAD ../../boards/DJI_Board_TypeC/CMakeFiles/DJI_Board_TypeC.dir/Core/Src/system_stm32f4xx.c.obj
LOAD ../../boards/DJI_Board_TypeC/CMakeFiles/DJI_Board_TypeC.dir/Core/Src/tim.c.obj
LOAD ../../boards/DJI_Board_TypeC/CMakeFiles/DJI_Board_TypeC.dir/Core/Src/usart.c.obj
LOAD ../../boards/DJI_Board_TypeC/CMakeFiles/DJI_Board_TypeC.dir/USB_DEVICE/App/usb_device.c.obj
LOAD ../../boards/DJI_Board_TypeC/CMakeFiles/DJI_Board_TypeC.dir/USB_DEVICE/App/usbd_cdc_if.c.obj
LOAD ../../boards/DJI_Board_TypeC/CMakeFiles/DJI_Board_TypeC.dir/USB_DEVICE/App/usbd_desc.c.obj
LOAD ../../boards/DJI_Board_TypeC/CMakeFiles/DJI_Board_TypeC.dir/USB_DEVICE/Target/usbd_conf.c.obj
LOAD ../../boards/DJI_Board_TypeC/CMakeFiles/DJI_Board_TypeC.dir/Drivers/STM32F4xx_HAL_Driver/Src/stm32f4xx_hal.c.obj
LOAD ../../boards/DJI_Board_TypeC/CMakeFiles/DJI_Board_TypeC.dir/Drivers/STM32F4xx_HAL_Driver/Src/stm32f4xx_hal_can.c.obj
LOAD ../../boards/DJI_Board_TypeC/CMakeFiles/DJI_Board_TypeC.dir/Drivers/STM32F4xx_HAL_Driver/Src/stm32f4xx_hal_cortex.c.obj
LOAD ../../boards/DJI_Board_TypeC/CMakeFiles/DJI_Board_TypeC.dir/Drivers/STM32F4xx_HAL_Driver/Src/stm32f4xx_hal_dma.c.obj
LOAD ../../boards/DJI_Board_TypeC/CMakeFiles/DJI_Board_TypeC.dir/Drivers/STM32F4xx_HAL_Driver/Src/stm32f4xx_hal_dma_ex.c.obj
LOAD ../../boards/DJI_Board_TypeC/CMakeFiles/DJI_Board_TypeC.dir/Drivers/STM32F4xx_HAL_Driver/Src/stm32f4xx_hal_exti.c.obj
LOAD ../../boards/DJI_Board_TypeC/CMakeFiles/DJI_Board_TypeC.dir/Drivers/STM32F4xx_HAL_Driver/Src/stm32f4xx_hal_flash.c.obj
LOAD ../../boards/DJI_Board_TypeC/CMakeFiles/DJI_Board_TypeC.dir/Drivers/STM32F4xx_HAL_Driver/Src/stm32f4xx_hal_flash_ex.c.obj
LOAD ../../boards/DJI_Board_TypeC/CMakeFiles/DJI_Board_TypeC.dir/Drivers/STM32F4xx_HAL_Driver/Src/stm32f4xx_hal_flash_ramfunc.c.obj
LOAD ../../boards/DJI_Board_TypeC/CMakeFiles/DJI_Board_TypeC.dir/Drivers/STM32F4xx_HAL_Driver/Src/stm32f4xx_hal_gpio.c.obj
LOAD ../../boards/DJI_Board_TypeC/CMakeFiles/DJI_Board_TypeC.dir/Drivers/STM32F4xx_HAL_Driver/Src/stm32f4xx_hal_i2c.c.obj
LOAD ../../boards/DJI_Board_TypeC/CMakeFiles/DJI_Board_TypeC.dir/Drivers/STM32F4xx_HAL_Driver/Src/stm32f4xx_hal_i2c_ex.c.obj
LOAD ../../boards/DJI_Board_TypeC/CMakeFiles/DJI_Board_TypeC.dir/Drivers/STM32F4xx_HAL_Driver/Src/stm32f4xx_hal_pcd.c.obj
LOAD ../../boards/DJI_Board_TypeC/CMakeFiles/DJI_Board_TypeC.dir/Drivers/STM32F4xx_HAL_Driver/Src/stm32f4xx_hal_pcd_ex.c.obj
LOAD ../../boards/DJI_Board_TypeC/CMakeFiles/DJI_Board_TypeC.dir/Drivers/STM32F4xx_HAL_Driver/Src/stm32f4xx_hal_pwr.c.obj
LOAD ../../boards/DJI_Board_TypeC/CMakeFiles/DJI_Board_TypeC.dir/Drivers/STM32F4xx_HAL_Driver/Src/stm32f4xx_hal_pwr_ex.c.obj
LOAD ../../boards/DJI_Board_TypeC/CMakeFiles/DJI_Board_TypeC.dir/Drivers/STM32F4xx_HAL_Driver/Src/stm32f4xx_hal_rcc.c.obj
LOAD ../../boards/DJI_Board_TypeC/CMakeFiles/DJI_Board_TypeC.dir/Drivers/STM32F4xx_HAL_Driver/Src/stm32f4xx_hal_rcc_ex.c.obj
LOAD ../../boards/DJI_Board_TypeC/CMakeFiles/DJI_Board_TypeC.dir/Drivers/STM32F4xx_HAL_Driver/Src/stm32f4xx_hal_spi.c.obj
LOAD ../../boards/DJI_Board_TypeC/CMakeFiles/DJI_Board_TypeC.dir/Drivers/STM32F4xx_HAL_Driver/Src/stm32f4xx_hal_tim.c.obj
LOAD ../../boards/DJI_Board_TypeC/CMakeFiles/DJI_Board_TypeC.dir/Drivers/STM32F4xx_HAL_Driver/Src/stm32f4xx_hal_tim_ex.c.obj
LOAD ../../boards/DJI_Board_TypeC/CMakeFiles/DJI_Board_TypeC.dir/Drivers/STM32F4xx_HAL_Driver/Src/stm32f4xx_hal_uart.c.obj
LOAD ../../boards/DJI_Board_TypeC/CMakeFiles/DJI_Board_TypeC.dir/Drivers/STM32F4xx_HAL_Driver/Src/stm32f4xx_ll_usb.c.obj
LOAD ../../boards/DJI_Board_TypeC/CMakeFiles/DJI_Board_TypeC.dir/Middlewares/ST/STM32_USB_Device_Library/Class/CDC/Src/usbd_cdc.c.obj
LOAD ../../boards/DJI_Board_TypeC/CMakeFiles/DJI_Board_TypeC.dir/Middlewares/ST/STM32_USB_Device_Library/Core/Src/usbd_core.c.obj
LOAD ../../boards/DJI_Board_TypeC/CMakeFiles/DJI_Board_TypeC.dir/Middlewares/ST/STM32_USB_Device_Library/Core/Src/usbd_ctlreq.c.obj
LOAD ../../boards/DJI_Board_TypeC/CMakeFiles/DJI_Board_TypeC.dir/Middlewares/ST/STM32_USB_Device_Library/Core/Src/usbd_ioreq.c.obj
LOAD ../../boards/DJI_Board_TypeC/CMakeFiles/DJI_Board_TypeC.dir/Middlewares/Third_Party/FreeRTOS/Source/CMSIS_RTOS_V2/cmsis_os2.c.obj
LOAD ../../boards/DJI_Board_TypeC/CMakeFiles/DJI_Board_TypeC.dir/Middlewares/Third_Party/FreeRTOS/Source/croutine.c.obj
LOAD ../../boards/DJI_Board_TypeC/CMakeFiles/DJI_Board_TypeC.dir/Middlewares/Third_Party/FreeRTOS/Source/event_groups.c.obj
LOAD ../../boards/DJI_Board_TypeC/CMakeFiles/DJI_Board_TypeC.dir/Middlewares/Third_Party/FreeRTOS/Source/list.c.obj
LOAD ../../boards/DJI_Board_TypeC/CMakeFiles/DJI_Board_TypeC.dir/Middlewares/Third_Party/FreeRTOS/Source/portable/GCC/ARM_CM4F/port.c.obj
LOAD ../../boards/DJI_Board_TypeC/CMakeFiles/DJI_Board_TypeC.dir/Middlewares/Third_Party/FreeRTOS/Source/portable/MemMang/heap_4.c.obj
LOAD ../../boards/DJI_Board_TypeC/CMakeFiles/DJI_Board_TypeC.dir/Middlewares/Third_Party/FreeRTOS/Source/queue.c.obj
LOAD ../../boards/DJI_Board_TypeC/CMakeFiles/DJI_Board_TypeC.dir/Middlewares/Third_Party/FreeRTOS/Source/stream_buffer.c.obj
LOAD ../../boards/DJI_Board_TypeC/CMakeFiles/DJI_Board_TypeC.dir/Middlewares/Third_Party/FreeRTOS/Source/tasks.c.obj
LOAD ../../boards/DJI_Board_TypeC/CMakeFiles/DJI_Board_TypeC.dir/Middlewares/Third_Party/FreeRTOS/Source/timers.c.obj
LOAD ../../boards/DJI_Board_TypeC/CMakeFiles/DJI_Board_TypeC.dir/startup_stm32f407xx.s.obj
LOAD ../../shared/CMakeFiles/DJI_Board_TypeC_irm.dir/bsp/bsp_buzzer.cc.obj
LOAD ../../shared/CMakeFiles/DJI_Board_TypeC_irm.dir/bsp/bsp_can.cc.obj
LOAD ../../shared/CMakeFiles/DJI_Board_TypeC_irm.dir/bsp/bsp_can_bridge.cc.obj
LOAD ../../shared/CMakeFiles/DJI_Board_TypeC_irm.dir/bsp/bsp_error_handler.cc.obj
LOAD ../../shared/CMakeFiles/DJI_Board_TypeC_irm.dir/bsp/bsp_gpio.cc.obj
LOAD ../../shared/CMakeFiles/DJI_Board_TypeC_irm.dir/bsp/bsp_heater.cc.obj
LOAD ../../shared/CMakeFiles/DJI_Board_TypeC_irm.dir/bsp/bsp_imu.cc.obj
LOAD ../../shared/CMakeFiles/DJI_Board_TypeC_irm.dir/bsp/bsp_laser.cc.obj
LOAD ../../shared/CMakeFiles/DJI_Board_TypeC_irm.dir/bsp/bsp_memory.cc.obj
LOAD ../../shared/CMakeFiles/DJI_Board_TypeC_irm.dir/bsp/bsp_os.cc.obj
LOAD ../../shared/CMakeFiles/DJI_Board_TypeC_irm.dir/bsp/bsp_print.cc.obj
LOAD ../../shared/CMakeFiles/DJI_Board_TypeC_irm.dir/bsp/bsp_pwm.cc.obj
LOAD ../../shared/CMakeFiles/DJI_Board_TypeC_irm.dir/bsp/bsp_relay.cc.obj
LOAD ../../shared/CMakeFiles/DJI_Board_TypeC_irm.dir/bsp/bsp_sdio.cc.obj
LOAD ../../shared/CMakeFiles/DJI_Board_TypeC_irm.dir/bsp/bsp_uart.cc.obj
LOAD ../../shared/CMakeFiles/DJI_Board_TypeC_irm.dir/bsp/bsp_ultrasonic.cc.obj
LOAD ../../shared/CMakeFiles/DJI_Board_TypeC_irm.dir/bsp/bsp_usb.cc.obj
LOAD ../../shared/CMakeFiles/DJI_Board_TypeC_irm.dir/libraries/chassis.cc.obj
LOAD ../../shared/CMakeFiles/DJI_Board_TypeC_irm.dir/libraries/controller.cc.obj
LOAD ../../shared/CMakeFiles/DJI_Board_TypeC_irm.dir/libraries/dbus.cc.obj
LOAD ../../shared/CMakeFiles/DJI_Board_TypeC_irm.dir/libraries/fortress.cc.obj
LOAD ../../shared/CMakeFiles/DJI_Board_TypeC_irm.dir/libraries/gimbal.cc.obj
LOAD ../../shared/CMakeFiles/DJI_Board_TypeC_irm.dir/libraries/lidar07.cc.obj
LOAD ../../shared/CMakeFiles/DJI_Board_TypeC_irm.dir/libraries/minipc.cc.obj
LOAD ../../shared/CMakeFiles/DJI_Board_TypeC_irm.dir/libraries/motor.cc.obj
LOAD ../../shared/CMakeFiles/DJI_Board_TypeC_irm.dir/libraries/oled.cc.obj
LOAD ../../shared/CMakeFiles/DJI_Board_TypeC_irm.dir/libraries/pose.cc.obj
LOAD ../../shared/CMakeFiles/DJI_Board_TypeC_irm.dir/libraries/power_limit.cc.obj
LOAD ../../shared/CMakeFiles/DJI_Board_TypeC_irm.dir/libraries/protocol.cc.obj
LOAD ../../shared/CMakeFiles/DJI_Board_TypeC_irm.dir/libraries/rgb.cc.obj
LOAD ../../shared/CMakeFiles/DJI_Board_TypeC_irm.dir/libraries/shooter.cc.obj
LOAD ../../shared/CMakeFiles/DJI_Board_TypeC_irm.dir/libraries/steering.cc.obj
LOAD ../../shared/CMakeFiles/DJI_Board_TypeC_irm.dir/libraries/stepper.cc.obj
LOAD ../../shared/CMakeFiles/DJI_Board_TypeC_irm.dir/libraries/supercap.cc.obj
LOAD ../../shared/CMakeFiles/DJI_Board_TypeC_irm.dir/libraries/user_interface.cc.obj
LOAD ../../shared/CMakeFiles/DJI_Board_TypeC_irm.dir/libraries/utils.cc.obj
LOAD ../../shared/CMakeFiles/DJI_Board_TypeC_irm.dir/third_party/MahonyAHRS.c.obj
LOAD ../../shared/CMakeFiles/DJI_Board_TypeC_irm.dir/third_party/crc_check.c.obj
LOAD ../../shared/CMakeFiles/DJI_Board_TypeC_irm.dir/third_party/printf.c.obj
LOAD ../../boards/DJI_Board_TypeC/libDJI_Board_TypeC_libDSP.a
LOAD /Users/chensihan/Downloads/gcc-arm-none-eabi-10.3-2021.10/bin/../lib/gcc/arm-none-eabi/10.3.1/../../../../arm-none-eabi/lib/thumb/v7e-m+fp/hard/libstdc++_nano.a
LOAD /Users/chensihan/Downloads/gcc-arm-none-eabi-10.3-2021.10/bin/../lib/gcc/arm-none-eabi/10.3.1/../../../../arm-none-eabi/lib/thumb/v7e-m+fp/hard/libm.a
LOAD /Users/chensihan/Downloads/gcc-arm-none-eabi-10.3-2021.10/bin/../lib/gcc/arm-none-eabi/10.3.1/../../../../arm-none-eabi/lib/thumb/v7e-m+fp/hard/libc_nano.a
START GROUP
LOAD /Users/chensihan/Downloads/gcc-arm-none-eabi-10.3-2021.10/bin/../lib/gcc/arm-none-eabi/10.3.1/thumb/v7e-m+fp/hard/libgcc.a
LOAD /Users/chensihan/Downloads/gcc-arm-none-eabi-10.3-2021.10/bin/../lib/gcc/arm-none-eabi/10.3.1/../../../../arm-none-eabi/lib/thumb/v7e-m+fp/hard/libc_nano.a
END GROUP
START GROUP
LOAD /Users/chensihan/Downloads/gcc-arm-none-eabi-10.3-2021.10/bin/../lib/gcc/arm-none-eabi/10.3.1/thumb/v7e-m+fp/hard/libgcc.a
LOAD /Users/chensihan/Downloads/gcc-arm-none-eabi-10.3-2021.10/bin/../lib/gcc/arm-none-eabi/10.3.1/../../../../arm-none-eabi/lib/thumb/v7e-m+fp/hard/libc_nano.a
LOAD /Users/chensihan/Downloads/gcc-arm-none-eabi-10.3-2021.10/bin/../lib/gcc/arm-none-eabi/10.3.1/../../../../arm-none-eabi/lib/thumb/v7e-m+fp/hard/libnosys.a
END GROUP
START GROUP
LOAD /Users/chensihan/Downloads/gcc-arm-none-eabi-10.3-2021.10/bin/../lib/gcc/arm-none-eabi/10.3.1/thumb/v7e-m+fp/hard/libgcc.a
LOAD /Users/chensihan/Downloads/gcc-arm-none-eabi-10.3-2021.10/bin/../lib/gcc/arm-none-eabi/10.3.1/../../../../arm-none-eabi/lib/thumb/v7e-m+fp/hard/libc_nano.a
LOAD /Users/chensihan/Downloads/gcc-arm-none-eabi-10.3-2021.10/bin/../lib/gcc/arm-none-eabi/10.3.1/../../../../arm-none-eabi/lib/thumb/v7e-m+fp/hard/libnosys.a
END GROUP
LOAD /Users/chensihan/Downloads/gcc-arm-none-eabi-10.3-2021.10/bin/../lib/gcc/arm-none-eabi/10.3.1/thumb/v7e-m+fp/hard/crtend.o
LOAD /Users/chensihan/Downloads/gcc-arm-none-eabi-10.3-2021.10/bin/../lib/gcc/arm-none-eabi/10.3.1/thumb/v7e-m+fp/hard/crtn.o
                0x0000000020020000                _estack = (ORIGIN (RAM) + LENGTH (RAM))
                0x0000000000002000                _Min_Heap_Size = 0x2000
                0x0000000000002000                _Min_Stack_Size = 0x2000

.isr_vector     0x0000000008000000      0x188
                0x0000000008000000                . = ALIGN (0x4)
 *(.isr_vector)
 .isr_vector    0x0000000008000000      0x188 ../../boards/DJI_Board_TypeC/CMakeFiles/DJI_Board_TypeC.dir/startup_stm32f407xx.s.obj
                0x0000000008000000                g_pfnVectors
                0x0000000008000188                . = ALIGN (0x4)

.text           0x0000000008000190     0xaf28
                0x0000000008000190                . = ALIGN (0x4)
 *(.text)
 .text          0x0000000008000190       0x40 /Users/chensihan/Downloads/gcc-arm-none-eabi-10.3-2021.10/bin/../lib/gcc/arm-none-eabi/10.3.1/thumb/v7e-m+fp/hard/crtbegin.o
 .text          0x00000000080001d0       0x14 /Users/chensihan/Downloads/gcc-arm-none-eabi-10.3-2021.10/bin/../lib/gcc/arm-none-eabi/10.3.1/../../../../arm-none-eabi/lib/thumb/v7e-m+fp/hard/libc_nano.a(lib_a-strcmp.o)
                0x00000000080001d0                strcmp
 .text          0x00000000080001e4       0x30 /Users/chensihan/Downloads/gcc-arm-none-eabi-10.3-2021.10/bin/../lib/gcc/arm-none-eabi/10.3.1/thumb/v7e-m+fp/hard/libgcc.a(_aeabi_uldivmod.o)
                0x00000000080001e4                __aeabi_uldivmod
 .text          0x0000000008000214      0x2d0 /Users/chensihan/Downloads/gcc-arm-none-eabi-10.3-2021.10/bin/../lib/gcc/arm-none-eabi/10.3.1/thumb/v7e-m+fp/hard/libgcc.a(_udivmoddi4.o)
                0x0000000008000214                __udivmoddi4
 .text          0x00000000080004e4        0x4 /Users/chensihan/Downloads/gcc-arm-none-eabi-10.3-2021.10/bin/../lib/gcc/arm-none-eabi/10.3.1/thumb/v7e-m+fp/hard/libgcc.a(_dvmd_tls.o)
                0x00000000080004e4                __aeabi_ldiv0
                0x00000000080004e4                __aeabi_idiv0
 *(.text*)
 .text.RM_RTOS_Init
                0x00000000080004e8       0x28 CMakeFiles/example_dbus.elf.dir/main.cc.obj
                0x00000000080004e8                RM_RTOS_Init
 .text.RM_RTOS_Default_Task
                0x0000000008000510       0x58 CMakeFiles/example_dbus.elf.dir/main.cc.obj
                0x0000000008000510                RM_RTOS_Default_Task
 .text.MX_CAN1_Init
                0x0000000008000568       0x40 ../../boards/DJI_Board_TypeC/CMakeFiles/DJI_Board_TypeC.dir/Core/Src/can.c.obj
                0x0000000008000568                MX_CAN1_Init
 .text.MX_CAN2_Init
                0x00000000080005a8       0x40 ../../boards/DJI_Board_TypeC/CMakeFiles/DJI_Board_TypeC.dir/Core/Src/can.c.obj
                0x00000000080005a8                MX_CAN2_Init
 .text.HAL_CAN_MspInit
                0x00000000080005e8      0x150 ../../boards/DJI_Board_TypeC/CMakeFiles/DJI_Board_TypeC.dir/Core/Src/can.c.obj
                0x00000000080005e8                HAL_CAN_MspInit
 .text.MX_DMA_Init
                0x0000000008000738       0xa8 ../../boards/DJI_Board_TypeC/CMakeFiles/DJI_Board_TypeC.dir/Core/Src/dma.c.obj
                0x0000000008000738                MX_DMA_Init
 .text.RM_RTOS_Mutexes_Init
                0x00000000080007e0        0x4 ../../boards/DJI_Board_TypeC/CMakeFiles/DJI_Board_TypeC.dir/Core/Src/freertos.c.obj
                0x00000000080007e0                RM_RTOS_Mutexes_Init
 .text.RM_RTOS_Semaphores_Init
                0x00000000080007e4        0x4 ../../boards/DJI_Board_TypeC/CMakeFiles/DJI_Board_TypeC.dir/Core/Src/freertos.c.obj
                0x00000000080007e4                RM_RTOS_Semaphores_Init
 .text.RM_RTOS_Timers_Init
                0x00000000080007e8        0x4 ../../boards/DJI_Board_TypeC/CMakeFiles/DJI_Board_TypeC.dir/Core/Src/freertos.c.obj
                0x00000000080007e8                RM_RTOS_Timers_Init
 .text.RM_RTOS_Queues_Init
                0x00000000080007ec        0x4 ../../boards/DJI_Board_TypeC/CMakeFiles/DJI_Board_TypeC.dir/Core/Src/freertos.c.obj
                0x00000000080007ec                RM_RTOS_Queues_Init
 .text.RM_RTOS_Threads_Init
                0x00000000080007f0        0x4 ../../boards/DJI_Board_TypeC/CMakeFiles/DJI_Board_TypeC.dir/Core/Src/freertos.c.obj
                0x00000000080007f0                RM_RTOS_Threads_Init
 .text.RM_RTOS_Ready
                0x00000000080007f4        0x4 ../../boards/DJI_Board_TypeC/CMakeFiles/DJI_Board_TypeC.dir/Core/Src/freertos.c.obj
                0x00000000080007f4                RM_RTOS_Ready
 .text.StartDefaultTask
                0x00000000080007f8       0x18 ../../boards/DJI_Board_TypeC/CMakeFiles/DJI_Board_TypeC.dir/Core/Src/freertos.c.obj
                0x00000000080007f8                StartDefaultTask
 .text.MX_FREERTOS_Init
                0x0000000008000810       0x3c ../../boards/DJI_Board_TypeC/CMakeFiles/DJI_Board_TypeC.dir/Core/Src/freertos.c.obj
                0x0000000008000810                MX_FREERTOS_Init
 *fill*         0x000000000800084c        0x4 
 .text.MX_GPIO_Init
                0x0000000008000850      0x254 ../../boards/DJI_Board_TypeC/CMakeFiles/DJI_Board_TypeC.dir/Core/Src/gpio.c.obj
                0x0000000008000850                MX_GPIO_Init
 .text.MX_I2C2_Init
                0x0000000008000aa4       0x3c ../../boards/DJI_Board_TypeC/CMakeFiles/DJI_Board_TypeC.dir/Core/Src/i2c.c.obj
                0x0000000008000aa4                MX_I2C2_Init
 .text.MX_I2C3_Init
                0x0000000008000ae0       0x3c ../../boards/DJI_Board_TypeC/CMakeFiles/DJI_Board_TypeC.dir/Core/Src/i2c.c.obj
                0x0000000008000ae0                MX_I2C3_Init
 .text.HAL_I2C_MspInit
                0x0000000008000b1c      0x108 ../../boards/DJI_Board_TypeC/CMakeFiles/DJI_Board_TypeC.dir/Core/Src/i2c.c.obj
                0x0000000008000b1c                HAL_I2C_MspInit
 *fill*         0x0000000008000c24        0x4 
 .text.SystemClock_Config
                0x0000000008000c28       0xb8 ../../boards/DJI_Board_TypeC/CMakeFiles/DJI_Board_TypeC.dir/Core/Src/main.c.obj
                0x0000000008000c28                SystemClock_Config
 .text.startup.main
                0x0000000008000ce0       0x54 ../../boards/DJI_Board_TypeC/CMakeFiles/DJI_Board_TypeC.dir/Core/Src/main.c.obj
                0x0000000008000ce0                main
 .text.HAL_TIM_PeriodElapsedCallback
                0x0000000008000d34       0x14 ../../boards/DJI_Board_TypeC/CMakeFiles/DJI_Board_TypeC.dir/Core/Src/main.c.obj
                0x0000000008000d34                HAL_TIM_PeriodElapsedCallback
 .text.Error_Handler
                0x0000000008000d48        0x4 ../../boards/DJI_Board_TypeC/CMakeFiles/DJI_Board_TypeC.dir/Core/Src/main.c.obj
                0x0000000008000d48                Error_Handler
 .text.MX_SPI1_Init
                0x0000000008000d4c       0x48 ../../boards/DJI_Board_TypeC/CMakeFiles/DJI_Board_TypeC.dir/Core/Src/spi.c.obj
                0x0000000008000d4c                MX_SPI1_Init
 .text.HAL_SPI_MspInit
                0x0000000008000d94      0x12c ../../boards/DJI_Board_TypeC/CMakeFiles/DJI_Board_TypeC.dir/Core/Src/spi.c.obj
                0x0000000008000d94                HAL_SPI_MspInit
 .text.HAL_MspInit
                0x0000000008000ec0       0x40 ../../boards/DJI_Board_TypeC/CMakeFiles/DJI_Board_TypeC.dir/Core/Src/stm32f4xx_hal_msp.c.obj
                0x0000000008000ec0                HAL_MspInit
 .text.HAL_InitTick
                0x0000000008000f00       0x80 ../../boards/DJI_Board_TypeC/CMakeFiles/DJI_Board_TypeC.dir/Core/Src/stm32f4xx_hal_timebase_tim.c.obj
                0x0000000008000f00                HAL_InitTick
 .text.NMI_Handler
                0x0000000008000f80        0x4 ../../boards/DJI_Board_TypeC/CMakeFiles/DJI_Board_TypeC.dir/Core/Src/stm32f4xx_it.c.obj
                0x0000000008000f80                NMI_Handler
 .text.HardFault_Handler
                0x0000000008000f84        0x4 ../../boards/DJI_Board_TypeC/CMakeFiles/DJI_Board_TypeC.dir/Core/Src/stm32f4xx_it.c.obj
                0x0000000008000f84                HardFault_Handler
 .text.MemManage_Handler
                0x0000000008000f88        0x4 ../../boards/DJI_Board_TypeC/CMakeFiles/DJI_Board_TypeC.dir/Core/Src/stm32f4xx_it.c.obj
                0x0000000008000f88                MemManage_Handler
 .text.BusFault_Handler
                0x0000000008000f8c        0x4 ../../boards/DJI_Board_TypeC/CMakeFiles/DJI_Board_TypeC.dir/Core/Src/stm32f4xx_it.c.obj
                0x0000000008000f8c                BusFault_Handler
 .text.UsageFault_Handler
                0x0000000008000f90        0x4 ../../boards/DJI_Board_TypeC/CMakeFiles/DJI_Board_TypeC.dir/Core/Src/stm32f4xx_it.c.obj
                0x0000000008000f90                UsageFault_Handler
 .text.DebugMon_Handler
                0x0000000008000f94        0x4 ../../boards/DJI_Board_TypeC/CMakeFiles/DJI_Board_TypeC.dir/Core/Src/stm32f4xx_it.c.obj
                0x0000000008000f94                DebugMon_Handler
 .text.EXTI3_IRQHandler
                0x0000000008000f98        0x8 ../../boards/DJI_Board_TypeC/CMakeFiles/DJI_Board_TypeC.dir/Core/Src/stm32f4xx_it.c.obj
                0x0000000008000f98                EXTI3_IRQHandler
 .text.EXTI4_IRQHandler
                0x0000000008000fa0        0x8 ../../boards/DJI_Board_TypeC/CMakeFiles/DJI_Board_TypeC.dir/Core/Src/stm32f4xx_it.c.obj
                0x0000000008000fa0                EXTI4_IRQHandler
 .text.DMA1_Stream1_IRQHandler
                0x0000000008000fa8        0xc ../../boards/DJI_Board_TypeC/CMakeFiles/DJI_Board_TypeC.dir/Core/Src/stm32f4xx_it.c.obj
                0x0000000008000fa8                DMA1_Stream1_IRQHandler
 .text.CAN1_TX_IRQHandler
                0x0000000008000fb4        0xc ../../boards/DJI_Board_TypeC/CMakeFiles/DJI_Board_TypeC.dir/Core/Src/stm32f4xx_it.c.obj
                0x0000000008000fb4                CAN1_TX_IRQHandler
 .text.CAN1_RX0_IRQHandler
                0x0000000008000fc0        0xc ../../boards/DJI_Board_TypeC/CMakeFiles/DJI_Board_TypeC.dir/Core/Src/stm32f4xx_it.c.obj
                0x0000000008000fc0                CAN1_RX0_IRQHandler
 .text.EXTI9_5_IRQHandler
                0x0000000008000fcc        0x8 ../../boards/DJI_Board_TypeC/CMakeFiles/DJI_Board_TypeC.dir/Core/Src/stm32f4xx_it.c.obj
                0x0000000008000fcc                EXTI9_5_IRQHandler
 .text.TIM3_IRQHandler
                0x0000000008000fd4        0xc ../../boards/DJI_Board_TypeC/CMakeFiles/DJI_Board_TypeC.dir/Core/Src/stm32f4xx_it.c.obj
                0x0000000008000fd4                TIM3_IRQHandler
 .text.USART1_IRQHandler
                0x0000000008000fe0       0x18 ../../boards/DJI_Board_TypeC/CMakeFiles/DJI_Board_TypeC.dir/Core/Src/stm32f4xx_it.c.obj
                0x0000000008000fe0                USART1_IRQHandler
 .text.USART3_IRQHandler
                0x0000000008000ff8       0x18 ../../boards/DJI_Board_TypeC/CMakeFiles/DJI_Board_TypeC.dir/Core/Src/stm32f4xx_it.c.obj
                0x0000000008000ff8                USART3_IRQHandler
 .text.DMA2_Stream1_IRQHandler
                0x0000000008001010        0xc ../../boards/DJI_Board_TypeC/CMakeFiles/DJI_Board_TypeC.dir/Core/Src/stm32f4xx_it.c.obj
                0x0000000008001010                DMA2_Stream1_IRQHandler
 .text.DMA2_Stream2_IRQHandler
                0x000000000800101c       0x1c ../../boards/DJI_Board_TypeC/CMakeFiles/DJI_Board_TypeC.dir/Core/Src/stm32f4xx_it.c.obj
                0x000000000800101c                DMA2_Stream2_IRQHandler
 .text.DMA2_Stream3_IRQHandler
                0x0000000008001038        0xc ../../boards/DJI_Board_TypeC/CMakeFiles/DJI_Board_TypeC.dir/Core/Src/stm32f4xx_it.c.obj
                0x0000000008001038                DMA2_Stream3_IRQHandler
 .text.CAN2_TX_IRQHandler
                0x0000000008001044        0xc ../../boards/DJI_Board_TypeC/CMakeFiles/DJI_Board_TypeC.dir/Core/Src/stm32f4xx_it.c.obj
                0x0000000008001044                CAN2_TX_IRQHandler
 .text.CAN2_RX0_IRQHandler
                0x0000000008001050        0xc ../../boards/DJI_Board_TypeC/CMakeFiles/DJI_Board_TypeC.dir/Core/Src/stm32f4xx_it.c.obj
                0x0000000008001050                CAN2_RX0_IRQHandler
 .text.OTG_FS_IRQHandler
                0x000000000800105c        0xc ../../boards/DJI_Board_TypeC/CMakeFiles/DJI_Board_TypeC.dir/Core/Src/stm32f4xx_it.c.obj
                0x000000000800105c                OTG_FS_IRQHandler
 .text.DMA2_Stream5_IRQHandler
                0x0000000008001068        0xc ../../boards/DJI_Board_TypeC/CMakeFiles/DJI_Board_TypeC.dir/Core/Src/stm32f4xx_it.c.obj
                0x0000000008001068                DMA2_Stream5_IRQHandler
 .text.DMA2_Stream6_IRQHandler
                0x0000000008001074        0xc ../../boards/DJI_Board_TypeC/CMakeFiles/DJI_Board_TypeC.dir/Core/Src/stm32f4xx_it.c.obj
                0x0000000008001074                DMA2_Stream6_IRQHandler
 .text.DMA2_Stream7_IRQHandler
                0x0000000008001080        0xc ../../boards/DJI_Board_TypeC/CMakeFiles/DJI_Board_TypeC.dir/Core/Src/stm32f4xx_it.c.obj
                0x0000000008001080                DMA2_Stream7_IRQHandler
 .text.USART6_IRQHandler
                0x000000000800108c       0x18 ../../boards/DJI_Board_TypeC/CMakeFiles/DJI_Board_TypeC.dir/Core/Src/stm32f4xx_it.c.obj
                0x000000000800108c                USART6_IRQHandler
 .text.SystemInit
                0x00000000080010a4       0x14 ../../boards/DJI_Board_TypeC/CMakeFiles/DJI_Board_TypeC.dir/Core/Src/system_stm32f4xx.c.obj
                0x00000000080010a4                SystemInit
 .text.MX_TIM8_Init
                0x00000000080010b8       0x78 ../../boards/DJI_Board_TypeC/CMakeFiles/DJI_Board_TypeC.dir/Core/Src/tim.c.obj
                0x00000000080010b8                MX_TIM8_Init
 .text.MX_TIM10_Init
                0x0000000008001130      0x1a0 ../../boards/DJI_Board_TypeC/CMakeFiles/DJI_Board_TypeC.dir/Core/Src/tim.c.obj
                0x0000000008001130                MX_TIM10_Init
 .text.HAL_TIM_Base_MspInit
                0x00000000080012d0       0xc4 ../../boards/DJI_Board_TypeC/CMakeFiles/DJI_Board_TypeC.dir/Core/Src/tim.c.obj
                0x00000000080012d0                HAL_TIM_Base_MspInit
 *fill*         0x0000000008001394        0x4 
 .text.HAL_TIM_MspPostInit
                0x0000000008001398      0x13c ../../boards/DJI_Board_TypeC/CMakeFiles/DJI_Board_TypeC.dir/Core/Src/tim.c.obj
                0x0000000008001398                HAL_TIM_MspPostInit
 *fill*         0x00000000080014d4        0x4 
 .text.MX_TIM1_Init
                0x00000000080014d8      0x130 ../../boards/DJI_Board_TypeC/CMakeFiles/DJI_Board_TypeC.dir/Core/Src/tim.c.obj
                0x00000000080014d8                MX_TIM1_Init
 .text.MX_TIM4_Init
                0x0000000008001608       0xc0 ../../boards/DJI_Board_TypeC/CMakeFiles/DJI_Board_TypeC.dir/Core/Src/tim.c.obj
                0x0000000008001608                MX_TIM4_Init
 .text.MX_TIM5_Init
                0x00000000080016c8       0xe8 ../../boards/DJI_Board_TypeC/CMakeFiles/DJI_Board_TypeC.dir/Core/Src/tim.c.obj
                0x00000000080016c8                MX_TIM5_Init
 .text.MX_USART1_UART_Init
                0x00000000080017b0       0x38 ../../boards/DJI_Board_TypeC/CMakeFiles/DJI_Board_TypeC.dir/Core/Src/usart.c.obj
                0x00000000080017b0                MX_USART1_UART_Init
 .text.MX_USART3_UART_Init
                0x00000000080017e8       0x40 ../../boards/DJI_Board_TypeC/CMakeFiles/DJI_Board_TypeC.dir/Core/Src/usart.c.obj
                0x00000000080017e8                MX_USART3_UART_Init
 .text.MX_USART6_UART_Init
                0x0000000008001828       0x38 ../../boards/DJI_Board_TypeC/CMakeFiles/DJI_Board_TypeC.dir/Core/Src/usart.c.obj
                0x0000000008001828                MX_USART6_UART_Init
 .text.HAL_UART_MspInit
                0x0000000008001860      0x2e4 ../../boards/DJI_Board_TypeC/CMakeFiles/DJI_Board_TypeC.dir/Core/Src/usart.c.obj
                0x0000000008001860                HAL_UART_MspInit
 .text.MX_USB_DEVICE_Init
                0x0000000008001b44       0x74 ../../boards/DJI_Board_TypeC/CMakeFiles/DJI_Board_TypeC.dir/USB_DEVICE/App/usb_device.c.obj
                0x0000000008001b44                MX_USB_DEVICE_Init
 .text.CDC_DeInit_FS
                0x0000000008001bb8        0x4 ../../boards/DJI_Board_TypeC/CMakeFiles/DJI_Board_TypeC.dir/USB_DEVICE/App/usbd_cdc_if.c.obj
 .text.CDC_Control_FS
                0x0000000008001bbc        0x4 ../../boards/DJI_Board_TypeC/CMakeFiles/DJI_Board_TypeC.dir/USB_DEVICE/App/usbd_cdc_if.c.obj
 .text.CDC_TransmitCplt_FS
                0x0000000008001bc0        0x4 ../../boards/DJI_Board_TypeC/CMakeFiles/DJI_Board_TypeC.dir/USB_DEVICE/App/usbd_cdc_if.c.obj
 .text.CDC_Receive_FS
                0x0000000008001bc4       0x1c ../../boards/DJI_Board_TypeC/CMakeFiles/DJI_Board_TypeC.dir/USB_DEVICE/App/usbd_cdc_if.c.obj
 .text.CDC_Init_FS
                0x0000000008001be0       0x28 ../../boards/DJI_Board_TypeC/CMakeFiles/DJI_Board_TypeC.dir/USB_DEVICE/App/usbd_cdc_if.c.obj
 .text.USBD_FS_DeviceDescriptor
                0x0000000008001c08        0xc ../../boards/DJI_Board_TypeC/CMakeFiles/DJI_Board_TypeC.dir/USB_DEVICE/App/usbd_desc.c.obj
                0x0000000008001c08                USBD_FS_DeviceDescriptor
 .text.USBD_FS_LangIDStrDescriptor
                0x0000000008001c14        0xc ../../boards/DJI_Board_TypeC/CMakeFiles/DJI_Board_TypeC.dir/USB_DEVICE/App/usbd_desc.c.obj
                0x0000000008001c14                USBD_FS_LangIDStrDescriptor
 .text.USBD_FS_ManufacturerStrDescriptor
                0x0000000008001c20       0x1c ../../boards/DJI_Board_TypeC/CMakeFiles/DJI_Board_TypeC.dir/USB_DEVICE/App/usbd_desc.c.obj
                0x0000000008001c20                USBD_FS_ManufacturerStrDescriptor
 .text.USBD_FS_ProductStrDescriptor
                0x0000000008001c3c       0x1c ../../boards/DJI_Board_TypeC/CMakeFiles/DJI_Board_TypeC.dir/USB_DEVICE/App/usbd_desc.c.obj
                0x0000000008001c3c                USBD_FS_ProductStrDescriptor
 .text.USBD_FS_ConfigStrDescriptor
                0x0000000008001c58       0x1c ../../boards/DJI_Board_TypeC/CMakeFiles/DJI_Board_TypeC.dir/USB_DEVICE/App/usbd_desc.c.obj
                0x0000000008001c58                USBD_FS_ConfigStrDescriptor
 .text.USBD_FS_InterfaceStrDescriptor
                0x0000000008001c74       0x1c ../../boards/DJI_Board_TypeC/CMakeFiles/DJI_Board_TypeC.dir/USB_DEVICE/App/usbd_desc.c.obj
                0x0000000008001c74                USBD_FS_InterfaceStrDescriptor
 .text.USBD_FS_SerialStrDescriptor
                0x0000000008001c90      0x120 ../../boards/DJI_Board_TypeC/CMakeFiles/DJI_Board_TypeC.dir/USB_DEVICE/App/usbd_desc.c.obj
                0x0000000008001c90                USBD_FS_SerialStrDescriptor
 .text.HAL_PCD_MspInit
                0x0000000008001db0       0x84 ../../boards/DJI_Board_TypeC/CMakeFiles/DJI_Board_TypeC.dir/USB_DEVICE/Target/usbd_conf.c.obj
                0x0000000008001db0                HAL_PCD_MspInit
 .text.HAL_PCD_SetupStageCallback
                0x0000000008001e34        0xc ../../boards/DJI_Board_TypeC/CMakeFiles/DJI_Board_TypeC.dir/USB_DEVICE/Target/usbd_conf.c.obj
                0x0000000008001e34                HAL_PCD_SetupStageCallback
 .text.HAL_PCD_DataOutStageCallback
                0x0000000008001e40       0x14 ../../boards/DJI_Board_TypeC/CMakeFiles/DJI_Board_TypeC.dir/USB_DEVICE/Target/usbd_conf.c.obj
                0x0000000008001e40                HAL_PCD_DataOutStageCallback
 .text.HAL_PCD_DataInStageCallback
                0x0000000008001e54       0x14 ../../boards/DJI_Board_TypeC/CMakeFiles/DJI_Board_TypeC.dir/USB_DEVICE/Target/usbd_conf.c.obj
                0x0000000008001e54                HAL_PCD_DataInStageCallback
 .text.HAL_PCD_SOFCallback
                0x0000000008001e68        0x8 ../../boards/DJI_Board_TypeC/CMakeFiles/DJI_Board_TypeC.dir/USB_DEVICE/Target/usbd_conf.c.obj
                0x0000000008001e68                HAL_PCD_SOFCallback
 .text.HAL_PCD_ResetCallback
                0x0000000008001e70       0x2c ../../boards/DJI_Board_TypeC/CMakeFiles/DJI_Board_TypeC.dir/USB_DEVICE/Target/usbd_conf.c.obj
                0x0000000008001e70                HAL_PCD_ResetCallback
 .text.HAL_PCD_SuspendCallback
                0x0000000008001e9c       0x30 ../../boards/DJI_Board_TypeC/CMakeFiles/DJI_Board_TypeC.dir/USB_DEVICE/Target/usbd_conf.c.obj
                0x0000000008001e9c                HAL_PCD_SuspendCallback
 .text.HAL_PCD_ResumeCallback
                0x0000000008001ecc        0x8 ../../boards/DJI_Board_TypeC/CMakeFiles/DJI_Board_TypeC.dir/USB_DEVICE/Target/usbd_conf.c.obj
                0x0000000008001ecc                HAL_PCD_ResumeCallback
 .text.HAL_PCD_ISOOUTIncompleteCallback
                0x0000000008001ed4        0x8 ../../boards/DJI_Board_TypeC/CMakeFiles/DJI_Board_TypeC.dir/USB_DEVICE/Target/usbd_conf.c.obj
                0x0000000008001ed4                HAL_PCD_ISOOUTIncompleteCallback
 .text.HAL_PCD_ISOINIncompleteCallback
                0x0000000008001edc        0x8 ../../boards/DJI_Board_TypeC/CMakeFiles/DJI_Board_TypeC.dir/USB_DEVICE/Target/usbd_conf.c.obj
                0x0000000008001edc                HAL_PCD_ISOINIncompleteCallback
 .text.HAL_PCD_ConnectCallback
                0x0000000008001ee4        0x8 ../../boards/DJI_Board_TypeC/CMakeFiles/DJI_Board_TypeC.dir/USB_DEVICE/Target/usbd_conf.c.obj
                0x0000000008001ee4                HAL_PCD_ConnectCallback
 .text.HAL_PCD_DisconnectCallback
                0x0000000008001eec        0x8 ../../boards/DJI_Board_TypeC/CMakeFiles/DJI_Board_TypeC.dir/USB_DEVICE/Target/usbd_conf.c.obj
                0x0000000008001eec                HAL_PCD_DisconnectCallback
 *fill*         0x0000000008001ef4        0x4 
 .text.USBD_LL_Init
                0x0000000008001ef8       0x7c ../../boards/DJI_Board_TypeC/CMakeFiles/DJI_Board_TypeC.dir/USB_DEVICE/Target/usbd_conf.c.obj
                0x0000000008001ef8                USBD_LL_Init
 .text.USBD_LL_Start
                0x0000000008001f74       0x1c ../../boards/DJI_Board_TypeC/CMakeFiles/DJI_Board_TypeC.dir/USB_DEVICE/Target/usbd_conf.c.obj
                0x0000000008001f74                USBD_LL_Start
 .text.USBD_LL_OpenEP
                0x0000000008001f90       0x20 ../../boards/DJI_Board_TypeC/CMakeFiles/DJI_Board_TypeC.dir/USB_DEVICE/Target/usbd_conf.c.obj
                0x0000000008001f90                USBD_LL_OpenEP
 .text.USBD_LL_CloseEP
                0x0000000008001fb0       0x1c ../../boards/DJI_Board_TypeC/CMakeFiles/DJI_Board_TypeC.dir/USB_DEVICE/Target/usbd_conf.c.obj
                0x0000000008001fb0                USBD_LL_CloseEP
 .text.USBD_LL_StallEP
                0x0000000008001fcc       0x1c ../../boards/DJI_Board_TypeC/CMakeFiles/DJI_Board_TypeC.dir/USB_DEVICE/Target/usbd_conf.c.obj
                0x0000000008001fcc                USBD_LL_StallEP
 .text.USBD_LL_ClearStallEP
                0x0000000008001fe8       0x1c ../../boards/DJI_Board_TypeC/CMakeFiles/DJI_Board_TypeC.dir/USB_DEVICE/Target/usbd_conf.c.obj
                0x0000000008001fe8                USBD_LL_ClearStallEP
 .text.USBD_LL_IsStallEP
                0x0000000008002004       0x28 ../../boards/DJI_Board_TypeC/CMakeFiles/DJI_Board_TypeC.dir/USB_DEVICE/Target/usbd_conf.c.obj
                0x0000000008002004                USBD_LL_IsStallEP
 .text.USBD_LL_SetUSBAddress
                0x000000000800202c       0x1c ../../boards/DJI_Board_TypeC/CMakeFiles/DJI_Board_TypeC.dir/USB_DEVICE/Target/usbd_conf.c.obj
                0x000000000800202c                USBD_LL_SetUSBAddress
 .text.USBD_LL_Transmit
                0x0000000008002048       0x1c ../../boards/DJI_Board_TypeC/CMakeFiles/DJI_Board_TypeC.dir/USB_DEVICE/Target/usbd_conf.c.obj
                0x0000000008002048                USBD_LL_Transmit
 .text.USBD_LL_PrepareReceive
                0x0000000008002064       0x1c ../../boards/DJI_Board_TypeC/CMakeFiles/DJI_Board_TypeC.dir/USB_DEVICE/Target/usbd_conf.c.obj
                0x0000000008002064                USBD_LL_PrepareReceive
 .text.USBD_LL_GetRxDataSize
                0x0000000008002080        0x8 ../../boards/DJI_Board_TypeC/CMakeFiles/DJI_Board_TypeC.dir/USB_DEVICE/Target/usbd_conf.c.obj
                0x0000000008002080                USBD_LL_GetRxDataSize
 .text.USBD_static_malloc
                0x0000000008002088        0x8 ../../boards/DJI_Board_TypeC/CMakeFiles/DJI_Board_TypeC.dir/USB_DEVICE/Target/usbd_conf.c.obj
                0x0000000008002088                USBD_static_malloc
 .text.USBD_static_free
                0x0000000008002090        0x4 ../../boards/DJI_Board_TypeC/CMakeFiles/DJI_Board_TypeC.dir/USB_DEVICE/Target/usbd_conf.c.obj
                0x0000000008002090                USBD_static_free
 .text.HAL_Init
                0x0000000008002094       0x34 ../../boards/DJI_Board_TypeC/CMakeFiles/DJI_Board_TypeC.dir/Drivers/STM32F4xx_HAL_Driver/Src/stm32f4xx_hal.c.obj
                0x0000000008002094                HAL_Init
 .text.HAL_IncTick
                0x00000000080020c8       0x18 ../../boards/DJI_Board_TypeC/CMakeFiles/DJI_Board_TypeC.dir/Drivers/STM32F4xx_HAL_Driver/Src/stm32f4xx_hal.c.obj
                0x00000000080020c8                HAL_IncTick
 .text.HAL_GetTick
                0x00000000080020e0        0xc ../../boards/DJI_Board_TypeC/CMakeFiles/DJI_Board_TypeC.dir/Drivers/STM32F4xx_HAL_Driver/Src/stm32f4xx_hal.c.obj
                0x00000000080020e0                HAL_GetTick
 .text.HAL_Delay
                0x00000000080020ec       0x24 ../../boards/DJI_Board_TypeC/CMakeFiles/DJI_Board_TypeC.dir/Drivers/STM32F4xx_HAL_Driver/Src/stm32f4xx_hal.c.obj
                0x00000000080020ec                HAL_Delay
 .text.HAL_CAN_ErrorCallback
                0x0000000008002110        0x4 ../../boards/DJI_Board_TypeC/CMakeFiles/DJI_Board_TypeC.dir/Drivers/STM32F4xx_HAL_Driver/Src/stm32f4xx_hal_can.c.obj
                0x0000000008002110                HAL_CAN_ErrorCallback
 .text.HAL_CAN_TxMailbox0CompleteCallback
                0x0000000008002114        0x4 ../../boards/DJI_Board_TypeC/CMakeFiles/DJI_Board_TypeC.dir/Drivers/STM32F4xx_HAL_Driver/Src/stm32f4xx_hal_can.c.obj
                0x0000000008002114                HAL_CAN_TxMailbox0CompleteCallback
 .text.HAL_CAN_TxMailbox1CompleteCallback
                0x0000000008002118        0x4 ../../boards/DJI_Board_TypeC/CMakeFiles/DJI_Board_TypeC.dir/Drivers/STM32F4xx_HAL_Driver/Src/stm32f4xx_hal_can.c.obj
                0x0000000008002118                HAL_CAN_TxMailbox1CompleteCallback
 .text.HAL_CAN_TxMailbox2CompleteCallback
                0x000000000800211c        0x4 ../../boards/DJI_Board_TypeC/CMakeFiles/DJI_Board_TypeC.dir/Drivers/STM32F4xx_HAL_Driver/Src/stm32f4xx_hal_can.c.obj
                0x000000000800211c                HAL_CAN_TxMailbox2CompleteCallback
 .text.HAL_CAN_TxMailbox0AbortCallback
                0x0000000008002120        0x4 ../../boards/DJI_Board_TypeC/CMakeFiles/DJI_Board_TypeC.dir/Drivers/STM32F4xx_HAL_Driver/Src/stm32f4xx_hal_can.c.obj
                0x0000000008002120                HAL_CAN_TxMailbox0AbortCallback
 .text.HAL_CAN_TxMailbox1AbortCallback
                0x0000000008002124        0x4 ../../boards/DJI_Board_TypeC/CMakeFiles/DJI_Board_TypeC.dir/Drivers/STM32F4xx_HAL_Driver/Src/stm32f4xx_hal_can.c.obj
                0x0000000008002124                HAL_CAN_TxMailbox1AbortCallback
 .text.HAL_CAN_TxMailbox2AbortCallback
                0x0000000008002128        0x4 ../../boards/DJI_Board_TypeC/CMakeFiles/DJI_Board_TypeC.dir/Drivers/STM32F4xx_HAL_Driver/Src/stm32f4xx_hal_can.c.obj
                0x0000000008002128                HAL_CAN_TxMailbox2AbortCallback
 .text.HAL_CAN_RxFifo0MsgPendingCallback
                0x000000000800212c        0x4 ../../boards/DJI_Board_TypeC/CMakeFiles/DJI_Board_TypeC.dir/Drivers/STM32F4xx_HAL_Driver/Src/stm32f4xx_hal_can.c.obj
                0x000000000800212c                HAL_CAN_RxFifo0MsgPendingCallback
 .text.HAL_CAN_RxFifo0FullCallback
                0x0000000008002130        0x4 ../../boards/DJI_Board_TypeC/CMakeFiles/DJI_Board_TypeC.dir/Drivers/STM32F4xx_HAL_Driver/Src/stm32f4xx_hal_can.c.obj
                0x0000000008002130                HAL_CAN_RxFifo0FullCallback
 .text.HAL_CAN_RxFifo1MsgPendingCallback
                0x0000000008002134        0x4 ../../boards/DJI_Board_TypeC/CMakeFiles/DJI_Board_TypeC.dir/Drivers/STM32F4xx_HAL_Driver/Src/stm32f4xx_hal_can.c.obj
                0x0000000008002134                HAL_CAN_RxFifo1MsgPendingCallback
 .text.HAL_CAN_RxFifo1FullCallback
                0x0000000008002138        0x4 ../../boards/DJI_Board_TypeC/CMakeFiles/DJI_Board_TypeC.dir/Drivers/STM32F4xx_HAL_Driver/Src/stm32f4xx_hal_can.c.obj
                0x0000000008002138                HAL_CAN_RxFifo1FullCallback
 .text.HAL_CAN_SleepCallback
                0x000000000800213c        0x4 ../../boards/DJI_Board_TypeC/CMakeFiles/DJI_Board_TypeC.dir/Drivers/STM32F4xx_HAL_Driver/Src/stm32f4xx_hal_can.c.obj
                0x000000000800213c                HAL_CAN_SleepCallback
 .text.HAL_CAN_WakeUpFromRxMsgCallback
                0x0000000008002140        0x4 ../../boards/DJI_Board_TypeC/CMakeFiles/DJI_Board_TypeC.dir/Drivers/STM32F4xx_HAL_Driver/Src/stm32f4xx_hal_can.c.obj
                0x0000000008002140                HAL_CAN_WakeUpFromRxMsgCallback
 .text.HAL_CAN_Init
                0x0000000008002144      0x178 ../../boards/DJI_Board_TypeC/CMakeFiles/DJI_Board_TypeC.dir/Drivers/STM32F4xx_HAL_Driver/Src/stm32f4xx_hal_can.c.obj
                0x0000000008002144                HAL_CAN_Init
 .text.HAL_CAN_IRQHandler
                0x00000000080022bc      0x258 ../../boards/DJI_Board_TypeC/CMakeFiles/DJI_Board_TypeC.dir/Drivers/STM32F4xx_HAL_Driver/Src/stm32f4xx_hal_can.c.obj
                0x00000000080022bc                HAL_CAN_IRQHandler
 .text.HAL_NVIC_SetPriorityGrouping
                0x0000000008002514       0x24 ../../boards/DJI_Board_TypeC/CMakeFiles/DJI_Board_TypeC.dir/Drivers/STM32F4xx_HAL_Driver/Src/stm32f4xx_hal_cortex.c.obj
                0x0000000008002514                HAL_NVIC_SetPriorityGrouping
 .text.HAL_NVIC_SetPriority
                0x0000000008002538       0x7c ../../boards/DJI_Board_TypeC/CMakeFiles/DJI_Board_TypeC.dir/Drivers/STM32F4xx_HAL_Driver/Src/stm32f4xx_hal_cortex.c.obj
                0x0000000008002538                HAL_NVIC_SetPriority
 .text.HAL_NVIC_EnableIRQ
                0x00000000080025b4       0x1c ../../boards/DJI_Board_TypeC/CMakeFiles/DJI_Board_TypeC.dir/Drivers/STM32F4xx_HAL_Driver/Src/stm32f4xx_hal_cortex.c.obj
                0x00000000080025b4                HAL_NVIC_EnableIRQ
 .text.HAL_DMA_Init
                0x00000000080025d0      0x130 ../../boards/DJI_Board_TypeC/CMakeFiles/DJI_Board_TypeC.dir/Drivers/STM32F4xx_HAL_Driver/Src/stm32f4xx_hal_dma.c.obj
                0x00000000080025d0                HAL_DMA_Init
 .text.HAL_DMA_Start_IT
                0x0000000008002700       0x80 ../../boards/DJI_Board_TypeC/CMakeFiles/DJI_Board_TypeC.dir/Drivers/STM32F4xx_HAL_Driver/Src/stm32f4xx_hal_dma.c.obj
                0x0000000008002700                HAL_DMA_Start_IT
 .text.HAL_DMA_Abort
                0x0000000008002780       0x90 ../../boards/DJI_Board_TypeC/CMakeFiles/DJI_Board_TypeC.dir/Drivers/STM32F4xx_HAL_Driver/Src/stm32f4xx_hal_dma.c.obj
                0x0000000008002780                HAL_DMA_Abort
 .text.HAL_DMA_Abort_IT
                0x0000000008002810       0x24 ../../boards/DJI_Board_TypeC/CMakeFiles/DJI_Board_TypeC.dir/Drivers/STM32F4xx_HAL_Driver/Src/stm32f4xx_hal_dma.c.obj
                0x0000000008002810                HAL_DMA_Abort_IT
 .text.HAL_DMA_IRQHandler
                0x0000000008002834      0x1e0 ../../boards/DJI_Board_TypeC/CMakeFiles/DJI_Board_TypeC.dir/Drivers/STM32F4xx_HAL_Driver/Src/stm32f4xx_hal_dma.c.obj
                0x0000000008002834                HAL_DMA_IRQHandler
 .text.HAL_DMAEx_MultiBufferStart
                0x0000000008002a14       0x64 ../../boards/DJI_Board_TypeC/CMakeFiles/DJI_Board_TypeC.dir/Drivers/STM32F4xx_HAL_Driver/Src/stm32f4xx_hal_dma_ex.c.obj
                0x0000000008002a14                HAL_DMAEx_MultiBufferStart
 .text.HAL_GPIO_Init
                0x0000000008002a78      0x240 ../../boards/DJI_Board_TypeC/CMakeFiles/DJI_Board_TypeC.dir/Drivers/STM32F4xx_HAL_Driver/Src/stm32f4xx_hal_gpio.c.obj
                0x0000000008002a78                HAL_GPIO_Init
 .text.HAL_GPIO_WritePin
                0x0000000008002cb8        0x8 ../../boards/DJI_Board_TypeC/CMakeFiles/DJI_Board_TypeC.dir/Drivers/STM32F4xx_HAL_Driver/Src/stm32f4xx_hal_gpio.c.obj
                0x0000000008002cb8                HAL_GPIO_WritePin
 .text.HAL_GPIO_EXTI_IRQHandler
                0x0000000008002cc0       0x18 ../../boards/DJI_Board_TypeC/CMakeFiles/DJI_Board_TypeC.dir/Drivers/STM32F4xx_HAL_Driver/Src/stm32f4xx_hal_gpio.c.obj
                0x0000000008002cc0                HAL_GPIO_EXTI_IRQHandler
 .text.HAL_I2C_Init
                0x0000000008002cd8      0x190 ../../boards/DJI_Board_TypeC/CMakeFiles/DJI_Board_TypeC.dir/Drivers/STM32F4xx_HAL_Driver/Src/stm32f4xx_hal_i2c.c.obj
                0x0000000008002cd8                HAL_I2C_Init
 .text.HAL_PCD_Init
                0x0000000008002e68      0x11c ../../boards/DJI_Board_TypeC/CMakeFiles/DJI_Board_TypeC.dir/Drivers/STM32F4xx_HAL_Driver/Src/stm32f4xx_hal_pcd.c.obj
                0x0000000008002e68                HAL_PCD_Init
 .text.HAL_PCD_Start
                0x0000000008002f84       0x40 ../../boards/DJI_Board_TypeC/CMakeFiles/DJI_Board_TypeC.dir/Drivers/STM32F4xx_HAL_Driver/Src/stm32f4xx_hal_pcd.c.obj
                0x0000000008002f84                HAL_PCD_Start
 .text.HAL_PCD_IRQHandler
                0x0000000008002fc4      0xb18 ../../boards/DJI_Board_TypeC/CMakeFiles/DJI_Board_TypeC.dir/Drivers/STM32F4xx_HAL_Driver/Src/stm32f4xx_hal_pcd.c.obj
                0x0000000008002fc4                HAL_PCD_IRQHandler
 .text.HAL_PCD_SetAddress
                0x0000000008003adc       0x28 ../../boards/DJI_Board_TypeC/CMakeFiles/DJI_Board_TypeC.dir/Drivers/STM32F4xx_HAL_Driver/Src/stm32f4xx_hal_pcd.c.obj
                0x0000000008003adc                HAL_PCD_SetAddress
 .text.HAL_PCD_EP_Open
                0x0000000008003b04       0x7c ../../boards/DJI_Board_TypeC/CMakeFiles/DJI_Board_TypeC.dir/Drivers/STM32F4xx_HAL_Driver/Src/stm32f4xx_hal_pcd.c.obj
                0x0000000008003b04                HAL_PCD_EP_Open
 .text.HAL_PCD_EP_Close
                0x0000000008003b80       0x5c ../../boards/DJI_Board_TypeC/CMakeFiles/DJI_Board_TypeC.dir/Drivers/STM32F4xx_HAL_Driver/Src/stm32f4xx_hal_pcd.c.obj
                0x0000000008003b80                HAL_PCD_EP_Close
 .text.HAL_PCD_EP_Receive
                0x0000000008003bdc       0x50 ../../boards/DJI_Board_TypeC/CMakeFiles/DJI_Board_TypeC.dir/Drivers/STM32F4xx_HAL_Driver/Src/stm32f4xx_hal_pcd.c.obj
                0x0000000008003bdc                HAL_PCD_EP_Receive
 .text.HAL_PCD_EP_GetRxCount
                0x0000000008003c2c       0x14 ../../boards/DJI_Board_TypeC/CMakeFiles/DJI_Board_TypeC.dir/Drivers/STM32F4xx_HAL_Driver/Src/stm32f4xx_hal_pcd.c.obj
                0x0000000008003c2c                HAL_PCD_EP_GetRxCount
 .text.HAL_PCD_EP_Transmit
                0x0000000008003c40       0x50 ../../boards/DJI_Board_TypeC/CMakeFiles/DJI_Board_TypeC.dir/Drivers/STM32F4xx_HAL_Driver/Src/stm32f4xx_hal_pcd.c.obj
                0x0000000008003c40                HAL_PCD_EP_Transmit
 .text.HAL_PCD_EP_SetStall
                0x0000000008003c90       0x88 ../../boards/DJI_Board_TypeC/CMakeFiles/DJI_Board_TypeC.dir/Drivers/STM32F4xx_HAL_Driver/Src/stm32f4xx_hal_pcd.c.obj
                0x0000000008003c90                HAL_PCD_EP_SetStall
 .text.HAL_PCD_EP_ClrStall
                0x0000000008003d18       0x70 ../../boards/DJI_Board_TypeC/CMakeFiles/DJI_Board_TypeC.dir/Drivers/STM32F4xx_HAL_Driver/Src/stm32f4xx_hal_pcd.c.obj
                0x0000000008003d18                HAL_PCD_EP_ClrStall
 .text.HAL_PCDEx_SetTxFiFo
                0x0000000008003d88       0x54 ../../boards/DJI_Board_TypeC/CMakeFiles/DJI_Board_TypeC.dir/Drivers/STM32F4xx_HAL_Driver/Src/stm32f4xx_hal_pcd_ex.c.obj
                0x0000000008003d88                HAL_PCDEx_SetTxFiFo
 .text.HAL_PCDEx_SetRxFiFo
                0x0000000008003ddc        0x8 ../../boards/DJI_Board_TypeC/CMakeFiles/DJI_Board_TypeC.dir/Drivers/STM32F4xx_HAL_Driver/Src/stm32f4xx_hal_pcd_ex.c.obj
                0x0000000008003ddc                HAL_PCDEx_SetRxFiFo
 .text.HAL_PCDEx_LPM_Callback
                0x0000000008003de4        0x4 ../../boards/DJI_Board_TypeC/CMakeFiles/DJI_Board_TypeC.dir/Drivers/STM32F4xx_HAL_Driver/Src/stm32f4xx_hal_pcd_ex.c.obj
                0x0000000008003de4                HAL_PCDEx_LPM_Callback
 .text.HAL_RCC_OscConfig
                0x0000000008003de8      0x3c8 ../../boards/DJI_Board_TypeC/CMakeFiles/DJI_Board_TypeC.dir/Drivers/STM32F4xx_HAL_Driver/Src/stm32f4xx_hal_rcc.c.obj
                0x0000000008003de8                HAL_RCC_OscConfig
 .text.HAL_RCC_GetSysClockFreq
                0x00000000080041b0       0x68 ../../boards/DJI_Board_TypeC/CMakeFiles/DJI_Board_TypeC.dir/Drivers/STM32F4xx_HAL_Driver/Src/stm32f4xx_hal_rcc.c.obj
                0x00000000080041b0                HAL_RCC_GetSysClockFreq
 .text.HAL_RCC_ClockConfig
                0x0000000008004218      0x13c ../../boards/DJI_Board_TypeC/CMakeFiles/DJI_Board_TypeC.dir/Drivers/STM32F4xx_HAL_Driver/Src/stm32f4xx_hal_rcc.c.obj
                0x0000000008004218                HAL_RCC_ClockConfig
 .text.HAL_RCC_GetHCLKFreq
                0x0000000008004354        0xc ../../boards/DJI_Board_TypeC/CMakeFiles/DJI_Board_TypeC.dir/Drivers/STM32F4xx_HAL_Driver/Src/stm32f4xx_hal_rcc.c.obj
                0x0000000008004354                HAL_RCC_GetHCLKFreq
 .text.HAL_RCC_GetPCLK1Freq
                0x0000000008004360       0x20 ../../boards/DJI_Board_TypeC/CMakeFiles/DJI_Board_TypeC.dir/Drivers/STM32F4xx_HAL_Driver/Src/stm32f4xx_hal_rcc.c.obj
                0x0000000008004360                HAL_RCC_GetPCLK1Freq
 .text.HAL_RCC_GetPCLK2Freq
                0x0000000008004380       0x20 ../../boards/DJI_Board_TypeC/CMakeFiles/DJI_Board_TypeC.dir/Drivers/STM32F4xx_HAL_Driver/Src/stm32f4xx_hal_rcc.c.obj
                0x0000000008004380                HAL_RCC_GetPCLK2Freq
 .text.HAL_RCC_GetClockConfig
                0x00000000080043a0       0x44 ../../boards/DJI_Board_TypeC/CMakeFiles/DJI_Board_TypeC.dir/Drivers/STM32F4xx_HAL_Driver/Src/stm32f4xx_hal_rcc.c.obj
                0x00000000080043a0                HAL_RCC_GetClockConfig
 .text.HAL_SPI_AbortCpltCallback
                0x00000000080043e4        0x4 ../../boards/DJI_Board_TypeC/CMakeFiles/DJI_Board_TypeC.dir/Drivers/STM32F4xx_HAL_Driver/Src/stm32f4xx_hal_spi.c.obj
                0x00000000080043e4                HAL_SPI_AbortCpltCallback
 .text.HAL_SPI_TxCpltCallback
                0x00000000080043e8        0x4 ../../boards/DJI_Board_TypeC/CMakeFiles/DJI_Board_TypeC.dir/Drivers/STM32F4xx_HAL_Driver/Src/stm32f4xx_hal_spi.c.obj
                0x00000000080043e8                HAL_SPI_TxCpltCallback
 .text.HAL_SPI_RxCpltCallback
                0x00000000080043ec        0x4 ../../boards/DJI_Board_TypeC/CMakeFiles/DJI_Board_TypeC.dir/Drivers/STM32F4xx_HAL_Driver/Src/stm32f4xx_hal_spi.c.obj
                0x00000000080043ec                HAL_SPI_RxCpltCallback
 .text.HAL_SPI_TxRxCpltCallback
                0x00000000080043f0        0x4 ../../boards/DJI_Board_TypeC/CMakeFiles/DJI_Board_TypeC.dir/Drivers/STM32F4xx_HAL_Driver/Src/stm32f4xx_hal_spi.c.obj
                0x00000000080043f0                HAL_SPI_TxRxCpltCallback
 .text.HAL_SPI_TxHalfCpltCallback
                0x00000000080043f4        0x4 ../../boards/DJI_Board_TypeC/CMakeFiles/DJI_Board_TypeC.dir/Drivers/STM32F4xx_HAL_Driver/Src/stm32f4xx_hal_spi.c.obj
                0x00000000080043f4                HAL_SPI_TxHalfCpltCallback
 .text.HAL_SPI_RxHalfCpltCallback
                0x00000000080043f8        0x4 ../../boards/DJI_Board_TypeC/CMakeFiles/DJI_Board_TypeC.dir/Drivers/STM32F4xx_HAL_Driver/Src/stm32f4xx_hal_spi.c.obj
                0x00000000080043f8                HAL_SPI_RxHalfCpltCallback
 .text.HAL_SPI_TxRxHalfCpltCallback
                0x00000000080043fc        0x4 ../../boards/DJI_Board_TypeC/CMakeFiles/DJI_Board_TypeC.dir/Drivers/STM32F4xx_HAL_Driver/Src/stm32f4xx_hal_spi.c.obj
                0x00000000080043fc                HAL_SPI_TxRxHalfCpltCallback
 .text.HAL_SPI_ErrorCallback
                0x0000000008004400        0x4 ../../boards/DJI_Board_TypeC/CMakeFiles/DJI_Board_TypeC.dir/Drivers/STM32F4xx_HAL_Driver/Src/stm32f4xx_hal_spi.c.obj
                0x0000000008004400                HAL_SPI_ErrorCallback
 .text.HAL_SPI_Init
                0x0000000008004404      0x110 ../../boards/DJI_Board_TypeC/CMakeFiles/DJI_Board_TypeC.dir/Drivers/STM32F4xx_HAL_Driver/Src/stm32f4xx_hal_spi.c.obj
                0x0000000008004404                HAL_SPI_Init
 .text.HAL_TIM_PWM_MspInit
                0x0000000008004514        0x4 ../../boards/DJI_Board_TypeC/CMakeFiles/DJI_Board_TypeC.dir/Drivers/STM32F4xx_HAL_Driver/Src/stm32f4xx_hal_tim.c.obj
                0x0000000008004514                HAL_TIM_PWM_MspInit
 .text.HAL_TIM_PeriodElapsedHalfCpltCallback
                0x0000000008004518        0x4 ../../boards/DJI_Board_TypeC/CMakeFiles/DJI_Board_TypeC.dir/Drivers/STM32F4xx_HAL_Driver/Src/stm32f4xx_hal_tim.c.obj
                0x0000000008004518                HAL_TIM_PeriodElapsedHalfCpltCallback
 .text.HAL_TIM_OC_DelayElapsedCallback
                0x000000000800451c        0x4 ../../boards/DJI_Board_TypeC/CMakeFiles/DJI_Board_TypeC.dir/Drivers/STM32F4xx_HAL_Driver/Src/stm32f4xx_hal_tim.c.obj
                0x000000000800451c                HAL_TIM_OC_DelayElapsedCallback
 .text.HAL_TIM_IC_CaptureCallback
                0x0000000008004520        0x4 ../../boards/DJI_Board_TypeC/CMakeFiles/DJI_Board_TypeC.dir/Drivers/STM32F4xx_HAL_Driver/Src/stm32f4xx_hal_tim.c.obj
                0x0000000008004520                HAL_TIM_IC_CaptureCallback
 .text.HAL_TIM_IC_CaptureHalfCpltCallback
                0x0000000008004524        0x4 ../../boards/DJI_Board_TypeC/CMakeFiles/DJI_Board_TypeC.dir/Drivers/STM32F4xx_HAL_Driver/Src/stm32f4xx_hal_tim.c.obj
                0x0000000008004524                HAL_TIM_IC_CaptureHalfCpltCallback
 .text.HAL_TIM_PWM_PulseFinishedCallback
                0x0000000008004528        0x4 ../../boards/DJI_Board_TypeC/CMakeFiles/DJI_Board_TypeC.dir/Drivers/STM32F4xx_HAL_Driver/Src/stm32f4xx_hal_tim.c.obj
                0x0000000008004528                HAL_TIM_PWM_PulseFinishedCallback
 .text.HAL_TIM_PWM_PulseFinishedHalfCpltCallback
                0x000000000800452c        0x4 ../../boards/DJI_Board_TypeC/CMakeFiles/DJI_Board_TypeC.dir/Drivers/STM32F4xx_HAL_Driver/Src/stm32f4xx_hal_tim.c.obj
                0x000000000800452c                HAL_TIM_PWM_PulseFinishedHalfCpltCallback
 .text.HAL_TIM_TriggerCallback
                0x0000000008004530        0x4 ../../boards/DJI_Board_TypeC/CMakeFiles/DJI_Board_TypeC.dir/Drivers/STM32F4xx_HAL_Driver/Src/stm32f4xx_hal_tim.c.obj
                0x0000000008004530                HAL_TIM_TriggerCallback
 .text.HAL_TIM_TriggerHalfCpltCallback
                0x0000000008004534        0x4 ../../boards/DJI_Board_TypeC/CMakeFiles/DJI_Board_TypeC.dir/Drivers/STM32F4xx_HAL_Driver/Src/stm32f4xx_hal_tim.c.obj
                0x0000000008004534                HAL_TIM_TriggerHalfCpltCallback
 .text.HAL_TIM_ErrorCallback
                0x0000000008004538        0x4 ../../boards/DJI_Board_TypeC/CMakeFiles/DJI_Board_TypeC.dir/Drivers/STM32F4xx_HAL_Driver/Src/stm32f4xx_hal_tim.c.obj
                0x0000000008004538                HAL_TIM_ErrorCallback
 .text.HAL_TIM_Base_Init
                0x000000000800453c      0x194 ../../boards/DJI_Board_TypeC/CMakeFiles/DJI_Board_TypeC.dir/Drivers/STM32F4xx_HAL_Driver/Src/stm32f4xx_hal_tim.c.obj
                0x000000000800453c                HAL_TIM_Base_Init
 .text.HAL_TIM_Base_Start_IT
                0x00000000080046d0       0x78 ../../boards/DJI_Board_TypeC/CMakeFiles/DJI_Board_TypeC.dir/Drivers/STM32F4xx_HAL_Driver/Src/stm32f4xx_hal_tim.c.obj
                0x00000000080046d0                HAL_TIM_Base_Start_IT
 .text.HAL_TIM_PWM_Init
                0x0000000008004748      0x194 ../../boards/DJI_Board_TypeC/CMakeFiles/DJI_Board_TypeC.dir/Drivers/STM32F4xx_HAL_Driver/Src/stm32f4xx_hal_tim.c.obj
                0x0000000008004748                HAL_TIM_PWM_Init
 .text.HAL_TIM_IRQHandler
                0x00000000080048dc      0x17c ../../boards/DJI_Board_TypeC/CMakeFiles/DJI_Board_TypeC.dir/Drivers/STM32F4xx_HAL_Driver/Src/stm32f4xx_hal_tim.c.obj
                0x00000000080048dc                HAL_TIM_IRQHandler
 .text.HAL_TIM_PWM_ConfigChannel
                0x0000000008004a58      0x220 ../../boards/DJI_Board_TypeC/CMakeFiles/DJI_Board_TypeC.dir/Drivers/STM32F4xx_HAL_Driver/Src/stm32f4xx_hal_tim.c.obj
                0x0000000008004a58                HAL_TIM_PWM_ConfigChannel
 .text.HAL_TIM_ConfigClockSource
                0x0000000008004c78      0x160 ../../boards/DJI_Board_TypeC/CMakeFiles/DJI_Board_TypeC.dir/Drivers/STM32F4xx_HAL_Driver/Src/stm32f4xx_hal_tim.c.obj
                0x0000000008004c78                HAL_TIM_ConfigClockSource
 .text.HAL_TIMEx_MasterConfigSynchronization
                0x0000000008004dd8       0x80 ../../boards/DJI_Board_TypeC/CMakeFiles/DJI_Board_TypeC.dir/Drivers/STM32F4xx_HAL_Driver/Src/stm32f4xx_hal_tim_ex.c.obj
                0x0000000008004dd8                HAL_TIMEx_MasterConfigSynchronization
 .text.HAL_TIMEx_ConfigBreakDeadTime
                0x0000000008004e58       0x54 ../../boards/DJI_Board_TypeC/CMakeFiles/DJI_Board_TypeC.dir/Drivers/STM32F4xx_HAL_Driver/Src/stm32f4xx_hal_tim_ex.c.obj
                0x0000000008004e58                HAL_TIMEx_ConfigBreakDeadTime
 .text.HAL_TIMEx_CommutCallback
                0x0000000008004eac        0x4 ../../boards/DJI_Board_TypeC/CMakeFiles/DJI_Board_TypeC.dir/Drivers/STM32F4xx_HAL_Driver/Src/stm32f4xx_hal_tim_ex.c.obj
                0x0000000008004eac                HAL_TIMEx_CommutCallback
 .text.HAL_TIMEx_CommutHalfCpltCallback
                0x0000000008004eb0        0x4 ../../boards/DJI_Board_TypeC/CMakeFiles/DJI_Board_TypeC.dir/Drivers/STM32F4xx_HAL_Driver/Src/stm32f4xx_hal_tim_ex.c.obj
                0x0000000008004eb0                HAL_TIMEx_CommutHalfCpltCallback
 .text.HAL_TIMEx_BreakCallback
                0x0000000008004eb4        0x4 ../../boards/DJI_Board_TypeC/CMakeFiles/DJI_Board_TypeC.dir/Drivers/STM32F4xx_HAL_Driver/Src/stm32f4xx_hal_tim_ex.c.obj
                0x0000000008004eb4                HAL_TIMEx_BreakCallback
 .text.HAL_UARTEx_RxEventCallback
                0x0000000008004eb8        0x4 ../../boards/DJI_Board_TypeC/CMakeFiles/DJI_Board_TypeC.dir/Drivers/STM32F4xx_HAL_Driver/Src/stm32f4xx_hal_uart.c.obj
                0x0000000008004eb8                HAL_UARTEx_RxEventCallback
 .text.UART_DMATransmitCplt
                0x0000000008004ebc       0x48 ../../boards/DJI_Board_TypeC/CMakeFiles/DJI_Board_TypeC.dir/Drivers/STM32F4xx_HAL_Driver/Src/stm32f4xx_hal_uart.c.obj
 .text.UART_DMATxHalfCplt
                0x0000000008004f04        0x8 ../../boards/DJI_Board_TypeC/CMakeFiles/DJI_Board_TypeC.dir/Drivers/STM32F4xx_HAL_Driver/Src/stm32f4xx_hal_uart.c.obj
 .text.UART_DMAAbortOnError
                0x0000000008004f0c        0xc ../../boards/DJI_Board_TypeC/CMakeFiles/DJI_Board_TypeC.dir/Drivers/STM32F4xx_HAL_Driver/Src/stm32f4xx_hal_uart.c.obj
 .text.UART_Receive_IT.part.0.isra.0
                0x0000000008004f18       0xc0 ../../boards/DJI_Board_TypeC/CMakeFiles/DJI_Board_TypeC.dir/Drivers/STM32F4xx_HAL_Driver/Src/stm32f4xx_hal_uart.c.obj
 .text.HAL_UART_AbortReceiveCpltCallback
                0x0000000008004fd8        0x4 ../../boards/DJI_Board_TypeC/CMakeFiles/DJI_Board_TypeC.dir/Drivers/STM32F4xx_HAL_Driver/Src/stm32f4xx_hal_uart.c.obj
                0x0000000008004fd8                HAL_UART_AbortReceiveCpltCallback
 .text.HAL_UART_TxCpltCallback
                0x0000000008004fdc        0x4 ../../boards/DJI_Board_TypeC/CMakeFiles/DJI_Board_TypeC.dir/Drivers/STM32F4xx_HAL_Driver/Src/stm32f4xx_hal_uart.c.obj
                0x0000000008004fdc                HAL_UART_TxCpltCallback
 .text.HAL_UART_TxHalfCpltCallback
                0x0000000008004fe0        0x4 ../../boards/DJI_Board_TypeC/CMakeFiles/DJI_Board_TypeC.dir/Drivers/STM32F4xx_HAL_Driver/Src/stm32f4xx_hal_uart.c.obj
                0x0000000008004fe0                HAL_UART_TxHalfCpltCallback
 .text.HAL_UART_RxCpltCallback
                0x0000000008004fe4        0x4 ../../boards/DJI_Board_TypeC/CMakeFiles/DJI_Board_TypeC.dir/Drivers/STM32F4xx_HAL_Driver/Src/stm32f4xx_hal_uart.c.obj
                0x0000000008004fe4                HAL_UART_RxCpltCallback
 .text.HAL_UART_RxHalfCpltCallback
                0x0000000008004fe8        0x4 ../../boards/DJI_Board_TypeC/CMakeFiles/DJI_Board_TypeC.dir/Drivers/STM32F4xx_HAL_Driver/Src/stm32f4xx_hal_uart.c.obj
                0x0000000008004fe8                HAL_UART_RxHalfCpltCallback
 .text.HAL_UART_ErrorCallback
                0x0000000008004fec        0x4 ../../boards/DJI_Board_TypeC/CMakeFiles/DJI_Board_TypeC.dir/Drivers/STM32F4xx_HAL_Driver/Src/stm32f4xx_hal_uart.c.obj
                0x0000000008004fec                HAL_UART_ErrorCallback
 .text.HAL_UART_AbortCpltCallback
                0x0000000008004ff0        0x4 ../../boards/DJI_Board_TypeC/CMakeFiles/DJI_Board_TypeC.dir/Drivers/STM32F4xx_HAL_Driver/Src/stm32f4xx_hal_uart.c.obj
                0x0000000008004ff0                HAL_UART_AbortCpltCallback
 .text.HAL_UART_AbortTransmitCpltCallback
                0x0000000008004ff4        0x4 ../../boards/DJI_Board_TypeC/CMakeFiles/DJI_Board_TypeC.dir/Drivers/STM32F4xx_HAL_Driver/Src/stm32f4xx_hal_uart.c.obj
                0x0000000008004ff4                HAL_UART_AbortTransmitCpltCallback
 .text.UART_DMAError
                0x0000000008004ff8       0xb8 ../../boards/DJI_Board_TypeC/CMakeFiles/DJI_Board_TypeC.dir/Drivers/STM32F4xx_HAL_Driver/Src/stm32f4xx_hal_uart.c.obj
 .text.HAL_UART_Init
                0x00000000080050b0      0x188 ../../boards/DJI_Board_TypeC/CMakeFiles/DJI_Board_TypeC.dir/Drivers/STM32F4xx_HAL_Driver/Src/stm32f4xx_hal_uart.c.obj
                0x00000000080050b0                HAL_UART_Init
 .text.HAL_UART_RegisterCallback
                0x0000000008005238       0xc0 ../../boards/DJI_Board_TypeC/CMakeFiles/DJI_Board_TypeC.dir/Drivers/STM32F4xx_HAL_Driver/Src/stm32f4xx_hal_uart.c.obj
                0x0000000008005238                HAL_UART_RegisterCallback
 .text.HAL_UART_Transmit_DMA
                0x00000000080052f8       0x88 ../../boards/DJI_Board_TypeC/CMakeFiles/DJI_Board_TypeC.dir/Drivers/STM32F4xx_HAL_Driver/Src/stm32f4xx_hal_uart.c.obj
                0x00000000080052f8                HAL_UART_Transmit_DMA
 .text.HAL_UART_IRQHandler
                0x0000000008005380      0x310 ../../boards/DJI_Board_TypeC/CMakeFiles/DJI_Board_TypeC.dir/Drivers/STM32F4xx_HAL_Driver/Src/stm32f4xx_hal_uart.c.obj
                0x0000000008005380                HAL_UART_IRQHandler
 .text.USB_CoreInit
                0x0000000008005690      0x104 ../../boards/DJI_Board_TypeC/CMakeFiles/DJI_Board_TypeC.dir/Drivers/STM32F4xx_HAL_Driver/Src/stm32f4xx_ll_usb.c.obj
                0x0000000008005690                USB_CoreInit
 .text.USB_SetTurnaroundTime
                0x0000000008005794       0xf4 ../../boards/DJI_Board_TypeC/CMakeFiles/DJI_Board_TypeC.dir/Drivers/STM32F4xx_HAL_Driver/Src/stm32f4xx_ll_usb.c.obj
                0x0000000008005794                USB_SetTurnaroundTime
 .text.USB_EnableGlobalInt
                0x0000000008005888       0x10 ../../boards/DJI_Board_TypeC/CMakeFiles/DJI_Board_TypeC.dir/Drivers/STM32F4xx_HAL_Driver/Src/stm32f4xx_ll_usb.c.obj
                0x0000000008005888                USB_EnableGlobalInt
 .text.USB_DisableGlobalInt
                0x0000000008005898       0x10 ../../boards/DJI_Board_TypeC/CMakeFiles/DJI_Board_TypeC.dir/Drivers/STM32F4xx_HAL_Driver/Src/stm32f4xx_ll_usb.c.obj
                0x0000000008005898                USB_DisableGlobalInt
 .text.USB_SetCurrentMode
                0x00000000080058a8       0x70 ../../boards/DJI_Board_TypeC/CMakeFiles/DJI_Board_TypeC.dir/Drivers/STM32F4xx_HAL_Driver/Src/stm32f4xx_ll_usb.c.obj
                0x00000000080058a8                USB_SetCurrentMode
 .text.USB_DevInit
                0x0000000008005918      0x234 ../../boards/DJI_Board_TypeC/CMakeFiles/DJI_Board_TypeC.dir/Drivers/STM32F4xx_HAL_Driver/Src/stm32f4xx_ll_usb.c.obj
                0x0000000008005918                USB_DevInit
 .text.USB_FlushTxFifo
                0x0000000008005b4c       0x54 ../../boards/DJI_Board_TypeC/CMakeFiles/DJI_Board_TypeC.dir/Drivers/STM32F4xx_HAL_Driver/Src/stm32f4xx_ll_usb.c.obj
                0x0000000008005b4c                USB_FlushTxFifo
 .text.USB_GetDevSpeed
                0x0000000008005ba0       0x18 ../../boards/DJI_Board_TypeC/CMakeFiles/DJI_Board_TypeC.dir/Drivers/STM32F4xx_HAL_Driver/Src/stm32f4xx_ll_usb.c.obj
                0x0000000008005ba0                USB_GetDevSpeed
 .text.USB_ActivateEndpoint
                0x0000000008005bb8       0x98 ../../boards/DJI_Board_TypeC/CMakeFiles/DJI_Board_TypeC.dir/Drivers/STM32F4xx_HAL_Driver/Src/stm32f4xx_ll_usb.c.obj
                0x0000000008005bb8                USB_ActivateEndpoint
 .text.USB_DeactivateEndpoint
                0x0000000008005c50       0xc4 ../../boards/DJI_Board_TypeC/CMakeFiles/DJI_Board_TypeC.dir/Drivers/STM32F4xx_HAL_Driver/Src/stm32f4xx_ll_usb.c.obj
                0x0000000008005c50                USB_DeactivateEndpoint
 .text.USB_EPStartXfer
                0x0000000008005d14      0x218 ../../boards/DJI_Board_TypeC/CMakeFiles/DJI_Board_TypeC.dir/Drivers/STM32F4xx_HAL_Driver/Src/stm32f4xx_ll_usb.c.obj
                0x0000000008005d14                USB_EPStartXfer
 .text.USB_EP0StartXfer
                0x0000000008005f2c      0x158 ../../boards/DJI_Board_TypeC/CMakeFiles/DJI_Board_TypeC.dir/Drivers/STM32F4xx_HAL_Driver/Src/stm32f4xx_ll_usb.c.obj
                0x0000000008005f2c                USB_EP0StartXfer
 .text.USB_EPStopXfer
                0x0000000008006084       0x88 ../../boards/DJI_Board_TypeC/CMakeFiles/DJI_Board_TypeC.dir/Drivers/STM32F4xx_HAL_Driver/Src/stm32f4xx_ll_usb.c.obj
                0x0000000008006084                USB_EPStopXfer
 .text.USB_WritePacket
                0x000000000800610c       0x2c ../../boards/DJI_Board_TypeC/CMakeFiles/DJI_Board_TypeC.dir/Drivers/STM32F4xx_HAL_Driver/Src/stm32f4xx_ll_usb.c.obj
                0x000000000800610c                USB_WritePacket
 .text.USB_ReadPacket
                0x0000000008006138       0x50 ../../boards/DJI_Board_TypeC/CMakeFiles/DJI_Board_TypeC.dir/Drivers/STM32F4xx_HAL_Driver/Src/stm32f4xx_ll_usb.c.obj
                0x0000000008006138                USB_ReadPacket
 .text.USB_EPSetStall
                0x0000000008006188       0x5c ../../boards/DJI_Board_TypeC/CMakeFiles/DJI_Board_TypeC.dir/Drivers/STM32F4xx_HAL_Driver/Src/stm32f4xx_ll_usb.c.obj
                0x0000000008006188                USB_EPSetStall
 .text.USB_EPClearStall
                0x00000000080061e4       0x58 ../../boards/DJI_Board_TypeC/CMakeFiles/DJI_Board_TypeC.dir/Drivers/STM32F4xx_HAL_Driver/Src/stm32f4xx_ll_usb.c.obj
                0x00000000080061e4                USB_EPClearStall
 .text.USB_SetDevAddress
                0x000000000800623c       0x20 ../../boards/DJI_Board_TypeC/CMakeFiles/DJI_Board_TypeC.dir/Drivers/STM32F4xx_HAL_Driver/Src/stm32f4xx_ll_usb.c.obj
                0x000000000800623c                USB_SetDevAddress
 .text.USB_DevConnect
                0x000000000800625c       0x20 ../../boards/DJI_Board_TypeC/CMakeFiles/DJI_Board_TypeC.dir/Drivers/STM32F4xx_HAL_Driver/Src/stm32f4xx_ll_usb.c.obj
                0x000000000800625c                USB_DevConnect
 .text.USB_DevDisconnect
                0x000000000800627c       0x20 ../../boards/DJI_Board_TypeC/CMakeFiles/DJI_Board_TypeC.dir/Drivers/STM32F4xx_HAL_Driver/Src/stm32f4xx_ll_usb.c.obj
                0x000000000800627c                USB_DevDisconnect
 .text.USB_ReadInterrupts
                0x000000000800629c        0x8 ../../boards/DJI_Board_TypeC/CMakeFiles/DJI_Board_TypeC.dir/Drivers/STM32F4xx_HAL_Driver/Src/stm32f4xx_ll_usb.c.obj
                0x000000000800629c                USB_ReadInterrupts
 .text.USB_ReadDevAllOutEpInterrupt
                0x00000000080062a4       0x10 ../../boards/DJI_Board_TypeC/CMakeFiles/DJI_Board_TypeC.dir/Drivers/STM32F4xx_HAL_Driver/Src/stm32f4xx_ll_usb.c.obj
                0x00000000080062a4                USB_ReadDevAllOutEpInterrupt
 .text.USB_ReadDevAllInEpInterrupt
                0x00000000080062b4       0x10 ../../boards/DJI_Board_TypeC/CMakeFiles/DJI_Board_TypeC.dir/Drivers/STM32F4xx_HAL_Driver/Src/stm32f4xx_ll_usb.c.obj
                0x00000000080062b4                USB_ReadDevAllInEpInterrupt
 .text.USB_ReadDevOutEPInterrupt
                0x00000000080062c4       0x14 ../../boards/DJI_Board_TypeC/CMakeFiles/DJI_Board_TypeC.dir/Drivers/STM32F4xx_HAL_Driver/Src/stm32f4xx_ll_usb.c.obj
                0x00000000080062c4                USB_ReadDevOutEPInterrupt
 .text.USB_ReadDevInEPInterrupt
                0x00000000080062d8       0x20 ../../boards/DJI_Board_TypeC/CMakeFiles/DJI_Board_TypeC.dir/Drivers/STM32F4xx_HAL_Driver/Src/stm32f4xx_ll_usb.c.obj
                0x00000000080062d8                USB_ReadDevInEPInterrupt
 .text.USB_GetMode
                0x00000000080062f8        0x8 ../../boards/DJI_Board_TypeC/CMakeFiles/DJI_Board_TypeC.dir/Drivers/STM32F4xx_HAL_Driver/Src/stm32f4xx_ll_usb.c.obj
                0x00000000080062f8                USB_GetMode
 .text.USB_ActivateSetup
                0x0000000008006300       0x24 ../../boards/DJI_Board_TypeC/CMakeFiles/DJI_Board_TypeC.dir/Drivers/STM32F4xx_HAL_Driver/Src/stm32f4xx_ll_usb.c.obj
                0x0000000008006300                USB_ActivateSetup
 .text.USB_EP0_OutStart
                0x0000000008006324       0x58 ../../boards/DJI_Board_TypeC/CMakeFiles/DJI_Board_TypeC.dir/Drivers/STM32F4xx_HAL_Driver/Src/stm32f4xx_ll_usb.c.obj
                0x0000000008006324                USB_EP0_OutStart
 .text.USBD_CDC_EP0_RxReady
                0x000000000800637c       0x38 ../../boards/DJI_Board_TypeC/CMakeFiles/DJI_Board_TypeC.dir/Middlewares/ST/STM32_USB_Device_Library/Class/CDC/Src/usbd_cdc.c.obj
 .text.USBD_CDC_GetDeviceQualifierDescriptor
                0x00000000080063b4        0xc ../../boards/DJI_Board_TypeC/CMakeFiles/DJI_Board_TypeC.dir/Middlewares/ST/STM32_USB_Device_Library/Class/CDC/Src/usbd_cdc.c.obj
                0x00000000080063b4                USBD_CDC_GetDeviceQualifierDescriptor
 .text.USBD_CDC_GetFSCfgDesc
                0x00000000080063c0       0x48 ../../boards/DJI_Board_TypeC/CMakeFiles/DJI_Board_TypeC.dir/Middlewares/ST/STM32_USB_Device_Library/Class/CDC/Src/usbd_cdc.c.obj
 .text.USBD_CDC_GetHSCfgDesc
                0x0000000008006408       0x48 ../../boards/DJI_Board_TypeC/CMakeFiles/DJI_Board_TypeC.dir/Middlewares/ST/STM32_USB_Device_Library/Class/CDC/Src/usbd_cdc.c.obj
 .text.USBD_CDC_DataOut
                0x0000000008006450       0x38 ../../boards/DJI_Board_TypeC/CMakeFiles/DJI_Board_TypeC.dir/Middlewares/ST/STM32_USB_Device_Library/Class/CDC/Src/usbd_cdc.c.obj
 .text.USBD_CDC_DataIn
                0x0000000008006488       0x70 ../../boards/DJI_Board_TypeC/CMakeFiles/DJI_Board_TypeC.dir/Middlewares/ST/STM32_USB_Device_Library/Class/CDC/Src/usbd_cdc.c.obj
 .text.USBD_CDC_Setup
                0x00000000080064f8      0x11c ../../boards/DJI_Board_TypeC/CMakeFiles/DJI_Board_TypeC.dir/Middlewares/ST/STM32_USB_Device_Library/Class/CDC/Src/usbd_cdc.c.obj
 .text.USBD_CDC_DeInit
                0x0000000008006614       0x5c ../../boards/DJI_Board_TypeC/CMakeFiles/DJI_Board_TypeC.dir/Middlewares/ST/STM32_USB_Device_Library/Class/CDC/Src/usbd_cdc.c.obj
 .text.USBD_CDC_Init
                0x0000000008006670       0xe4 ../../boards/DJI_Board_TypeC/CMakeFiles/DJI_Board_TypeC.dir/Middlewares/ST/STM32_USB_Device_Library/Class/CDC/Src/usbd_cdc.c.obj
 .text.USBD_CDC_GetOtherSpeedCfgDesc
                0x0000000008006754       0x48 ../../boards/DJI_Board_TypeC/CMakeFiles/DJI_Board_TypeC.dir/Middlewares/ST/STM32_USB_Device_Library/Class/CDC/Src/usbd_cdc.c.obj
 .text.USBD_CDC_RegisterInterface
                0x000000000800679c       0x18 ../../boards/DJI_Board_TypeC/CMakeFiles/DJI_Board_TypeC.dir/Middlewares/ST/STM32_USB_Device_Library/Class/CDC/Src/usbd_cdc.c.obj
                0x000000000800679c                USBD_CDC_RegisterInterface
 .text.USBD_CDC_SetTxBuffer
                0x00000000080067b4       0x1c ../../boards/DJI_Board_TypeC/CMakeFiles/DJI_Board_TypeC.dir/Middlewares/ST/STM32_USB_Device_Library/Class/CDC/Src/usbd_cdc.c.obj
                0x00000000080067b4                USBD_CDC_SetTxBuffer
 .text.USBD_CDC_SetRxBuffer
                0x00000000080067d0       0x18 ../../boards/DJI_Board_TypeC/CMakeFiles/DJI_Board_TypeC.dir/Middlewares/ST/STM32_USB_Device_Library/Class/CDC/Src/usbd_cdc.c.obj
                0x00000000080067d0                USBD_CDC_SetRxBuffer
 .text.USBD_CDC_ReceivePacket
                0x00000000080067e8       0x38 ../../boards/DJI_Board_TypeC/CMakeFiles/DJI_Board_TypeC.dir/Middlewares/ST/STM32_USB_Device_Library/Class/CDC/Src/usbd_cdc.c.obj
                0x00000000080067e8                USBD_CDC_ReceivePacket
 .text.USBD_Init
                0x0000000008006820       0x28 ../../boards/DJI_Board_TypeC/CMakeFiles/DJI_Board_TypeC.dir/Middlewares/ST/STM32_USB_Device_Library/Core/Src/usbd_core.c.obj
                0x0000000008006820                USBD_Init
 .text.USBD_RegisterClass
                0x0000000008006848       0x38 ../../boards/DJI_Board_TypeC/CMakeFiles/DJI_Board_TypeC.dir/Middlewares/ST/STM32_USB_Device_Library/Core/Src/usbd_core.c.obj
                0x0000000008006848                USBD_RegisterClass
 .text.USBD_Start
                0x0000000008006880        0x4 ../../boards/DJI_Board_TypeC/CMakeFiles/DJI_Board_TypeC.dir/Middlewares/ST/STM32_USB_Device_Library/Core/Src/usbd_core.c.obj
                0x0000000008006880                USBD_Start
 .text.USBD_SetClassConfig
                0x0000000008006884       0x10 ../../boards/DJI_Board_TypeC/CMakeFiles/DJI_Board_TypeC.dir/Middlewares/ST/STM32_USB_Device_Library/Core/Src/usbd_core.c.obj
                0x0000000008006884                USBD_SetClassConfig
 .text.USBD_ClrClassConfig
                0x0000000008006894       0x14 ../../boards/DJI_Board_TypeC/CMakeFiles/DJI_Board_TypeC.dir/Middlewares/ST/STM32_USB_Device_Library/Core/Src/usbd_core.c.obj
                0x0000000008006894                USBD_ClrClassConfig
 .text.USBD_LL_SetupStage
                0x00000000080068a8       0x60 ../../boards/DJI_Board_TypeC/CMakeFiles/DJI_Board_TypeC.dir/Middlewares/ST/STM32_USB_Device_Library/Core/Src/usbd_core.c.obj
                0x00000000080068a8                USBD_LL_SetupStage
 .text.USBD_LL_DataOutStage
                0x0000000008006908       0x74 ../../boards/DJI_Board_TypeC/CMakeFiles/DJI_Board_TypeC.dir/Middlewares/ST/STM32_USB_Device_Library/Core/Src/usbd_core.c.obj
                0x0000000008006908                USBD_LL_DataOutStage
 .text.USBD_LL_DataInStage
                0x000000000800697c       0xb4 ../../boards/DJI_Board_TypeC/CMakeFiles/DJI_Board_TypeC.dir/Middlewares/ST/STM32_USB_Device_Library/Core/Src/usbd_core.c.obj
                0x000000000800697c                USBD_LL_DataInStage
 .text.USBD_LL_Reset
                0x0000000008006a30       0x5c ../../boards/DJI_Board_TypeC/CMakeFiles/DJI_Board_TypeC.dir/Middlewares/ST/STM32_USB_Device_Library/Core/Src/usbd_core.c.obj
                0x0000000008006a30                USBD_LL_Reset
 .text.USBD_LL_SetSpeed
                0x0000000008006a8c        0x8 ../../boards/DJI_Board_TypeC/CMakeFiles/DJI_Board_TypeC.dir/Middlewares/ST/STM32_USB_Device_Library/Core/Src/usbd_core.c.obj
                0x0000000008006a8c                USBD_LL_SetSpeed
 .text.USBD_LL_Suspend
                0x0000000008006a94       0x18 ../../boards/DJI_Board_TypeC/CMakeFiles/DJI_Board_TypeC.dir/Middlewares/ST/STM32_USB_Device_Library/Core/Src/usbd_core.c.obj
                0x0000000008006a94                USBD_LL_Suspend
 .text.USBD_LL_Resume
                0x0000000008006aac       0x18 ../../boards/DJI_Board_TypeC/CMakeFiles/DJI_Board_TypeC.dir/Middlewares/ST/STM32_USB_Device_Library/Core/Src/usbd_core.c.obj
                0x0000000008006aac                USBD_LL_Resume
 .text.USBD_LL_SOF
                0x0000000008006ac4       0x20 ../../boards/DJI_Board_TypeC/CMakeFiles/DJI_Board_TypeC.dir/Middlewares/ST/STM32_USB_Device_Library/Core/Src/usbd_core.c.obj
                0x0000000008006ac4                USBD_LL_SOF
 .text.USBD_LL_IsoINIncomplete
                0x0000000008006ae4       0x2c ../../boards/DJI_Board_TypeC/CMakeFiles/DJI_Board_TypeC.dir/Middlewares/ST/STM32_USB_Device_Library/Core/Src/usbd_core.c.obj
                0x0000000008006ae4                USBD_LL_IsoINIncomplete
 .text.USBD_LL_IsoOUTIncomplete
                0x0000000008006b10       0x2c ../../boards/DJI_Board_TypeC/CMakeFiles/DJI_Board_TypeC.dir/Middlewares/ST/STM32_USB_Device_Library/Core/Src/usbd_core.c.obj
                0x0000000008006b10                USBD_LL_IsoOUTIncomplete
 .text.USBD_LL_DevConnected
                0x0000000008006b3c        0x4 ../../boards/DJI_Board_TypeC/CMakeFiles/DJI_Board_TypeC.dir/Middlewares/ST/STM32_USB_Device_Library/Core/Src/usbd_core.c.obj
                0x0000000008006b3c                USBD_LL_DevConnected
 .text.USBD_LL_DevDisconnected
                0x0000000008006b40       0x24 ../../boards/DJI_Board_TypeC/CMakeFiles/DJI_Board_TypeC.dir/Middlewares/ST/STM32_USB_Device_Library/Core/Src/usbd_core.c.obj
                0x0000000008006b40                USBD_LL_DevDisconnected
 .text.USBD_CoreFindIF
                0x0000000008006b64        0x4 ../../boards/DJI_Board_TypeC/CMakeFiles/DJI_Board_TypeC.dir/Middlewares/ST/STM32_USB_Device_Library/Core/Src/usbd_core.c.obj
                0x0000000008006b64                USBD_CoreFindIF
 .text.USBD_CoreFindEP
                0x0000000008006b68        0x4 ../../boards/DJI_Board_TypeC/CMakeFiles/DJI_Board_TypeC.dir/Middlewares/ST/STM32_USB_Device_Library/Core/Src/usbd_core.c.obj
                0x0000000008006b68                USBD_CoreFindEP
 .text.USBD_GetEpDesc
                0x0000000008006b6c       0x2c ../../boards/DJI_Board_TypeC/CMakeFiles/DJI_Board_TypeC.dir/Middlewares/ST/STM32_USB_Device_Library/Core/Src/usbd_core.c.obj
                0x0000000008006b6c                USBD_GetEpDesc
 .text.USBD_StdDevReq
                0x0000000008006b98      0x374 ../../boards/DJI_Board_TypeC/CMakeFiles/DJI_Board_TypeC.dir/Middlewares/ST/STM32_USB_Device_Library/Core/Src/usbd_ctlreq.c.obj
                0x0000000008006b98                USBD_StdDevReq
 .text.USBD_StdItfReq
                0x0000000008006f0c       0x74 ../../boards/DJI_Board_TypeC/CMakeFiles/DJI_Board_TypeC.dir/Middlewares/ST/STM32_USB_Device_Library/Core/Src/usbd_ctlreq.c.obj
                0x0000000008006f0c                USBD_StdItfReq
 .text.USBD_StdEPReq
                0x0000000008006f80      0x158 ../../boards/DJI_Board_TypeC/CMakeFiles/DJI_Board_TypeC.dir/Middlewares/ST/STM32_USB_Device_Library/Core/Src/usbd_ctlreq.c.obj
                0x0000000008006f80                USBD_StdEPReq
 .text.USBD_ParseSetupRequest
                0x00000000080070d8       0x18 ../../boards/DJI_Board_TypeC/CMakeFiles/DJI_Board_TypeC.dir/Middlewares/ST/STM32_USB_Device_Library/Core/Src/usbd_ctlreq.c.obj
                0x00000000080070d8                USBD_ParseSetupRequest
 .text.USBD_CtlError
                0x00000000080070f0       0x18 ../../boards/DJI_Board_TypeC/CMakeFiles/DJI_Board_TypeC.dir/Middlewares/ST/STM32_USB_Device_Library/Core/Src/usbd_ctlreq.c.obj
                0x00000000080070f0                USBD_CtlError
 .text.USBD_GetString
                0x0000000008007108       0x54 ../../boards/DJI_Board_TypeC/CMakeFiles/DJI_Board_TypeC.dir/Middlewares/ST/STM32_USB_Device_Library/Core/Src/usbd_ctlreq.c.obj
                0x0000000008007108                USBD_GetString
 .text.USBD_CtlSendData
                0x000000000800715c       0x1c ../../boards/DJI_Board_TypeC/CMakeFiles/DJI_Board_TypeC.dir/Middlewares/ST/STM32_USB_Device_Library/Core/Src/usbd_ioreq.c.obj
                0x000000000800715c                USBD_CtlSendData
 .text.USBD_CtlContinueSendData
                0x0000000008007178       0x10 ../../boards/DJI_Board_TypeC/CMakeFiles/DJI_Board_TypeC.dir/Middlewares/ST/STM32_USB_Device_Library/Core/Src/usbd_ioreq.c.obj
                0x0000000008007178                USBD_CtlContinueSendData
 .text.USBD_CtlPrepareRx
                0x0000000008007188       0x1c ../../boards/DJI_Board_TypeC/CMakeFiles/DJI_Board_TypeC.dir/Middlewares/ST/STM32_USB_Device_Library/Core/Src/usbd_ioreq.c.obj
                0x0000000008007188                USBD_CtlPrepareRx
 .text.USBD_CtlContinueRx
                0x00000000080071a4       0x10 ../../boards/DJI_Board_TypeC/CMakeFiles/DJI_Board_TypeC.dir/Middlewares/ST/STM32_USB_Device_Library/Core/Src/usbd_ioreq.c.obj
                0x00000000080071a4                USBD_CtlContinueRx
 .text.USBD_CtlSendStatus
                0x00000000080071b4       0x18 ../../boards/DJI_Board_TypeC/CMakeFiles/DJI_Board_TypeC.dir/Middlewares/ST/STM32_USB_Device_Library/Core/Src/usbd_ioreq.c.obj
                0x00000000080071b4                USBD_CtlSendStatus
 .text.USBD_CtlReceiveStatus
                0x00000000080071cc       0x18 ../../boards/DJI_Board_TypeC/CMakeFiles/DJI_Board_TypeC.dir/Middlewares/ST/STM32_USB_Device_Library/Core/Src/usbd_ioreq.c.obj
                0x00000000080071cc                USBD_CtlReceiveStatus
 .text.SysTick_Handler
                0x00000000080071e4       0x1c ../../boards/DJI_Board_TypeC/CMakeFiles/DJI_Board_TypeC.dir/Middlewares/Third_Party/FreeRTOS/Source/CMSIS_RTOS_V2/cmsis_os2.c.obj
                0x00000000080071e4                SysTick_Handler
 .text.osKernelInitialize
                0x0000000008007200       0x24 ../../boards/DJI_Board_TypeC/CMakeFiles/DJI_Board_TypeC.dir/Middlewares/Third_Party/FreeRTOS/Source/CMSIS_RTOS_V2/cmsis_os2.c.obj
                0x0000000008007200                osKernelInitialize
 .text.osKernelStart
                0x0000000008007224       0x34 ../../boards/DJI_Board_TypeC/CMakeFiles/DJI_Board_TypeC.dir/Middlewares/Third_Party/FreeRTOS/Source/CMSIS_RTOS_V2/cmsis_os2.c.obj
                0x0000000008007224                osKernelStart
 .text.osThreadNew
                0x0000000008007258       0x98 ../../boards/DJI_Board_TypeC/CMakeFiles/DJI_Board_TypeC.dir/Middlewares/Third_Party/FreeRTOS/Source/CMSIS_RTOS_V2/cmsis_os2.c.obj
                0x0000000008007258                osThreadNew
 .text.osDelay  0x00000000080072f0       0x1c ../../boards/DJI_Board_TypeC/CMakeFiles/DJI_Board_TypeC.dir/Middlewares/Third_Party/FreeRTOS/Source/CMSIS_RTOS_V2/cmsis_os2.c.obj
                0x00000000080072f0                osDelay
 .text.vApplicationGetIdleTaskMemory
                0x000000000800730c       0x1c ../../boards/DJI_Board_TypeC/CMakeFiles/DJI_Board_TypeC.dir/Middlewares/Third_Party/FreeRTOS/Source/CMSIS_RTOS_V2/cmsis_os2.c.obj
                0x000000000800730c                vApplicationGetIdleTaskMemory
 .text.vApplicationGetTimerTaskMemory
                0x0000000008007328       0x20 ../../boards/DJI_Board_TypeC/CMakeFiles/DJI_Board_TypeC.dir/Middlewares/Third_Party/FreeRTOS/Source/CMSIS_RTOS_V2/cmsis_os2.c.obj
                0x0000000008007328                vApplicationGetTimerTaskMemory
 .text.vListInitialise
                0x0000000008007348       0x18 ../../boards/DJI_Board_TypeC/CMakeFiles/DJI_Board_TypeC.dir/Middlewares/Third_Party/FreeRTOS/Source/list.c.obj
                0x0000000008007348                vListInitialise
 .text.vListInitialiseItem
                0x0000000008007360        0x8 ../../boards/DJI_Board_TypeC/CMakeFiles/DJI_Board_TypeC.dir/Middlewares/Third_Party/FreeRTOS/Source/list.c.obj
                0x0000000008007360                vListInitialiseItem
 .text.vListInsertEnd
                0x0000000008007368       0x20 ../../boards/DJI_Board_TypeC/CMakeFiles/DJI_Board_TypeC.dir/Middlewares/Third_Party/FreeRTOS/Source/list.c.obj
                0x0000000008007368                vListInsertEnd
 .text.vListInsert
                0x0000000008007388       0x30 ../../boards/DJI_Board_TypeC/CMakeFiles/DJI_Board_TypeC.dir/Middlewares/Third_Party/FreeRTOS/Source/list.c.obj
                0x0000000008007388                vListInsert
 .text.uxListRemove
                0x00000000080073b8       0x28 ../../boards/DJI_Board_TypeC/CMakeFiles/DJI_Board_TypeC.dir/Middlewares/Third_Party/FreeRTOS/Source/list.c.obj
                0x00000000080073b8                uxListRemove
 .text.prvPortStartFirstTask
                0x00000000080073e0       0x28 ../../boards/DJI_Board_TypeC/CMakeFiles/DJI_Board_TypeC.dir/Middlewares/Third_Party/FreeRTOS/Source/portable/GCC/ARM_CM4F/port.c.obj
 .text.vPortEnableVFP
                0x0000000008007408       0x14 ../../boards/DJI_Board_TypeC/CMakeFiles/DJI_Board_TypeC.dir/Middlewares/Third_Party/FreeRTOS/Source/portable/GCC/ARM_CM4F/port.c.obj
 .text.prvTaskExitError
                0x000000000800741c       0x40 ../../boards/DJI_Board_TypeC/CMakeFiles/DJI_Board_TypeC.dir/Middlewares/Third_Party/FreeRTOS/Source/portable/GCC/ARM_CM4F/port.c.obj
 .text.pxPortInitialiseStack
                0x000000000800745c       0x28 ../../boards/DJI_Board_TypeC/CMakeFiles/DJI_Board_TypeC.dir/Middlewares/Third_Party/FreeRTOS/Source/portable/GCC/ARM_CM4F/port.c.obj
                0x000000000800745c                pxPortInitialiseStack
 *fill*         0x0000000008007484        0xc 
 .text.SVC_Handler
                0x0000000008007490       0x24 ../../boards/DJI_Board_TypeC/CMakeFiles/DJI_Board_TypeC.dir/Middlewares/Third_Party/FreeRTOS/Source/portable/GCC/ARM_CM4F/port.c.obj
                0x0000000008007490                SVC_Handler
 .text.vPortEnterCritical
                0x00000000080074b4       0x44 ../../boards/DJI_Board_TypeC/CMakeFiles/DJI_Board_TypeC.dir/Middlewares/Third_Party/FreeRTOS/Source/portable/GCC/ARM_CM4F/port.c.obj
                0x00000000080074b4                vPortEnterCritical
 .text.vPortExitCritical
                0x00000000080074f8       0x28 ../../boards/DJI_Board_TypeC/CMakeFiles/DJI_Board_TypeC.dir/Middlewares/Third_Party/FreeRTOS/Source/portable/GCC/ARM_CM4F/port.c.obj
                0x00000000080074f8                vPortExitCritical
 .text.PendSV_Handler
                0x0000000008007520       0x64 ../../boards/DJI_Board_TypeC/CMakeFiles/DJI_Board_TypeC.dir/Middlewares/Third_Party/FreeRTOS/Source/portable/GCC/ARM_CM4F/port.c.obj
                0x0000000008007520                PendSV_Handler
 .text.xPortSysTickHandler
                0x0000000008007584       0x2c ../../boards/DJI_Board_TypeC/CMakeFiles/DJI_Board_TypeC.dir/Middlewares/Third_Party/FreeRTOS/Source/portable/GCC/ARM_CM4F/port.c.obj
                0x0000000008007584                xPortSysTickHandler
 .text.vPortSetupTimerInterrupt
                0x00000000080075b0       0x28 ../../boards/DJI_Board_TypeC/CMakeFiles/DJI_Board_TypeC.dir/Middlewares/Third_Party/FreeRTOS/Source/portable/GCC/ARM_CM4F/port.c.obj
                0x00000000080075b0                vPortSetupTimerInterrupt
 .text.xPortStartScheduler
                0x00000000080075d8      0x140 ../../boards/DJI_Board_TypeC/CMakeFiles/DJI_Board_TypeC.dir/Middlewares/Third_Party/FreeRTOS/Source/portable/GCC/ARM_CM4F/port.c.obj
                0x00000000080075d8                xPortStartScheduler
 .text.pvPortMalloc
                0x0000000008007718      0x170 ../../boards/DJI_Board_TypeC/CMakeFiles/DJI_Board_TypeC.dir/Middlewares/Third_Party/FreeRTOS/Source/portable/MemMang/heap_4.c.obj
                0x0000000008007718                pvPortMalloc
 .text.vPortFree
                0x0000000008007888       0xc4 ../../boards/DJI_Board_TypeC/CMakeFiles/DJI_Board_TypeC.dir/Middlewares/Third_Party/FreeRTOS/Source/portable/MemMang/heap_4.c.obj
                0x0000000008007888                vPortFree
 .text.prvCopyDataToQueue
                0x000000000800794c       0x78 ../../boards/DJI_Board_TypeC/CMakeFiles/DJI_Board_TypeC.dir/Middlewares/Third_Party/FreeRTOS/Source/queue.c.obj
 .text.xQueueGenericCreateStatic
                0x00000000080079c4       0xe8 ../../boards/DJI_Board_TypeC/CMakeFiles/DJI_Board_TypeC.dir/Middlewares/Third_Party/FreeRTOS/Source/queue.c.obj
                0x00000000080079c4                xQueueGenericCreateStatic
 .text.xQueueGenericSend
                0x0000000008007aac      0x2fc ../../boards/DJI_Board_TypeC/CMakeFiles/DJI_Board_TypeC.dir/Middlewares/Third_Party/FreeRTOS/Source/queue.c.obj
                0x0000000008007aac                xQueueGenericSend
 .text.xQueueReceive
                0x0000000008007da8      0x304 ../../boards/DJI_Board_TypeC/CMakeFiles/DJI_Board_TypeC.dir/Middlewares/Third_Party/FreeRTOS/Source/queue.c.obj
                0x0000000008007da8                xQueueReceive
 .text.vQueueAddToRegistry
                0x00000000080080ac       0x50 ../../boards/DJI_Board_TypeC/CMakeFiles/DJI_Board_TypeC.dir/Middlewares/Third_Party/FreeRTOS/Source/queue.c.obj
                0x00000000080080ac                vQueueAddToRegistry
 .text.vQueueWaitForMessageRestricted
                0x00000000080080fc       0xc8 ../../boards/DJI_Board_TypeC/CMakeFiles/DJI_Board_TypeC.dir/Middlewares/Third_Party/FreeRTOS/Source/queue.c.obj
                0x00000000080080fc                vQueueWaitForMessageRestricted
 .text.prvAddNewTaskToReadyList
                0x00000000080081c4      0x110 ../../boards/DJI_Board_TypeC/CMakeFiles/DJI_Board_TypeC.dir/Middlewares/Third_Party/FreeRTOS/Source/tasks.c.obj
 .text.vTaskSwitchContext.part.0
                0x00000000080082d4       0xbc ../../boards/DJI_Board_TypeC/CMakeFiles/DJI_Board_TypeC.dir/Middlewares/Third_Party/FreeRTOS/Source/tasks.c.obj
 .text.prvInitialiseNewTask.constprop.0
                0x0000000008008390      0x134 ../../boards/DJI_Board_TypeC/CMakeFiles/DJI_Board_TypeC.dir/Middlewares/Third_Party/FreeRTOS/Source/tasks.c.obj
 .text.prvIdleTask
                0x00000000080084c4       0x98 ../../boards/DJI_Board_TypeC/CMakeFiles/DJI_Board_TypeC.dir/Middlewares/Third_Party/FreeRTOS/Source/tasks.c.obj
 .text.xTaskIncrementTick.part.0
                0x000000000800855c      0x148 ../../boards/DJI_Board_TypeC/CMakeFiles/DJI_Board_TypeC.dir/Middlewares/Third_Party/FreeRTOS/Source/tasks.c.obj
 .text.xTaskResumeAll.part.0
                0x00000000080086a4      0x134 ../../boards/DJI_Board_TypeC/CMakeFiles/DJI_Board_TypeC.dir/Middlewares/Third_Party/FreeRTOS/Source/tasks.c.obj
 .text.xTaskCreateStatic
                0x00000000080087d8       0x74 ../../boards/DJI_Board_TypeC/CMakeFiles/DJI_Board_TypeC.dir/Middlewares/Third_Party/FreeRTOS/Source/tasks.c.obj
                0x00000000080087d8                xTaskCreateStatic
 .text.xTaskCreate
                0x000000000800884c       0x64 ../../boards/DJI_Board_TypeC/CMakeFiles/DJI_Board_TypeC.dir/Middlewares/Third_Party/FreeRTOS/Source/tasks.c.obj
                0x000000000800884c                xTaskCreate
 .text.vTaskDelay
                0x00000000080088b0       0xac ../../boards/DJI_Board_TypeC/CMakeFiles/DJI_Board_TypeC.dir/Middlewares/Third_Party/FreeRTOS/Source/tasks.c.obj
                0x00000000080088b0                vTaskDelay
 .text.vTaskStartScheduler
                0x000000000800895c      0x124 ../../boards/DJI_Board_TypeC/CMakeFiles/DJI_Board_TypeC.dir/Middlewares/Third_Party/FreeRTOS/Source/tasks.c.obj
                0x000000000800895c                vTaskStartScheduler
 .text.vTaskSuspendAll
                0x0000000008008a80       0x10 ../../boards/DJI_Board_TypeC/CMakeFiles/DJI_Board_TypeC.dir/Middlewares/Third_Party/FreeRTOS/Source/tasks.c.obj
                0x0000000008008a80                vTaskSuspendAll
 .text.xTaskResumeAll
                0x0000000008008a90       0x20 ../../boards/DJI_Board_TypeC/CMakeFiles/DJI_Board_TypeC.dir/Middlewares/Third_Party/FreeRTOS/Source/tasks.c.obj
                0x0000000008008a90                xTaskResumeAll
 .text.xTaskGetTickCount
                0x0000000008008ab0        0xc ../../boards/DJI_Board_TypeC/CMakeFiles/DJI_Board_TypeC.dir/Middlewares/Third_Party/FreeRTOS/Source/tasks.c.obj
                0x0000000008008ab0                xTaskGetTickCount
 .text.xTaskIncrementTick
                0x0000000008008abc       0x20 ../../boards/DJI_Board_TypeC/CMakeFiles/DJI_Board_TypeC.dir/Middlewares/Third_Party/FreeRTOS/Source/tasks.c.obj
                0x0000000008008abc                xTaskIncrementTick
 .text.vTaskSwitchContext
                0x0000000008008adc       0x1c ../../boards/DJI_Board_TypeC/CMakeFiles/DJI_Board_TypeC.dir/Middlewares/Third_Party/FreeRTOS/Source/tasks.c.obj
                0x0000000008008adc                vTaskSwitchContext
 .text.vTaskPlaceOnEventList
                0x0000000008008af8       0x88 ../../boards/DJI_Board_TypeC/CMakeFiles/DJI_Board_TypeC.dir/Middlewares/Third_Party/FreeRTOS/Source/tasks.c.obj
                0x0000000008008af8                vTaskPlaceOnEventList
 .text.vTaskPlaceOnEventListRestricted
                0x0000000008008b80       0x94 ../../boards/DJI_Board_TypeC/CMakeFiles/DJI_Board_TypeC.dir/Middlewares/Third_Party/FreeRTOS/Source/tasks.c.obj
                0x0000000008008b80                vTaskPlaceOnEventListRestricted
 .text.xTaskRemoveFromEventList
                0x0000000008008c14       0x90 ../../boards/DJI_Board_TypeC/CMakeFiles/DJI_Board_TypeC.dir/Middlewares/Third_Party/FreeRTOS/Source/tasks.c.obj
                0x0000000008008c14                xTaskRemoveFromEventList
 .text.vTaskInternalSetTimeOutState
                0x0000000008008ca4       0x18 ../../boards/DJI_Board_TypeC/CMakeFiles/DJI_Board_TypeC.dir/Middlewares/Third_Party/FreeRTOS/Source/tasks.c.obj
                0x0000000008008ca4                vTaskInternalSetTimeOutState