Archive member included to satisfy reference by file (symbol)

../../boards/DJI_Board_TypeA/libDJI_Board_TypeA_libDSP.a(arm_pid_init_f32.c.obj)
                              ../../shared/CMakeFiles/DJI_Board_TypeA_irm.dir/libraries/controller.cc.obj (arm_pid_init_f32)
/Users/chensihan/Downloads/gcc-arm-none-eabi-10.3-2021.10/bin/../lib/gcc/arm-none-eabi/10.3.1/../../../../arm-none-eabi/lib/thumb/v7e-m+fp/hard/libstdc++_nano.a(atexit_arm.o)
                              ../../shared/CMakeFiles/DJI_Board_TypeA_irm.dir/bsp/bsp_can.cc.obj (__aeabi_atexit)
/Users/chensihan/Downloads/gcc-arm-none-eabi-10.3-2021.10/bin/../lib/gcc/arm-none-eabi/10.3.1/../../../../arm-none-eabi/lib/thumb/v7e-m+fp/hard/libstdc++_nano.a(class_type_info.o)
                              ../../shared/CMakeFiles/DJI_Board_TypeA_irm.dir/bsp/bsp_gpio.cc.obj (vtable for __cxxabiv1::__class_type_info)
/Users/chensihan/Downloads/gcc-arm-none-eabi-10.3-2021.10/bin/../lib/gcc/arm-none-eabi/10.3.1/../../../../arm-none-eabi/lib/thumb/v7e-m+fp/hard/libstdc++_nano.a(pure.o)
                              ../../shared/CMakeFiles/DJI_Board_TypeA_irm.dir/bsp/bsp_gpio.cc.obj (__cxa_pure_virtual)
/Users/chensihan/Downloads/gcc-arm-none-eabi-10.3-2021.10/bin/../lib/gcc/arm-none-eabi/10.3.1/../../../../arm-none-eabi/lib/thumb/v7e-m+fp/hard/libstdc++_nano.a(si_class_type_info.o)
                              ../../shared/CMakeFiles/DJI_Board_TypeA_irm.dir/bsp/bsp_imu.cc.obj (vtable for __cxxabiv1::__si_class_type_info)
/Users/chensihan/Downloads/gcc-arm-none-eabi-10.3-2021.10/bin/../lib/gcc/arm-none-eabi/10.3.1/../../../../arm-none-eabi/lib/thumb/v7e-m+fp/hard/libstdc++_nano.a(tinfo.o)
                              /Users/chensihan/Downloads/gcc-arm-none-eabi-10.3-2021.10/bin/../lib/gcc/arm-none-eabi/10.3.1/../../../../arm-none-eabi/lib/thumb/v7e-m+fp/hard/libstdc++_nano.a(class_type_info.o) (std::type_info::~type_info())
/Users/chensihan/Downloads/gcc-arm-none-eabi-10.3-2021.10/bin/../lib/gcc/arm-none-eabi/10.3.1/../../../../arm-none-eabi/lib/thumb/v7e-m+fp/hard/libstdc++_nano.a(tree.o)
                              ../../shared/CMakeFiles/DJI_Board_TypeA_irm.dir/bsp/bsp_can.cc.obj (std::_Rb_tree_increment(std::_Rb_tree_node_base*))
/Users/chensihan/Downloads/gcc-arm-none-eabi-10.3-2021.10/bin/../lib/gcc/arm-none-eabi/10.3.1/../../../../arm-none-eabi/lib/thumb/v7e-m+fp/hard/libstdc++_nano.a(functexcept.o)
                              ../../shared/CMakeFiles/DJI_Board_TypeA_irm.dir/libraries/shooter.cc.obj (std::__throw_bad_alloc())
/Users/chensihan/Downloads/gcc-arm-none-eabi-10.3-2021.10/bin/../lib/gcc/arm-none-eabi/10.3.1/../../../../arm-none-eabi/lib/thumb/v7e-m+fp/hard/libstdc++_nano.a(hashtable_c++0x.o)
                              ../../shared/CMakeFiles/DJI_Board_TypeA_irm.dir/libraries/shooter.cc.obj (std::__detail::_Prime_rehash_policy::_M_need_rehash(unsigned int, unsigned int, unsigned int) const)
/Users/chensihan/Downloads/gcc-arm-none-eabi-10.3-2021.10/bin/../lib/gcc/arm-none-eabi/10.3.1/../../../../arm-none-eabi/lib/thumb/v7e-m+fp/hard/libstdc++_nano.a(snprintf_lite.o)
                              /Users/chensihan/Downloads/gcc-arm-none-eabi-10.3-2021.10/bin/../lib/gcc/arm-none-eabi/10.3.1/../../../../arm-none-eabi/lib/thumb/v7e-m+fp/hard/libstdc++_nano.a(functexcept.o) (__gnu_cxx::__snprintf_lite(char*, unsigned int, char const*, std::__va_list))
/Users/chensihan/Downloads/gcc-arm-none-eabi-10.3-2021.10/bin/../lib/gcc/arm-none-eabi/10.3.1/../../../../arm-none-eabi/lib/thumb/v7e-m+fp/hard/libstdc++_nano.a(string-inst.o)
                              ../../shared/CMakeFiles/DJI_Board_TypeA_irm.dir/bsp/bsp_sdio.cc.obj (std::__cxx11::basic_string<char, std::char_traits<char>, std::allocator<char> >::_M_create(unsigned int&, unsigned int))
/Users/chensihan/Downloads/gcc-arm-none-eabi-10.3-2021.10/bin/../lib/gcc/arm-none-eabi/10.3.1/../../../../arm-none-eabi/lib/thumb/v7e-m+fp/hard/libstdc++_nano.a(eh_terminate.o)
                              /Users/chensihan/Downloads/gcc-arm-none-eabi-10.3-2021.10/bin/../lib/gcc/arm-none-eabi/10.3.1/../../../../arm-none-eabi/lib/thumb/v7e-m+fp/hard/libstdc++_nano.a(pure.o) (std::terminate())
/Users/chensihan/Downloads/gcc-arm-none-eabi-10.3-2021.10/bin/../lib/gcc/arm-none-eabi/10.3.1/../../../../arm-none-eabi/lib/thumb/v7e-m+fp/hard/libstdc++_nano.a(eh_unex_handler.o)
                              /Users/chensihan/Downloads/gcc-arm-none-eabi-10.3-2021.10/bin/../lib/gcc/arm-none-eabi/10.3.1/../../../../arm-none-eabi/lib/thumb/v7e-m+fp/hard/libstdc++_nano.a(eh_terminate.o) (__cxxabiv1::__unexpected_handler)
/Users/chensihan/Downloads/gcc-arm-none-eabi-10.3-2021.10/bin/../lib/gcc/arm-none-eabi/10.3.1/../../../../arm-none-eabi/lib/thumb/v7e-m+fp/hard/libstdc++_nano.a(math_stubs_long_double.o)
                              /Users/chensihan/Downloads/gcc-arm-none-eabi-10.3-2021.10/bin/../lib/gcc/arm-none-eabi/10.3.1/../../../../arm-none-eabi/lib/thumb/v7e-m+fp/hard/libstdc++_nano.a(hashtable_c++0x.o) (floorl)
[...]
Memory Configuration

Name             Origin             Length             Attributes
RAM              0x0000000020000000 0x0000000000030000 xrw
CCMRAM           0x0000000010000000 0x0000000000010000 rw
FLASH            0x0000000008000000 0x0000000000200000 xr
*default*        0x0000000000000000 0xffffffffffffffff

Linker script and memory map

LOAD /Users/chensihan/Downloads/gcc-arm-none-eabi-10.3-2021.10/bin/../lib/gcc/arm-none-eabi/10.3.1/thumb/v7e-m+fp/hard/crti.o
LOAD /Users/chensihan/Downloads/gcc-arm-none-eabi-10.3-2021.10/bin/../lib/gcc/arm-none-eabi/10.3.1/thumb/v7e-m+fp/hard/crtbegin.o
LOAD /Users/chensihan/Downloads/gcc-arm-none-eabi-10.3-2021.10/bin/../lib/gcc/arm-none-eabi/10.3.1/../../../../arm-none-eabi/lib/thumb/v7e-m+fp/hard/crt0.o
LOAD CMakeFiles/example_relay.elf.dir/main.cc.obj
LOAD ../../boards/DJI_Board_TypeA/CMakeFiles/DJI_Board_TypeA.dir/Core/Src/adc.c.obj
LOAD ../../boards/DJI_Board_TypeA/CMakeFiles/DJI_Board_TypeA.dir/Core/Src/can.c.obj
LOAD ../../boards/DJI_Board_TypeA/CMakeFiles/DJI_Board_TypeA.dir/Core/Src/dma.c.obj
LOAD ../../boards/DJI_Board_TypeA/CMakeFiles/DJI_Board_TypeA.dir/Core/Src/freertos.c.obj
LOAD ../../boards/DJI_Board_TypeA/CMakeFiles/DJI_Board_TypeA.dir/Core/Src/gpio.c.obj
LOAD ../../boards/DJI_Board_TypeA/CMakeFiles/DJI_Board_TypeA.dir/Core/Src/i2c.c.obj
LOAD ../../boards/DJI_Board_TypeA/CMakeFiles/DJI_Board_TypeA.dir/Core/Src/main.c.obj
LOAD ../../boards/DJI_Board_TypeA/CMakeFiles/DJI_Board_TypeA.dir/Core/Src/sdio.c.obj
LOAD ../../boards/DJI_Board_TypeA/CMakeFiles/DJI_Board_TypeA.dir/Core/Src/spi.c.obj
LOAD ../../boards/DJI_Board_TypeA/CMakeFiles/DJI_Board_TypeA.dir/Core/Src/stm32f4xx_hal_msp.c.obj
LOAD ../../boards/DJI_Board_TypeA/CMakeFiles/DJI_Board_TypeA.dir/Core/Src/stm32f4xx_hal_timebase_tim.c.obj
LOAD ../../boards/DJI_Board_TypeA/CMakeFiles/DJI_Board_TypeA.dir/Core/Src/stm32f4xx_it.c.obj
LOAD ../../boards/DJI_Board_TypeA/CMakeFiles/DJI_Board_TypeA.dir/Core/Src/sys.c.obj
LOAD ../../boards/DJI_Board_TypeA/CMakeFiles/DJI_Board_TypeA.dir/Core/Src/system_stm32f4xx.c.obj
LOAD ../../boards/DJI_Board_TypeA/CMakeFiles/DJI_Board_TypeA.dir/Core/Src/tim.c.obj
LOAD ../../boards/DJI_Board_TypeA/CMakeFiles/DJI_Board_TypeA.dir/Core/Src/usart.c.obj
LOAD ../../boards/DJI_Board_TypeA/CMakeFiles/DJI_Board_TypeA.dir/FATFS/App/fatfs.c.obj
LOAD ../../boards/DJI_Board_TypeA/CMakeFiles/DJI_Board_TypeA.dir/FATFS/Target/bsp_driver_sd.c.obj
LOAD ../../boards/DJI_Board_TypeA/CMakeFiles/DJI_Board_TypeA.dir/FATFS/Target/fatfs_platform.c.obj
LOAD ../../boards/DJI_Board_TypeA/CMakeFiles/DJI_Board_TypeA.dir/FATFS/Target/sd_diskio.c.obj
LOAD ../../boards/DJI_Board_TypeA/CMakeFiles/DJI_Board_TypeA.dir/USB_DEVICE/App/usb_device.c.obj
LOAD ../../boards/DJI_Board_TypeA/CMakeFiles/DJI_Board_TypeA.dir/USB_DEVICE/App/usbd_cdc_if.c.obj
LOAD ../../boards/DJI_Board_TypeA/CMakeFiles/DJI_Board_TypeA.dir/USB_DEVICE/App/usbd_desc.c.obj
LOAD ../../boards/DJI_Board_TypeA/CMakeFiles/DJI_Board_TypeA.dir/USB_DEVICE/Target/usbd_conf.c.obj
LOAD ../../boards/DJI_Board_TypeA/CMakeFiles/DJI_Board_TypeA.dir/Drivers/STM32F4xx_HAL_Driver/Src/stm32f4xx_hal.c.obj
LOAD ../../boards/DJI_Board_TypeA/CMakeFiles/DJI_Board_TypeA.dir/Drivers/STM32F4xx_HAL_Driver/Src/stm32f4xx_hal_adc.c.obj
LOAD ../../boards/DJI_Board_TypeA/CMakeFiles/DJI_Board_TypeA.dir/Drivers/STM32F4xx_HAL_Driver/Src/stm32f4xx_hal_adc_ex.c.obj
LOAD ../../boards/DJI_Board_TypeA/CMakeFiles/DJI_Board_TypeA.dir/Drivers/STM32F4xx_HAL_Driver/Src/stm32f4xx_hal_can.c.obj
LOAD ../../boards/DJI_Board_TypeA/CMakeFiles/DJI_Board_TypeA.dir/Drivers/STM32F4xx_HAL_Driver/Src/stm32f4xx_hal_cortex.c.obj
LOAD ../../boards/DJI_Board_TypeA/CMakeFiles/DJI_Board_TypeA.dir/Drivers/STM32F4xx_HAL_Driver/Src/stm32f4xx_hal_dma.c.obj
LOAD ../../boards/DJI_Board_TypeA/CMakeFiles/DJI_Board_TypeA.dir/Drivers/STM32F4xx_HAL_Driver/Src/stm32f4xx_hal_dma_ex.c.obj
LOAD ../../boards/DJI_Board_TypeA/CMakeFiles/DJI_Board_TypeA.dir/Drivers/STM32F4xx_HAL_Driver/Src/stm32f4xx_hal_exti.c.obj
LOAD ../../boards/DJI_Board_TypeA/CMakeFiles/DJI_Board_TypeA.dir/Drivers/STM32F4xx_HAL_Driver/Src/stm32f4xx_hal_flash.c.obj
LOAD ../../boards/DJI_Board_TypeA/CMakeFiles/DJI_Board_TypeA.dir/Drivers/STM32F4xx_HAL_Driver/Src/stm32f4xx_hal_flash_ex.c.obj
LOAD ../../boards/DJI_Board_TypeA/CMakeFiles/DJI_Board_TypeA.dir/Drivers/STM32F4xx_HAL_Driver/Src/stm32f4xx_hal_flash_ramfunc.c.obj
LOAD ../../boards/DJI_Board_TypeA/CMakeFiles/DJI_Board_TypeA.dir/Drivers/STM32F4xx_HAL_Driver/Src/stm32f4xx_hal_gpio.c.obj
LOAD ../../boards/DJI_Board_TypeA/CMakeFiles/DJI_Board_TypeA.dir/Drivers/STM32F4xx_HAL_Driver/Src/stm32f4xx_hal_i2c.c.obj
LOAD ../../boards/DJI_Board_TypeA/CMakeFiles/DJI_Board_TypeA.dir/Drivers/STM32F4xx_HAL_Driver/Src/stm32f4xx_hal_i2c_ex.c.obj
LOAD ../../boards/DJI_Board_TypeA/CMakeFiles/DJI_Board_TypeA.dir/Drivers/STM32F4xx_HAL_Driver/Src/stm32f4xx_hal_pcd.c.obj
LOAD ../../boards/DJI_Board_TypeA/CMakeFiles/DJI_Board_TypeA.dir/Drivers/STM32F4xx_HAL_Driver/Src/stm32f4xx_hal_pcd_ex.c.obj
LOAD ../../boards/DJI_Board_TypeA/CMakeFiles/DJI_Board_TypeA.dir/Drivers/STM32F4xx_HAL_Driver/Src/stm32f4xx_hal_pwr.c.obj
LOAD ../../boards/DJI_Board_TypeA/CMakeFiles/DJI_Board_TypeA.dir/Drivers/STM32F4xx_HAL_Driver/Src/stm32f4xx_hal_pwr_ex.c.obj
LOAD ../../boards/DJI_Board_TypeA/CMakeFiles/DJI_Board_TypeA.dir/Drivers/STM32F4xx_HAL_Driver/Src/stm32f4xx_hal_rcc.c.obj
LOAD ../../boards/DJI_Board_TypeA/CMakeFiles/DJI_Board_TypeA.dir/Drivers/STM32F4xx_HAL_Driver/Src/stm32f4xx_hal_rcc_ex.c.obj
LOAD ../../boards/DJI_Board_TypeA/CMakeFiles/DJI_Board_TypeA.dir/Drivers/STM32F4xx_HAL_Driver/Src/stm32f4xx_hal_sd.c.obj
LOAD ../../boards/DJI_Board_TypeA/CMakeFiles/DJI_Board_TypeA.dir/Drivers/STM32F4xx_HAL_Driver/Src/stm32f4xx_hal_spi.c.obj
LOAD ../../boards/DJI_Board_TypeA/CMakeFiles/DJI_Board_TypeA.dir/Drivers/STM32F4xx_HAL_Driver/Src/stm32f4xx_hal_tim.c.obj
LOAD ../../boards/DJI_Board_TypeA/CMakeFiles/DJI_Board_TypeA.dir/Drivers/STM32F4xx_HAL_Driver/Src/stm32f4xx_hal_tim_ex.c.obj
LOAD ../../boards/DJI_Board_TypeA/CMakeFiles/DJI_Board_TypeA.dir/Drivers/STM32F4xx_HAL_Driver/Src/stm32f4xx_hal_uart.c.obj
LOAD ../../boards/DJI_Board_TypeA/CMakeFiles/DJI_Board_TypeA.dir/Drivers/STM32F4xx_HAL_Driver/Src/stm32f4xx_ll_sdmmc.c.obj
LOAD ../../boards/DJI_Board_TypeA/CMakeFiles/DJI_Board_TypeA.dir/Drivers/STM32F4xx_HAL_Driver/Src/stm32f4xx_ll_usb.c.obj
LOAD ../../boards/DJI_Board_TypeA/CMakeFiles/DJI_Board_TypeA.dir/Middlewares/ST/STM32_USB_Device_Library/Class/CDC/Src/usbd_cdc.c.obj
LOAD ../../boards/DJI_Board_TypeA/CMakeFiles/DJI_Board_TypeA.dir/Middlewares/ST/STM32_USB_Device_Library/Core/Src/usbd_core.c.obj
LOAD ../../boards/DJI_Board_TypeA/CMakeFiles/DJI_Board_TypeA.dir/Middlewares/ST/STM32_USB_Device_Library/Core/Src/usbd_ctlreq.c.obj
LOAD ../../boards/DJI_Board_TypeA/CMakeFiles/DJI_Board_TypeA.dir/Middlewares/ST/STM32_USB_Device_Library/Core/Src/usbd_ioreq.c.obj
LOAD ../../boards/DJI_Board_TypeA/CMakeFiles/DJI_Board_TypeA.dir/Middlewares/Third_Party/FatFs/src/diskio.c.obj
LOAD ../../boards/DJI_Board_TypeA/CMakeFiles/DJI_Board_TypeA.dir/Middlewares/Third_Party/FatFs/src/ff.c.obj
LOAD ../../boards/DJI_Board_TypeA/CMakeFiles/DJI_Board_TypeA.dir/Middlewares/Third_Party/FatFs/src/ff_gen_drv.c.obj
LOAD ../../boards/DJI_Board_TypeA/CMakeFiles/DJI_Board_TypeA.dir/Middlewares/Third_Party/FatFs/src/option/syscall.c.obj
LOAD ../../boards/DJI_Board_TypeA/CMakeFiles/DJI_Board_TypeA.dir/Middlewares/Third_Party/FreeRTOS/Source/CMSIS_RTOS_V2/cmsis_os2.c.obj
LOAD ../../boards/DJI_Board_TypeA/CMakeFiles/DJI_Board_TypeA.dir/Middlewares/Third_Party/FreeRTOS/Source/croutine.c.obj
LOAD ../../boards/DJI_Board_TypeA/CMakeFiles/DJI_Board_TypeA.dir/Middlewares/Third_Party/FreeRTOS/Source/event_groups.c.obj
LOAD ../../boards/DJI_Board_TypeA/CMakeFiles/DJI_Board_TypeA.dir/Middlewares/Third_Party/FreeRTOS/Source/list.c.obj
LOAD ../../boards/DJI_Board_TypeA/CMakeFiles/DJI_Board_TypeA.dir/Middlewares/Third_Party/FreeRTOS/Source/portable/GCC/ARM_CM4F/port.c.obj
LOAD ../../boards/DJI_Board_TypeA/CMakeFiles/DJI_Board_TypeA.dir/Middlewares/Third_Party/FreeRTOS/Source/portable/MemMang/heap_4.c.obj
LOAD ../../boards/DJI_Board_TypeA/CMakeFiles/DJI_Board_TypeA.dir/Middlewares/Third_Party/FreeRTOS/Source/queue.c.obj
LOAD ../../boards/DJI_Board_TypeA/CMakeFiles/DJI_Board_TypeA.dir/Middlewares/Third_Party/FreeRTOS/Source/stream_buffer.c.obj
LOAD ../../boards/DJI_Board_TypeA/CMakeFiles/DJI_Board_TypeA.dir/Middlewares/Third_Party/FreeRTOS/Source/tasks.c.obj
LOAD ../../boards/DJI_Board_TypeA/CMakeFiles/DJI_Board_TypeA.dir/Middlewares/Third_Party/FreeRTOS/Source/timers.c.obj
LOAD ../../boards/DJI_Board_TypeA/CMakeFiles/DJI_Board_TypeA.dir/startup_stm32f427xx.s.obj
LOAD ../../shared/CMakeFiles/DJI_Board_TypeA_irm.dir/bsp/bsp_buzzer.cc.obj
LOAD ../../shared/CMakeFiles/DJI_Board_TypeA_irm.dir/bsp/bsp_can.cc.obj
LOAD ../../shared/CMakeFiles/DJI_Board_TypeA_irm.dir/bsp/bsp_can_bridge.cc.obj
LOAD ../../shared/CMakeFiles/DJI_Board_TypeA_irm.dir/bsp/bsp_error_handler.cc.obj
LOAD ../../shared/CMakeFiles/DJI_Board_TypeA_irm.dir/bsp/bsp_gpio.cc.obj
LOAD ../../shared/CMakeFiles/DJI_Board_TypeA_irm.dir/bsp/bsp_heater.cc.obj
LOAD ../../shared/CMakeFiles/DJI_Board_TypeA_irm.dir/bsp/bsp_imu.cc.obj
LOAD ../../shared/CMakeFiles/DJI_Board_TypeA_irm.dir/bsp/bsp_laser.cc.obj
LOAD ../../shared/CMakeFiles/DJI_Board_TypeA_irm.dir/bsp/bsp_memory.cc.obj
LOAD ../../shared/CMakeFiles/DJI_Board_TypeA_irm.dir/bsp/bsp_os.cc.obj
LOAD ../../shared/CMakeFiles/DJI_Board_TypeA_irm.dir/bsp/bsp_print.cc.obj
LOAD ../../shared/CMakeFiles/DJI_Board_TypeA_irm.dir/bsp/bsp_pwm.cc.obj
LOAD ../../shared/CMakeFiles/DJI_Board_TypeA_irm.dir/bsp/bsp_relay.cc.obj
LOAD ../../shared/CMakeFiles/DJI_Board_TypeA_irm.dir/bsp/bsp_sdio.cc.obj
LOAD ../../shared/CMakeFiles/DJI_Board_TypeA_irm.dir/bsp/bsp_uart.cc.obj
LOAD ../../shared/CMakeFiles/DJI_Board_TypeA_irm.dir/bsp/bsp_ultrasonic.cc.obj
LOAD ../../shared/CMakeFiles/DJI_Board_TypeA_irm.dir/bsp/bsp_usb.cc.obj
LOAD ../../shared/CMakeFiles/DJI_Board_TypeA_irm.dir/libraries/chassis.cc.obj
LOAD ../../shared/CMakeFiles/DJI_Board_TypeA_irm.dir/libraries/controller.cc.obj
LOAD ../../shared/CMakeFiles/DJI_Board_TypeA_irm.dir/libraries/dbus.cc.obj
LOAD ../../shared/CMakeFiles/DJI_Board_TypeA_irm.dir/libraries/fortress.cc.obj
LOAD ../../shared/CMakeFiles/DJI_Board_TypeA_irm.dir/libraries/gimbal.cc.obj
LOAD ../../shared/CMakeFiles/DJI_Board_TypeA_irm.dir/libraries/lidar07.cc.obj
LOAD ../../shared/CMakeFiles/DJI_Board_TypeA_irm.dir/libraries/minipc.cc.obj
LOAD ../../shared/CMakeFiles/DJI_Board_TypeA_irm.dir/libraries/motor.cc.obj
LOAD ../../shared/CMakeFiles/DJI_Board_TypeA_irm.dir/libraries/oled.cc.obj
LOAD ../../shared/CMakeFiles/DJI_Board_TypeA_irm.dir/libraries/pose.cc.obj
LOAD ../../shared/CMakeFiles/DJI_Board_TypeA_irm.dir/libraries/power_limit.cc.obj
LOAD ../../shared/CMakeFiles/DJI_Board_TypeA_irm.dir/libraries/protocol.cc.obj
LOAD ../../shared/CMakeFiles/DJI_Board_TypeA_irm.dir/libraries/rgb.cc.obj
LOAD ../../shared/CMakeFiles/DJI_Board_TypeA_irm.dir/libraries/shooter.cc.obj
LOAD ../../shared/CMakeFiles/DJI_Board_TypeA_irm.dir/libraries/steering.cc.obj
LOAD ../../shared/CMakeFiles/DJI_Board_TypeA_irm.dir/libraries/stepper.cc.obj
LOAD ../../shared/CMakeFiles/DJI_Board_TypeA_irm.dir/libraries/supercap.cc.obj
LOAD ../../shared/CMakeFiles/DJI_Board_TypeA_irm.dir/libraries/user_interface.cc.obj
LOAD ../../shared/CMakeFiles/DJI_Board_TypeA_irm.dir/libraries/utils.cc.obj
LOAD ../../shared/CMakeFiles/DJI_Board_TypeA_irm.dir/third_party/MahonyAHRS.c.obj
LOAD ../../shared/CMakeFiles/DJI_Board_TypeA_irm.dir/third_party/crc_check.c.obj
LOAD ../../shared/CMakeFiles/DJI_Board_TypeA_irm.dir/third_party/printf.c.obj
LOAD ../../boards/DJI_Board_TypeA/libDJI_Board_TypeA_libDSP.a
LOAD /Users/chensihan/Downloads/gcc-arm-none-eabi-10.3-2021.10/bin/../lib/gcc/arm-none-eabi/10.3.1/../../../../arm-none-eabi/lib/thumb/v7e-m+fp/hard/libstdc++_nano.a
LOAD /Users/chensihan/Downloads/gcc-arm-none-eabi-10.3-2021.10/bin/../lib/gcc/arm-none-eabi/10.3.1/../../../../arm-none-eabi/lib/thumb/v7e-m+fp/hard/libm.a
LOAD /Users/chensihan/Downloads/gcc-arm-none-eabi-10.3-2021.10/bin/../lib/gcc/arm-none-eabi/10.3.1/../../../../arm-none-eabi/lib/thumb/v7e-m+fp/hard/libc_nano.a
START GROUP
LOAD /Users/chensihan/Downloads/gcc-arm-none-eabi-10.3-2021.10/bin/../lib/gcc/arm-none-eabi/10.3.1/thumb/v7e-m+fp/hard/libgcc.a
LOAD /Users/chensihan/Downloads/gcc-arm-none-eabi-10.3-2021.10/bin/../lib/gcc/arm-none-eabi/10.3.1/../../../../arm-none-eabi/lib/thumb/v7e-m+fp/hard/libc_nano.a
END GROUP
START GROUP
LOAD /Users/chensihan/Downloads/gcc-arm-none-eabi-10.3-2021.10/bin/../lib/gcc/arm-none-eabi/10.3.1/thumb/v7e-m+fp/hard/libgcc.a
LOAD /Users/chensihan/Downloads/gcc-arm-none-eabi-10.3-2021.10/bin/../lib/gcc/arm-none-eabi/10.3.1/../../../../arm-none-eabi/lib/thumb/v7e-m+fp/hard/libc_nano.a
LOAD /Users/chensihan/Downloads/gcc-arm-none-eabi-10.3-2021.10/bin/../lib/gcc/arm-none-eabi/10.3.1/../../../../arm-none-eabi/lib/thumb/v7e-m+fp/hard/libnosys.a
END GROUP
START GROUP
LOAD /Users/chensihan/Downloads/gcc-arm-none-eabi-10.3-2021.10/bin/../lib/gcc/arm-none-eabi/10.3.1/thumb/v7e-m+fp/hard/libgcc.a
LOAD /Users/chensihan/Downloads/gcc-arm-none-eabi-10.3-2021.10/bin/../lib/gcc/arm-none-eabi/10.3.1/../../../../arm-none-eabi/lib/thumb/v7e-m+fp/hard/libc_nano.a
LOAD /Users/chensihan/Downloads/gcc-arm-none-eabi-10.3-2021.10/bin/../lib/gcc/arm-none-eabi/10.3.1/../../../../arm-none-eabi/lib/thumb/v7e-m+fp/hard/libnosys.a
END GROUP
LOAD /Users/chensihan/Downloads/gcc-arm-none-eabi-10.3-2021.10/bin/../lib/gcc/arm-none-eabi/10.3.1/thumb/v7e-m+fp/hard/crtend.o
LOAD /Users/chensihan/Downloads/gcc-arm-none-eabi-10.3-2021.10/bin/../lib/gcc/arm-none-eabi/10.3.1/thumb/v7e-m+fp/hard/crtn.o
                0x0000000020030000                _estack = 0x20030000
                0x0000000000000600                _Min_Heap_Size = 0x600
                0x0000000000000800                _Min_Stack_Size = 0x800

.isr_vector     0x0000000008000000      0x1ac
                0x0000000008000000                . = ALIGN (0x4)
 *(.isr_vector)
 .isr_vector    0x0000000008000000      0x1ac ../../boards/DJI_Board_TypeA/CMakeFiles/DJI_Board_TypeA.dir/startup_stm32f427xx.s.obj
                0x0000000008000000                g_pfnVectors
                0x00000000080001ac                . = ALIGN (0x4)

.text           0x00000000080001b0     0xc390
                0x00000000080001b0                . = ALIGN (0x4)
 *(.text)
 .text          0x00000000080001b0       0x40 /Users/chensihan/Downloads/gcc-arm-none-eabi-10.3-2021.10/bin/../lib/gcc/arm-none-eabi/10.3.1/thumb/v7e-m+fp/hard/crtbegin.o
 .text          0x00000000080001f0       0x14 /Users/chensihan/Downloads/gcc-arm-none-eabi-10.3-2021.10/bin/../lib/gcc/arm-none-eabi/10.3.1/../../../../arm-none-eabi/lib/thumb/v7e-m+fp/hard/libc_nano.a(lib_a-strcmp.o)
                0x00000000080001f0                strcmp
 .text          0x0000000008000204       0x30 /Users/chensihan/Downloads/gcc-arm-none-eabi-10.3-2021.10/bin/../lib/gcc/arm-none-eabi/10.3.1/thumb/v7e-m+fp/hard/libgcc.a(_aeabi_uldivmod.o)
                0x0000000008000204                __aeabi_uldivmod
 .text          0x0000000008000234      0x2d0 /Users/chensihan/Downloads/gcc-arm-none-eabi-10.3-2021.10/bin/../lib/gcc/arm-none-eabi/10.3.1/thumb/v7e-m+fp/hard/libgcc.a(_udivmoddi4.o)
                0x0000000008000234                __udivmoddi4
 .text          0x0000000008000504        0x4 /Users/chensihan/Downloads/gcc-arm-none-eabi-10.3-2021.10/bin/../lib/gcc/arm-none-eabi/10.3.1/thumb/v7e-m+fp/hard/libgcc.a(_dvmd_tls.o)
                0x0000000008000504                __aeabi_ldiv0
                0x0000000008000504                __aeabi_idiv0
 *(.text*)
 .text.RM_RTOS_Init
                0x0000000008000508       0x2c CMakeFiles/example_relay.elf.dir/main.cc.obj
                0x0000000008000508                RM_RTOS_Init
 .text.RM_RTOS_Default_Task
                0x0000000008000534       0x54 CMakeFiles/example_relay.elf.dir/main.cc.obj
                0x0000000008000534                RM_RTOS_Default_Task
 .text.MX_ADC1_Init
                0x0000000008000588       0xcc ../../boards/DJI_Board_TypeA/CMakeFiles/DJI_Board_TypeA.dir/Core/Src/adc.c.obj
                0x0000000008000588                MX_ADC1_Init
 .text.HAL_ADC_MspInit
                0x0000000008000654       0xe4 ../../boards/DJI_Board_TypeA/CMakeFiles/DJI_Board_TypeA.dir/Core/Src/adc.c.obj
                0x0000000008000654                HAL_ADC_MspInit
 .text.MX_CAN1_Init
                0x0000000008000738       0x40 ../../boards/DJI_Board_TypeA/CMakeFiles/DJI_Board_TypeA.dir/Core/Src/can.c.obj
                0x0000000008000738                MX_CAN1_Init
 .text.MX_CAN2_Init
                0x0000000008000778       0x40 ../../boards/DJI_Board_TypeA/CMakeFiles/DJI_Board_TypeA.dir/Core/Src/can.c.obj
                0x0000000008000778                MX_CAN2_Init
 .text.HAL_CAN_MspInit
                0x00000000080007b8      0x150 ../../boards/DJI_Board_TypeA/CMakeFiles/DJI_Board_TypeA.dir/Core/Src/can.c.obj
                0x00000000080007b8                HAL_CAN_MspInit
 .text.MX_DMA_Init
                0x0000000008000908      0x10c ../../boards/DJI_Board_TypeA/CMakeFiles/DJI_Board_TypeA.dir/Core/Src/dma.c.obj
                0x0000000008000908                MX_DMA_Init
 .text.RM_RTOS_Mutexes_Init
                0x0000000008000a14        0x4 ../../boards/DJI_Board_TypeA/CMakeFiles/DJI_Board_TypeA.dir/Core/Src/freertos.c.obj
                0x0000000008000a14                RM_RTOS_Mutexes_Init
 .text.RM_RTOS_Semaphores_Init
                0x0000000008000a18        0x4 ../../boards/DJI_Board_TypeA/CMakeFiles/DJI_Board_TypeA.dir/Core/Src/freertos.c.obj
                0x0000000008000a18                RM_RTOS_Semaphores_Init
 .text.RM_RTOS_Timers_Init
                0x0000000008000a1c        0x4 ../../boards/DJI_Board_TypeA/CMakeFiles/DJI_Board_TypeA.dir/Core/Src/freertos.c.obj
                0x0000000008000a1c                RM_RTOS_Timers_Init
 .text.RM_RTOS_Queues_Init
                0x0000000008000a20        0x4 ../../boards/DJI_Board_TypeA/CMakeFiles/DJI_Board_TypeA.dir/Core/Src/freertos.c.obj
                0x0000000008000a20                RM_RTOS_Queues_Init
 .text.RM_RTOS_Threads_Init
                0x0000000008000a24        0x4 ../../boards/DJI_Board_TypeA/CMakeFiles/DJI_Board_TypeA.dir/Core/Src/freertos.c.obj
                0x0000000008000a24                RM_RTOS_Threads_Init
 .text.RM_RTOS_Ready
                0x0000000008000a28        0x4 ../../boards/DJI_Board_TypeA/CMakeFiles/DJI_Board_TypeA.dir/Core/Src/freertos.c.obj
                0x0000000008000a28                RM_RTOS_Ready
 .text.StartDefaultTask
                0x0000000008000a2c       0x18 ../../boards/DJI_Board_TypeA/CMakeFiles/DJI_Board_TypeA.dir/Core/Src/freertos.c.obj
                0x0000000008000a2c                StartDefaultTask
 .text.MX_FREERTOS_Init
                0x0000000008000a44       0x3c ../../boards/DJI_Board_TypeA/CMakeFiles/DJI_Board_TypeA.dir/Core/Src/freertos.c.obj
                0x0000000008000a44                MX_FREERTOS_Init
 .text.MX_GPIO_Init
                0x0000000008000a80      0x2fc ../../boards/DJI_Board_TypeA/CMakeFiles/DJI_Board_TypeA.dir/Core/Src/gpio.c.obj
                0x0000000008000a80                MX_GPIO_Init
 .text.MX_I2C2_Init
                0x0000000008000d7c       0x70 ../../boards/DJI_Board_TypeA/CMakeFiles/DJI_Board_TypeA.dir/Core/Src/i2c.c.obj
                0x0000000008000d7c                MX_I2C2_Init
 .text.HAL_I2C_MspInit
                0x0000000008000dec       0x74 ../../boards/DJI_Board_TypeA/CMakeFiles/DJI_Board_TypeA.dir/Core/Src/i2c.c.obj
                0x0000000008000dec                HAL_I2C_MspInit
 .text.SystemClock_Config
                0x0000000008000e60       0xa8 ../../boards/DJI_Board_TypeA/CMakeFiles/DJI_Board_TypeA.dir/Core/Src/main.c.obj
                0x0000000008000e60                SystemClock_Config
 .text.startup.main
                0x0000000008000f08       0x68 ../../boards/DJI_Board_TypeA/CMakeFiles/DJI_Board_TypeA.dir/Core/Src/main.c.obj
                0x0000000008000f08                main
 .text.HAL_TIM_PeriodElapsedCallback
                0x0000000008000f70       0x14 ../../boards/DJI_Board_TypeA/CMakeFiles/DJI_Board_TypeA.dir/Core/Src/main.c.obj
                0x0000000008000f70                HAL_TIM_PeriodElapsedCallback
 .text.Error_Handler
                0x0000000008000f84        0x4 ../../boards/DJI_Board_TypeA/CMakeFiles/DJI_Board_TypeA.dir/Core/Src/main.c.obj
                0x0000000008000f84                Error_Handler
 .text.MX_SDIO_SD_Init
                0x0000000008000f88       0x20 ../../boards/DJI_Board_TypeA/CMakeFiles/DJI_Board_TypeA.dir/Core/Src/sdio.c.obj
                0x0000000008000f88                MX_SDIO_SD_Init
 .text.HAL_SD_MspInit
                0x0000000008000fa8      0x16c ../../boards/DJI_Board_TypeA/CMakeFiles/DJI_Board_TypeA.dir/Core/Src/sdio.c.obj
                0x0000000008000fa8                HAL_SD_MspInit
 .text.MX_SPI1_Init
                0x0000000008001114       0x44 ../../boards/DJI_Board_TypeA/CMakeFiles/DJI_Board_TypeA.dir/Core/Src/spi.c.obj
                0x0000000008001114                MX_SPI1_Init
 .text.MX_SPI5_Init
                0x0000000008001158       0x44 ../../boards/DJI_Board_TypeA/CMakeFiles/DJI_Board_TypeA.dir/Core/Src/spi.c.obj
                0x0000000008001158                MX_SPI5_Init
 .text.HAL_SPI_MspInit
                0x000000000800119c      0x178 ../../boards/DJI_Board_TypeA/CMakeFiles/DJI_Board_TypeA.dir/Core/Src/spi.c.obj
                0x000000000800119c                HAL_SPI_MspInit
 .text.HAL_MspInit
                0x0000000008001314       0x40 ../../boards/DJI_Board_TypeA/CMakeFiles/DJI_Board_TypeA.dir/Core/Src/stm32f4xx_hal_msp.c.obj
                0x0000000008001314                HAL_MspInit
 .text.HAL_InitTick
                0x0000000008001354       0x80 ../../boards/DJI_Board_TypeA/CMakeFiles/DJI_Board_TypeA.dir/Core/Src/stm32f4xx_hal_timebase_tim.c.obj
                0x0000000008001354                HAL_InitTick
 .text.NMI_Handler
                0x00000000080013d4        0x4 ../../boards/DJI_Board_TypeA/CMakeFiles/DJI_Board_TypeA.dir/Core/Src/stm32f4xx_it.c.obj
                0x00000000080013d4                NMI_Handler
 .text.HardFault_Handler
                0x00000000080013d8        0x4 ../../boards/DJI_Board_TypeA/CMakeFiles/DJI_Board_TypeA.dir/Core/Src/stm32f4xx_it.c.obj
                0x00000000080013d8                HardFault_Handler
 .text.MemManage_Handler
                0x00000000080013dc        0x4 ../../boards/DJI_Board_TypeA/CMakeFiles/DJI_Board_TypeA.dir/Core/Src/stm32f4xx_it.c.obj
                0x00000000080013dc                MemManage_Handler
 .text.BusFault_Handler
                0x00000000080013e0        0x4 ../../boards/DJI_Board_TypeA/CMakeFiles/DJI_Board_TypeA.dir/Core/Src/stm32f4xx_it.c.obj
                0x00000000080013e0                BusFault_Handler
 .text.UsageFault_Handler
                0x00000000080013e4        0x4 ../../boards/DJI_Board_TypeA/CMakeFiles/DJI_Board_TypeA.dir/Core/Src/stm32f4xx_it.c.obj
                0x00000000080013e4                UsageFault_Handler
 .text.DebugMon_Handler
                0x00000000080013e8        0x4 ../../boards/DJI_Board_TypeA/CMakeFiles/DJI_Board_TypeA.dir/Core/Src/stm32f4xx_it.c.obj
                0x00000000080013e8                DebugMon_Handler
 .text.EXTI4_IRQHandler
                0x00000000080013ec        0x8 ../../boards/DJI_Board_TypeA/CMakeFiles/DJI_Board_TypeA.dir/Core/Src/stm32f4xx_it.c.obj
                0x00000000080013ec                EXTI4_IRQHandler
 .text.DMA1_Stream0_IRQHandler
                0x00000000080013f4        0xc ../../boards/DJI_Board_TypeA/CMakeFiles/DJI_Board_TypeA.dir/Core/Src/stm32f4xx_it.c.obj
                0x00000000080013f4                DMA1_Stream0_IRQHandler
 .text.DMA1_Stream1_IRQHandler
                0x0000000008001400        0xc ../../boards/DJI_Board_TypeA/CMakeFiles/DJI_Board_TypeA.dir/Core/Src/stm32f4xx_it.c.obj
                0x0000000008001400                DMA1_Stream1_IRQHandler
 .text.DMA1_Stream3_IRQHandler
                0x000000000800140c        0xc ../../boards/DJI_Board_TypeA/CMakeFiles/DJI_Board_TypeA.dir/Core/Src/stm32f4xx_it.c.obj
                0x000000000800140c                DMA1_Stream3_IRQHandler
 .text.DMA1_Stream4_IRQHandler
                0x0000000008001418        0xc ../../boards/DJI_Board_TypeA/CMakeFiles/DJI_Board_TypeA.dir/Core/Src/stm32f4xx_it.c.obj
                0x0000000008001418                DMA1_Stream4_IRQHandler
 .text.DMA1_Stream6_IRQHandler
                0x0000000008001424        0xc ../../boards/DJI_Board_TypeA/CMakeFiles/DJI_Board_TypeA.dir/Core/Src/stm32f4xx_it.c.obj
                0x0000000008001424                DMA1_Stream6_IRQHandler
 .text.ADC_IRQHandler
                0x0000000008001430        0xc ../../boards/DJI_Board_TypeA/CMakeFiles/DJI_Board_TypeA.dir/Core/Src/stm32f4xx_it.c.obj
                0x0000000008001430                ADC_IRQHandler
 .text.CAN1_TX_IRQHandler
                0x000000000800143c        0xc ../../boards/DJI_Board_TypeA/CMakeFiles/DJI_Board_TypeA.dir/Core/Src/stm32f4xx_it.c.obj
                0x000000000800143c                CAN1_TX_IRQHandler
 .text.CAN1_RX0_IRQHandler
                0x0000000008001448        0xc ../../boards/DJI_Board_TypeA/CMakeFiles/DJI_Board_TypeA.dir/Core/Src/stm32f4xx_it.c.obj
                0x0000000008001448                CAN1_RX0_IRQHandler
 .text.EXTI9_5_IRQHandler
                0x0000000008001454       0x14 ../../boards/DJI_Board_TypeA/CMakeFiles/DJI_Board_TypeA.dir/Core/Src/stm32f4xx_it.c.obj
                0x0000000008001454                EXTI9_5_IRQHandler
 .text.TIM3_IRQHandler
                0x0000000008001468        0xc ../../boards/DJI_Board_TypeA/CMakeFiles/DJI_Board_TypeA.dir/Core/Src/stm32f4xx_it.c.obj
                0x0000000008001468                TIM3_IRQHandler
 .text.USART1_IRQHandler
                0x0000000008001474       0x18 ../../boards/DJI_Board_TypeA/CMakeFiles/DJI_Board_TypeA.dir/Core/Src/stm32f4xx_it.c.obj
                0x0000000008001474                USART1_IRQHandler
 .text.USART3_IRQHandler
                0x000000000800148c       0x18 ../../boards/DJI_Board_TypeA/CMakeFiles/DJI_Board_TypeA.dir/Core/Src/stm32f4xx_it.c.obj
                0x000000000800148c                USART3_IRQHandler
 .text.TIM8_BRK_TIM12_IRQHandler
                0x00000000080014a4        0xc ../../boards/DJI_Board_TypeA/CMakeFiles/DJI_Board_TypeA.dir/Core/Src/stm32f4xx_it.c.obj
                0x00000000080014a4                TIM8_BRK_TIM12_IRQHandler
 .text.SDIO_IRQHandler
                0x00000000080014b0        0xc ../../boards/DJI_Board_TypeA/CMakeFiles/DJI_Board_TypeA.dir/Core/Src/stm32f4xx_it.c.obj
                0x00000000080014b0                SDIO_IRQHandler
 .text.DMA2_Stream0_IRQHandler
                0x00000000080014bc        0xc ../../boards/DJI_Board_TypeA/CMakeFiles/DJI_Board_TypeA.dir/Core/Src/stm32f4xx_it.c.obj
                0x00000000080014bc                DMA2_Stream0_IRQHandler
 .text.DMA2_Stream1_IRQHandler
                0x00000000080014c8        0xc ../../boards/DJI_Board_TypeA/CMakeFiles/DJI_Board_TypeA.dir/Core/Src/stm32f4xx_it.c.obj
                0x00000000080014c8                DMA2_Stream1_IRQHandler
 .text.DMA2_Stream2_IRQHandler
                0x00000000080014d4        0xc ../../boards/DJI_Board_TypeA/CMakeFiles/DJI_Board_TypeA.dir/Core/Src/stm32f4xx_it.c.obj
                0x00000000080014d4                DMA2_Stream2_IRQHandler
 .text.DMA2_Stream3_IRQHandler
                0x00000000080014e0        0xc ../../boards/DJI_Board_TypeA/CMakeFiles/DJI_Board_TypeA.dir/Core/Src/stm32f4xx_it.c.obj
                0x00000000080014e0                DMA2_Stream3_IRQHandler
 .text.DMA2_Stream4_IRQHandler
                0x00000000080014ec        0xc ../../boards/DJI_Board_TypeA/CMakeFiles/DJI_Board_TypeA.dir/Core/Src/stm32f4xx_it.c.obj
                0x00000000080014ec                DMA2_Stream4_IRQHandler
 .text.CAN2_TX_IRQHandler
                0x00000000080014f8        0xc ../../boards/DJI_Board_TypeA/CMakeFiles/DJI_Board_TypeA.dir/Core/Src/stm32f4xx_it.c.obj
                0x00000000080014f8                CAN2_TX_IRQHandler
 .text.CAN2_RX0_IRQHandler
                0x0000000008001504        0xc ../../boards/DJI_Board_TypeA/CMakeFiles/DJI_Board_TypeA.dir/Core/Src/stm32f4xx_it.c.obj
                0x0000000008001504                CAN2_RX0_IRQHandler
 .text.OTG_FS_IRQHandler
                0x0000000008001510        0xc ../../boards/DJI_Board_TypeA/CMakeFiles/DJI_Board_TypeA.dir/Core/Src/stm32f4xx_it.c.obj
                0x0000000008001510                OTG_FS_IRQHandler
 .text.DMA2_Stream5_IRQHandler
                0x000000000800151c        0xc ../../boards/DJI_Board_TypeA/CMakeFiles/DJI_Board_TypeA.dir/Core/Src/stm32f4xx_it.c.obj
                0x000000000800151c                DMA2_Stream5_IRQHandler
 .text.DMA2_Stream6_IRQHandler
                0x0000000008001528        0xc ../../boards/DJI_Board_TypeA/CMakeFiles/DJI_Board_TypeA.dir/Core/Src/stm32f4xx_it.c.obj
                0x0000000008001528                DMA2_Stream6_IRQHandler
 .text.DMA2_Stream7_IRQHandler
                0x0000000008001534        0xc ../../boards/DJI_Board_TypeA/CMakeFiles/DJI_Board_TypeA.dir/Core/Src/stm32f4xx_it.c.obj
                0x0000000008001534                DMA2_Stream7_IRQHandler
 .text.USART6_IRQHandler
                0x0000000008001540       0x18 ../../boards/DJI_Board_TypeA/CMakeFiles/DJI_Board_TypeA.dir/Core/Src/stm32f4xx_it.c.obj
                0x0000000008001540                USART6_IRQHandler
 .text.UART7_IRQHandler
                0x0000000008001558       0x18 ../../boards/DJI_Board_TypeA/CMakeFiles/DJI_Board_TypeA.dir/Core/Src/stm32f4xx_it.c.obj
                0x0000000008001558                UART7_IRQHandler
 .text.UART8_IRQHandler
                0x0000000008001570       0x18 ../../boards/DJI_Board_TypeA/CMakeFiles/DJI_Board_TypeA.dir/Core/Src/stm32f4xx_it.c.obj
                0x0000000008001570                UART8_IRQHandler
 .text.SystemInit
                0x0000000008001588       0x50 ../../boards/DJI_Board_TypeA/CMakeFiles/DJI_Board_TypeA.dir/Core/Src/system_stm32f4xx.c.obj
                0x0000000008001588                SystemInit
 .text.MX_TIM2_Init
                0x00000000080015d8       0x74 ../../boards/DJI_Board_TypeA/CMakeFiles/DJI_Board_TypeA.dir/Core/Src/tim.c.obj
                0x00000000080015d8                MX_TIM2_Init
 .text.HAL_TIM_Base_MspInit
                0x000000000800164c       0xe0 ../../boards/DJI_Board_TypeA/CMakeFiles/DJI_Board_TypeA.dir/Core/Src/tim.c.obj
                0x000000000800164c                HAL_TIM_Base_MspInit
 *fill*         0x000000000800172c        0x4 
 .text.HAL_TIM_MspPostInit
                0x0000000008001730      0x168 ../../boards/DJI_Board_TypeA/CMakeFiles/DJI_Board_TypeA.dir/Core/Src/tim.c.obj
                0x0000000008001730                HAL_TIM_MspPostInit
 .text.MX_TIM1_Init
                0x0000000008001898      0x118 ../../boards/DJI_Board_TypeA/CMakeFiles/DJI_Board_TypeA.dir/Core/Src/tim.c.obj
                0x0000000008001898                MX_TIM1_Init
 .text.MX_TIM4_Init
                0x00000000080019b0      0x108 ../../boards/DJI_Board_TypeA/CMakeFiles/DJI_Board_TypeA.dir/Core/Src/tim.c.obj
                0x00000000080019b0                MX_TIM4_Init
 .text.MX_TIM5_Init
                0x0000000008001ab8      0x100 ../../boards/DJI_Board_TypeA/CMakeFiles/DJI_Board_TypeA.dir/Core/Src/tim.c.obj
                0x0000000008001ab8                MX_TIM5_Init
 .text.MX_TIM12_Init
                0x0000000008001bb8       0xb8 ../../boards/DJI_Board_TypeA/CMakeFiles/DJI_Board_TypeA.dir/Core/Src/tim.c.obj
                0x0000000008001bb8                MX_TIM12_Init
 .text.MX_UART7_Init
                0x0000000008001c70       0x38 ../../boards/DJI_Board_TypeA/CMakeFiles/DJI_Board_TypeA.dir/Core/Src/usart.c.obj
                0x0000000008001c70                MX_UART7_Init
 .text.MX_UART8_Init
                0x0000000008001ca8       0x38 ../../boards/DJI_Board_TypeA/CMakeFiles/DJI_Board_TypeA.dir/Core/Src/usart.c.obj
                0x0000000008001ca8                MX_UART8_Init
 .text.MX_USART1_UART_Init
                0x0000000008001ce0       0x40 ../../boards/DJI_Board_TypeA/CMakeFiles/DJI_Board_TypeA.dir/Core/Src/usart.c.obj
                0x0000000008001ce0                MX_USART1_UART_Init
 .text.MX_USART3_UART_Init
                0x0000000008001d20       0x38 ../../boards/DJI_Board_TypeA/CMakeFiles/DJI_Board_TypeA.dir/Core/Src/usart.c.obj
                0x0000000008001d20                MX_USART3_UART_Init
 .text.MX_USART6_UART_Init
                0x0000000008001d58       0x38 ../../boards/DJI_Board_TypeA/CMakeFiles/DJI_Board_TypeA.dir/Core/Src/usart.c.obj
                0x0000000008001d58                MX_USART6_UART_Init
 .text.HAL_UART_MspInit
                0x0000000008001d90      0x41c ../../boards/DJI_Board_TypeA/CMakeFiles/DJI_Board_TypeA.dir/Core/Src/usart.c.obj
                0x0000000008001d90                HAL_UART_MspInit
 .text.MX_FATFS_Init
                0x00000000080021ac       0x1c ../../boards/DJI_Board_TypeA/CMakeFiles/DJI_Board_TypeA.dir/FATFS/App/fatfs.c.obj
                0x00000000080021ac                MX_FATFS_Init
 .text.BSP_SD_ReadBlocks_DMA
                0x00000000080021c8       0x1c ../../boards/DJI_Board_TypeA/CMakeFiles/DJI_Board_TypeA.dir/FATFS/Target/bsp_driver_sd.c.obj
                0x00000000080021c8                BSP_SD_ReadBlocks_DMA
 .text.BSP_SD_WriteBlocks_DMA
                0x00000000080021e4       0x1c ../../boards/DJI_Board_TypeA/CMakeFiles/DJI_Board_TypeA.dir/FATFS/Target/bsp_driver_sd.c.obj
                0x00000000080021e4                BSP_SD_WriteBlocks_DMA
 .text.BSP_SD_GetCardState
                0x0000000008002200       0x14 ../../boards/DJI_Board_TypeA/CMakeFiles/DJI_Board_TypeA.dir/FATFS/Target/bsp_driver_sd.c.obj
                0x0000000008002200                BSP_SD_GetCardState
 .text.BSP_SD_GetCardInfo
                0x0000000008002214        0xc ../../boards/DJI_Board_TypeA/CMakeFiles/DJI_Board_TypeA.dir/FATFS/Target/bsp_driver_sd.c.obj
                0x0000000008002214                BSP_SD_GetCardInfo
 .text.BSP_SD_AbortCallback
                0x0000000008002220        0x4 ../../boards/DJI_Board_TypeA/CMakeFiles/DJI_Board_TypeA.dir/FATFS/Target/bsp_driver_sd.c.obj
                0x0000000008002220                BSP_SD_AbortCallback
 .text.HAL_SD_AbortCallback
                0x0000000008002224        0x8 ../../boards/DJI_Board_TypeA/CMakeFiles/DJI_Board_TypeA.dir/FATFS/Target/bsp_driver_sd.c.obj
                0x0000000008002224                HAL_SD_AbortCallback
 .text.HAL_SD_TxCpltCallback
                0x000000000800222c        0x8 ../../boards/DJI_Board_TypeA/CMakeFiles/DJI_Board_TypeA.dir/FATFS/Target/bsp_driver_sd.c.obj
                0x000000000800222c                HAL_SD_TxCpltCallback
 .text.HAL_SD_RxCpltCallback
                0x0000000008002234        0x8 ../../boards/DJI_Board_TypeA/CMakeFiles/DJI_Board_TypeA.dir/FATFS/Target/bsp_driver_sd.c.obj
                0x0000000008002234                HAL_SD_RxCpltCallback
 .text.BSP_SD_IsDetected
                0x000000000800223c       0x20 ../../boards/DJI_Board_TypeA/CMakeFiles/DJI_Board_TypeA.dir/FATFS/Target/bsp_driver_sd.c.obj
                0x000000000800223c                BSP_SD_IsDetected
 .text.BSP_SD_Init
                0x000000000800225c       0x30 ../../boards/DJI_Board_TypeA/CMakeFiles/DJI_Board_TypeA.dir/FATFS/Target/bsp_driver_sd.c.obj
                0x000000000800225c                BSP_SD_Init
 .text.BSP_PlatformIsDetected
                0x000000000800228c       0x18 ../../boards/DJI_Board_TypeA/CMakeFiles/DJI_Board_TypeA.dir/FATFS/Target/fatfs_platform.c.obj
                0x000000000800228c                BSP_PlatformIsDetected
 .text.SD_initialize
                0x00000000080022a4       0x60 ../../boards/DJI_Board_TypeA/CMakeFiles/DJI_Board_TypeA.dir/FATFS/Target/sd_diskio.c.obj
                0x00000000080022a4                SD_initialize
 .text.SD_status
                0x0000000008002304       0x20 ../../boards/DJI_Board_TypeA/CMakeFiles/DJI_Board_TypeA.dir/FATFS/Target/sd_diskio.c.obj
                0x0000000008002304                SD_status
 .text.SD_ioctl
                0x0000000008002324       0x68 ../../boards/DJI_Board_TypeA/CMakeFiles/DJI_Board_TypeA.dir/FATFS/Target/sd_diskio.c.obj
                0x0000000008002324                SD_ioctl
 .text.SD_read  0x000000000800238c       0x80 ../../boards/DJI_Board_TypeA/CMakeFiles/DJI_Board_TypeA.dir/FATFS/Target/sd_diskio.c.obj
                0x000000000800238c                SD_read
 .text.SD_write
                0x000000000800240c       0x80 ../../boards/DJI_Board_TypeA/CMakeFiles/DJI_Board_TypeA.dir/FATFS/Target/sd_diskio.c.obj
                0x000000000800240c                SD_write
 .text.BSP_SD_WriteCpltCallback
                0x000000000800248c       0x28 ../../boards/DJI_Board_TypeA/CMakeFiles/DJI_Board_TypeA.dir/FATFS/Target/sd_diskio.c.obj
                0x000000000800248c                BSP_SD_WriteCpltCallback
 .text.BSP_SD_ReadCpltCallback
                0x00000000080024b4       0x28 ../../boards/DJI_Board_TypeA/CMakeFiles/DJI_Board_TypeA.dir/FATFS/Target/sd_diskio.c.obj
                0x00000000080024b4                BSP_SD_ReadCpltCallback
 .text.MX_USB_DEVICE_Init
                0x00000000080024dc       0x74 ../../boards/DJI_Board_TypeA/CMakeFiles/DJI_Board_TypeA.dir/USB_DEVICE/App/usb_device.c.obj
                0x00000000080024dc                MX_USB_DEVICE_Init
 .text.CDC_DeInit_FS
                0x0000000008002550        0x4 ../../boards/DJI_Board_TypeA/CMakeFiles/DJI_Board_TypeA.dir/USB_DEVICE/App/usbd_cdc_if.c.obj
 .text.CDC_Init_FS
                0x0000000008002554       0x28 ../../boards/DJI_Board_TypeA/CMakeFiles/DJI_Board_TypeA.dir/USB_DEVICE/App/usbd_cdc_if.c.obj
 .text.CDC_Control_FS
                0x000000000800257c       0x44 ../../boards/DJI_Board_TypeA/CMakeFiles/DJI_Board_TypeA.dir/USB_DEVICE/App/usbd_cdc_if.c.obj
 .text.CDC_Transmit_FS
                0x00000000080025c0       0x2c ../../boards/DJI_Board_TypeA/CMakeFiles/DJI_Board_TypeA.dir/USB_DEVICE/App/usbd_cdc_if.c.obj
                0x00000000080025c0                CDC_Transmit_FS
 .text.CDC_TransmitCplt_FS
                0x00000000080025ec        0xc ../../boards/DJI_Board_TypeA/CMakeFiles/DJI_Board_TypeA.dir/USB_DEVICE/App/usbd_cdc_if.c.obj
 .text.CDC_Receive_FS
                0x00000000080025f8       0x28 ../../boards/DJI_Board_TypeA/CMakeFiles/DJI_Board_TypeA.dir/USB_DEVICE/App/usbd_cdc_if.c.obj
 .text.USBD_FS_DeviceDescriptor
                0x0000000008002620        0xc ../../boards/DJI_Board_TypeA/CMakeFiles/DJI_Board_TypeA.dir/USB_DEVICE/App/usbd_desc.c.obj
                0x0000000008002620                USBD_FS_DeviceDescriptor
 .text.USBD_FS_LangIDStrDescriptor
                0x000000000800262c        0xc ../../boards/DJI_Board_TypeA/CMakeFiles/DJI_Board_TypeA.dir/USB_DEVICE/App/usbd_desc.c.obj
                0x000000000800262c                USBD_FS_LangIDStrDescriptor
 .text.USBD_FS_ManufacturerStrDescriptor
                0x0000000008002638       0x1c ../../boards/DJI_Board_TypeA/CMakeFiles/DJI_Board_TypeA.dir/USB_DEVICE/App/usbd_desc.c.obj
                0x0000000008002638                USBD_FS_ManufacturerStrDescriptor
 .text.USBD_FS_ProductStrDescriptor
                0x0000000008002654       0x1c ../../boards/DJI_Board_TypeA/CMakeFiles/DJI_Board_TypeA.dir/USB_DEVICE/App/usbd_desc.c.obj
                0x0000000008002654                USBD_FS_ProductStrDescriptor
 .text.USBD_FS_ConfigStrDescriptor
                0x0000000008002670       0x1c ../../boards/DJI_Board_TypeA/CMakeFiles/DJI_Board_TypeA.dir/USB_DEVICE/App/usbd_desc.c.obj
                0x0000000008002670                USBD_FS_ConfigStrDescriptor
 .text.USBD_FS_InterfaceStrDescriptor
                0x000000000800268c       0x1c ../../boards/DJI_Board_TypeA/CMakeFiles/DJI_Board_TypeA.dir/USB_DEVICE/App/usbd_desc.c.obj
                0x000000000800268c                USBD_FS_InterfaceStrDescriptor
 .text.USBD_FS_SerialStrDescriptor
                0x00000000080026a8      0x120 ../../boards/DJI_Board_TypeA/CMakeFiles/DJI_Board_TypeA.dir/USB_DEVICE/App/usbd_desc.c.obj
                0x00000000080026a8                USBD_FS_SerialStrDescriptor
 .text.HAL_PCD_MspInit
                0x00000000080027c8       0x84 ../../boards/DJI_Board_TypeA/CMakeFiles/DJI_Board_TypeA.dir/USB_DEVICE/Target/usbd_conf.c.obj
                0x00000000080027c8                HAL_PCD_MspInit
 .text.HAL_PCD_SetupStageCallback
                0x000000000800284c        0xc ../../boards/DJI_Board_TypeA/CMakeFiles/DJI_Board_TypeA.dir/USB_DEVICE/Target/usbd_conf.c.obj
                0x000000000800284c                HAL_PCD_SetupStageCallback
 .text.HAL_PCD_DataOutStageCallback
                0x0000000008002858       0x14 ../../boards/DJI_Board_TypeA/CMakeFiles/DJI_Board_TypeA.dir/USB_DEVICE/Target/usbd_conf.c.obj
                0x0000000008002858                HAL_PCD_DataOutStageCallback
 .text.HAL_PCD_DataInStageCallback
                0x000000000800286c       0x14 ../../boards/DJI_Board_TypeA/CMakeFiles/DJI_Board_TypeA.dir/USB_DEVICE/Target/usbd_conf.c.obj
                0x000000000800286c                HAL_PCD_DataInStageCallback
 .text.HAL_PCD_SOFCallback
                0x0000000008002880        0x8 ../../boards/DJI_Board_TypeA/CMakeFiles/DJI_Board_TypeA.dir/USB_DEVICE/Target/usbd_conf.c.obj
                0x0000000008002880                HAL_PCD_SOFCallback
 .text.HAL_PCD_ResetCallback
                0x0000000008002888       0x2c ../../boards/DJI_Board_TypeA/CMakeFiles/DJI_Board_TypeA.dir/USB_DEVICE/Target/usbd_conf.c.obj
                0x0000000008002888                HAL_PCD_ResetCallback
 .text.HAL_PCD_SuspendCallback
                0x00000000080028b4       0x30 ../../boards/DJI_Board_TypeA/CMakeFiles/DJI_Board_TypeA.dir/USB_DEVICE/Target/usbd_conf.c.obj
                0x00000000080028b4                HAL_PCD_SuspendCallback
 .text.HAL_PCD_ResumeCallback
                0x00000000080028e4        0x8 ../../boards/DJI_Board_TypeA/CMakeFiles/DJI_Board_TypeA.dir/USB_DEVICE/Target/usbd_conf.c.obj
                0x00000000080028e4                HAL_PCD_ResumeCallback
 .text.HAL_PCD_ISOOUTIncompleteCallback
                0x00000000080028ec        0x8 ../../boards/DJI_Board_TypeA/CMakeFiles/DJI_Board_TypeA.dir/USB_DEVICE/Target/usbd_conf.c.obj
                0x00000000080028ec                HAL_PCD_ISOOUTIncompleteCallback
 .text.HAL_PCD_ISOINIncompleteCallback
                0x00000000080028f4        0x8 ../../boards/DJI_Board_TypeA/CMakeFiles/DJI_Board_TypeA.dir/USB_DEVICE/Target/usbd_conf.c.obj
                0x00000000080028f4                HAL_PCD_ISOINIncompleteCallback
 .text.HAL_PCD_ConnectCallback
                0x00000000080028fc        0x8 ../../boards/DJI_Board_TypeA/CMakeFiles/DJI_Board_TypeA.dir/USB_DEVICE/Target/usbd_conf.c.obj
                0x00000000080028fc                HAL_PCD_ConnectCallback
 .text.HAL_PCD_DisconnectCallback
                0x0000000008002904        0x8 ../../boards/DJI_Board_TypeA/CMakeFiles/DJI_Board_TypeA.dir/USB_DEVICE/Target/usbd_conf.c.obj
                0x0000000008002904                HAL_PCD_DisconnectCallback
 *fill*         0x000000000800290c        0x4 
 .text.USBD_LL_Init
                0x0000000008002910       0x7c ../../boards/DJI_Board_TypeA/CMakeFiles/DJI_Board_TypeA.dir/USB_DEVICE/Target/usbd_conf.c.obj
                0x0000000008002910                USBD_LL_Init
 .text.USBD_LL_Start
                0x000000000800298c       0x1c ../../boards/DJI_Board_TypeA/CMakeFiles/DJI_Board_TypeA.dir/USB_DEVICE/Target/usbd_conf.c.obj
                0x000000000800298c                USBD_LL_Start
 .text.USBD_LL_OpenEP
                0x00000000080029a8       0x20 ../../boards/DJI_Board_TypeA/CMakeFiles/DJI_Board_TypeA.dir/USB_DEVICE/Target/usbd_conf.c.obj
                0x00000000080029a8                USBD_LL_OpenEP
 .text.USBD_LL_CloseEP
                0x00000000080029c8       0x1c ../../boards/DJI_Board_TypeA/CMakeFiles/DJI_Board_TypeA.dir/USB_DEVICE/Target/usbd_conf.c.obj
                0x00000000080029c8                USBD_LL_CloseEP
 .text.USBD_LL_StallEP
                0x00000000080029e4       0x1c ../../boards/DJI_Board_TypeA/CMakeFiles/DJI_Board_TypeA.dir/USB_DEVICE/Target/usbd_conf.c.obj
                0x00000000080029e4                USBD_LL_StallEP
 .text.USBD_LL_ClearStallEP
                0x0000000008002a00       0x1c ../../boards/DJI_Board_TypeA/CMakeFiles/DJI_Board_TypeA.dir/USB_DEVICE/Target/usbd_conf.c.obj
                0x0000000008002a00                USBD_LL_ClearStallEP
 .text.USBD_LL_IsStallEP
                0x0000000008002a1c       0x28 ../../boards/DJI_Board_TypeA/CMakeFiles/DJI_Board_TypeA.dir/USB_DEVICE/Target/usbd_conf.c.obj
                0x0000000008002a1c                USBD_LL_IsStallEP
 .text.USBD_LL_SetUSBAddress
                0x0000000008002a44       0x1c ../../boards/DJI_Board_TypeA/CMakeFiles/DJI_Board_TypeA.dir/USB_DEVICE/Target/usbd_conf.c.obj
                0x0000000008002a44                USBD_LL_SetUSBAddress
 .text.USBD_LL_Transmit
                0x0000000008002a60       0x1c ../../boards/DJI_Board_TypeA/CMakeFiles/DJI_Board_TypeA.dir/USB_DEVICE/Target/usbd_conf.c.obj
                0x0000000008002a60                USBD_LL_Transmit
 .text.USBD_LL_PrepareReceive
                0x0000000008002a7c       0x1c ../../boards/DJI_Board_TypeA/CMakeFiles/DJI_Board_TypeA.dir/USB_DEVICE/Target/usbd_conf.c.obj
                0x0000000008002a7c                USBD_LL_PrepareReceive
 .text.USBD_LL_GetRxDataSize
                0x0000000008002a98        0x8 ../../boards/DJI_Board_TypeA/CMakeFiles/DJI_Board_TypeA.dir/USB_DEVICE/Target/usbd_conf.c.obj
                0x0000000008002a98                USBD_LL_GetRxDataSize
 .text.HAL_Init
                0x0000000008002aa0       0x34 ../../boards/DJI_Board_TypeA/CMakeFiles/DJI_Board_TypeA.dir/Drivers/STM32F4xx_HAL_Driver/Src/stm32f4xx_hal.c.obj
                0x0000000008002aa0                HAL_Init
 .text.HAL_IncTick
                0x0000000008002ad4       0x18 ../../boards/DJI_Board_TypeA/CMakeFiles/DJI_Board_TypeA.dir/Drivers/STM32F4xx_HAL_Driver/Src/stm32f4xx_hal.c.obj
                0x0000000008002ad4                HAL_IncTick
 .text.HAL_GetTick
                0x0000000008002aec        0xc ../../boards/DJI_Board_TypeA/CMakeFiles/DJI_Board_TypeA.dir/Drivers/STM32F4xx_HAL_Driver/Src/stm32f4xx_hal.c.obj
                0x0000000008002aec                HAL_GetTick
 .text.HAL_Delay
                0x0000000008002af8       0x24 ../../boards/DJI_Board_TypeA/CMakeFiles/DJI_Board_TypeA.dir/Drivers/STM32F4xx_HAL_Driver/Src/stm32f4xx_hal.c.obj
                0x0000000008002af8                HAL_Delay
 .text.HAL_ADC_Init
                0x0000000008002b1c      0x15c ../../boards/DJI_Board_TypeA/CMakeFiles/DJI_Board_TypeA.dir/Drivers/STM32F4xx_HAL_Driver/Src/stm32f4xx_hal_adc.c.obj
                0x0000000008002b1c                HAL_ADC_Init
 .text.HAL_ADC_ConvCpltCallback
                0x0000000008002c78        0x4 ../../boards/DJI_Board_TypeA/CMakeFiles/DJI_Board_TypeA.dir/Drivers/STM32F4xx_HAL_Driver/Src/stm32f4xx_hal_adc.c.obj
                0x0000000008002c78                HAL_ADC_ConvCpltCallback
 .text.HAL_ADC_LevelOutOfWindowCallback
                0x0000000008002c7c        0x4 ../../boards/DJI_Board_TypeA/CMakeFiles/DJI_Board_TypeA.dir/Drivers/STM32F4xx_HAL_Driver/Src/stm32f4xx_hal_adc.c.obj
                0x0000000008002c7c                HAL_ADC_LevelOutOfWindowCallback
 .text.HAL_ADC_ErrorCallback
                0x0000000008002c80        0x4 ../../boards/DJI_Board_TypeA/CMakeFiles/DJI_Board_TypeA.dir/Drivers/STM32F4xx_HAL_Driver/Src/stm32f4xx_hal_adc.c.obj
                0x0000000008002c80                HAL_ADC_ErrorCallback
 .text.HAL_ADC_IRQHandler
                0x0000000008002c84      0x12c ../../boards/DJI_Board_TypeA/CMakeFiles/DJI_Board_TypeA.dir/Drivers/STM32F4xx_HAL_Driver/Src/stm32f4xx_hal_adc.c.obj
                0x0000000008002c84                HAL_ADC_IRQHandler
 .text.HAL_ADC_ConfigChannel
                0x0000000008002db0      0x17c ../../boards/DJI_Board_TypeA/CMakeFiles/DJI_Board_TypeA.dir/Drivers/STM32F4xx_HAL_Driver/Src/stm32f4xx_hal_adc.c.obj
                0x0000000008002db0                HAL_ADC_ConfigChannel
 .text.HAL_ADCEx_InjectedConvCpltCallback
                0x0000000008002f2c        0x4 ../../boards/DJI_Board_TypeA/CMakeFiles/DJI_Board_TypeA.dir/Drivers/STM32F4xx_HAL_Driver/Src/stm32f4xx_hal_adc_ex.c.obj
                0x0000000008002f2c                HAL_ADCEx_InjectedConvCpltCallback
 .text.HAL_CAN_ErrorCallback
                0x0000000008002f30        0x4 ../../boards/DJI_Board_TypeA/CMakeFiles/DJI_Board_TypeA.dir/Drivers/STM32F4xx_HAL_Driver/Src/stm32f4xx_hal_can.c.obj
                0x0000000008002f30                HAL_CAN_ErrorCallback
 .text.HAL_CAN_TxMailbox0CompleteCallback
                0x0000000008002f34        0x4 ../../boards/DJI_Board_TypeA/CMakeFiles/DJI_Board_TypeA.dir/Drivers/STM32F4xx_HAL_Driver/Src/stm32f4xx_hal_can.c.obj
                0x0000000008002f34                HAL_CAN_TxMailbox0CompleteCallback
 .text.HAL_CAN_TxMailbox1CompleteCallback
                0x0000000008002f38        0x4 ../../boards/DJI_Board_TypeA/CMakeFiles/DJI_Board_TypeA.dir/Drivers/STM32F4xx_HAL_Driver/Src/stm32f4xx_hal_can.c.obj
                0x0000000008002f38                HAL_CAN_TxMailbox1CompleteCallback
 .text.HAL_CAN_TxMailbox2CompleteCallback
                0x0000000008002f3c        0x4 ../../boards/DJI_Board_TypeA/CMakeFiles/DJI_Board_TypeA.dir/Drivers/STM32F4xx_HAL_Driver/Src/stm32f4xx_hal_can.c.obj
                0x0000000008002f3c                HAL_CAN_TxMailbox2CompleteCallback
 .text.HAL_CAN_TxMailbox0AbortCallback
                0x0000000008002f40        0x4 ../../boards/DJI_Board_TypeA/CMakeFiles/DJI_Board_TypeA.dir/Drivers/STM32F4xx_HAL_Driver/Src/stm32f4xx_hal_can.c.obj
                0x0000000008002f40                HAL_CAN_TxMailbox0AbortCallback
 .text.HAL_CAN_TxMailbox1AbortCallback
                0x0000000008002f44        0x4 ../../boards/DJI_Board_TypeA/CMakeFiles/DJI_Board_TypeA.dir/Drivers/STM32F4xx_HAL_Driver/Src/stm32f4xx_hal_can.c.obj
                0x0000000008002f44                HAL_CAN_TxMailbox1AbortCallback
 .text.HAL_CAN_TxMailbox2AbortCallback
                0x0000000008002f48        0x4 ../../boards/DJI_Board_TypeA/CMakeFiles/DJI_Board_TypeA.dir/Drivers/STM32F4xx_HAL_Driver/Src/stm32f4xx_hal_can.c.obj
                0x0000000008002f48                HAL_CAN_TxMailbox2AbortCallback
 .text.HAL_CAN_RxFifo0MsgPendingCallback
                0x0000000008002f4c        0x4 ../../boards/DJI_Board_TypeA/CMakeFiles/DJI_Board_TypeA.dir/Drivers/STM32F4xx_HAL_Driver/Src/stm32f4xx_hal_can.c.obj
                0x0000000008002f4c                HAL_CAN_RxFifo0MsgPendingCallback
 .text.HAL_CAN_RxFifo0FullCallback
                0x0000000008002f50        0x4 ../../boards/DJI_Board_TypeA/CMakeFiles/DJI_Board_TypeA.dir/Drivers/STM32F4xx_HAL_Driver/Src/stm32f4xx_hal_can.c.obj
                0x0000000008002f50                HAL_CAN_RxFifo0FullCallback
 .text.HAL_CAN_RxFifo1MsgPendingCallback
                0x0000000008002f54        0x4 ../../boards/DJI_Board_TypeA/CMakeFiles/DJI_Board_TypeA.dir/Drivers/STM32F4xx_HAL_Driver/Src/stm32f4xx_hal_can.c.obj
                0x0000000008002f54                HAL_CAN_RxFifo1MsgPendingCallback
 .text.HAL_CAN_RxFifo1FullCallback
                0x0000000008002f58        0x4 ../../boards/DJI_Board_TypeA/CMakeFiles/DJI_Board_TypeA.dir/Drivers/STM32F4xx_HAL_Driver/Src/stm32f4xx_hal_can.c.obj
                0x0000000008002f58                HAL_CAN_RxFifo1FullCallback
 .text.HAL_CAN_SleepCallback
                0x0000000008002f5c        0x4 ../../boards/DJI_Board_TypeA/CMakeFiles/DJI_Board_TypeA.dir/Drivers/STM32F4xx_HAL_Driver/Src/stm32f4xx_hal_can.c.obj
                0x0000000008002f5c                HAL_CAN_SleepCallback
 .text.HAL_CAN_WakeUpFromRxMsgCallback
                0x0000000008002f60        0x4 ../../boards/DJI_Board_TypeA/CMakeFiles/DJI_Board_TypeA.dir/Drivers/STM32F4xx_HAL_Driver/Src/stm32f4xx_hal_can.c.obj
                0x0000000008002f60                HAL_CAN_WakeUpFromRxMsgCallback
 .text.HAL_CAN_Init
                0x0000000008002f64      0x178 ../../boards/DJI_Board_TypeA/CMakeFiles/DJI_Board_TypeA.dir/Drivers/STM32F4xx_HAL_Driver/Src/stm32f4xx_hal_can.c.obj
                0x0000000008002f64                HAL_CAN_Init
 .text.HAL_CAN_IRQHandler
                0x00000000080030dc      0x258 ../../boards/DJI_Board_TypeA/CMakeFiles/DJI_Board_TypeA.dir/Drivers/STM32F4xx_HAL_Driver/Src/stm32f4xx_hal_can.c.obj
                0x00000000080030dc                HAL_CAN_IRQHandler
 .text.HAL_NVIC_SetPriorityGrouping
                0x0000000008003334       0x24 ../../boards/DJI_Board_TypeA/CMakeFiles/DJI_Board_TypeA.dir/Drivers/STM32F4xx_HAL_Driver/Src/stm32f4xx_hal_cortex.c.obj
                0x0000000008003334                HAL_NVIC_SetPriorityGrouping
 .text.HAL_NVIC_SetPriority
                0x0000000008003358       0x7c ../../boards/DJI_Board_TypeA/CMakeFiles/DJI_Board_TypeA.dir/Drivers/STM32F4xx_HAL_Driver/Src/stm32f4xx_hal_cortex.c.obj
                0x0000000008003358                HAL_NVIC_SetPriority
 .text.HAL_NVIC_EnableIRQ
                0x00000000080033d4       0x1c ../../boards/DJI_Board_TypeA/CMakeFiles/DJI_Board_TypeA.dir/Drivers/STM32F4xx_HAL_Driver/Src/stm32f4xx_hal_cortex.c.obj
                0x00000000080033d4                HAL_NVIC_EnableIRQ
 .text.HAL_DMA_Init
                0x00000000080033f0      0x130 ../../boards/DJI_Board_TypeA/CMakeFiles/DJI_Board_TypeA.dir/Drivers/STM32F4xx_HAL_Driver/Src/stm32f4xx_hal_dma.c.obj
                0x00000000080033f0                HAL_DMA_Init
 .text.HAL_DMA_Start_IT
                0x0000000008003520       0x80 ../../boards/DJI_Board_TypeA/CMakeFiles/DJI_Board_TypeA.dir/Drivers/STM32F4xx_HAL_Driver/Src/stm32f4xx_hal_dma.c.obj
                0x0000000008003520                HAL_DMA_Start_IT
 .text.HAL_DMA_Abort_IT
                0x00000000080035a0       0x24 ../../boards/DJI_Board_TypeA/CMakeFiles/DJI_Board_TypeA.dir/Drivers/STM32F4xx_HAL_Driver/Src/stm32f4xx_hal_dma.c.obj
                0x00000000080035a0                HAL_DMA_Abort_IT
 .text.HAL_DMA_IRQHandler
                0x00000000080035c4      0x1e0 ../../boards/DJI_Board_TypeA/CMakeFiles/DJI_Board_TypeA.dir/Drivers/STM32F4xx_HAL_Driver/Src/stm32f4xx_hal_dma.c.obj
                0x00000000080035c4                HAL_DMA_IRQHandler
 .text.HAL_DMA_GetError
                0x00000000080037a4        0x4 ../../boards/DJI_Board_TypeA/CMakeFiles/DJI_Board_TypeA.dir/Drivers/STM32F4xx_HAL_Driver/Src/stm32f4xx_hal_dma.c.obj
                0x00000000080037a4                HAL_DMA_GetError
 .text.HAL_GPIO_Init
                0x00000000080037a8      0x294 ../../boards/DJI_Board_TypeA/CMakeFiles/DJI_Board_TypeA.dir/Drivers/STM32F4xx_HAL_Driver/Src/stm32f4xx_hal_gpio.c.obj
                0x00000000080037a8                HAL_GPIO_Init
 .text.HAL_GPIO_ReadPin
                0x0000000008003a3c        0xc ../../boards/DJI_Board_TypeA/CMakeFiles/DJI_Board_TypeA.dir/Drivers/STM32F4xx_HAL_Driver/Src/stm32f4xx_hal_gpio.c.obj
                0x0000000008003a3c                HAL_GPIO_ReadPin
 .text.HAL_GPIO_WritePin
                0x0000000008003a48        0x8 ../../boards/DJI_Board_TypeA/CMakeFiles/DJI_Board_TypeA.dir/Drivers/STM32F4xx_HAL_Driver/Src/stm32f4xx_hal_gpio.c.obj
                0x0000000008003a48                HAL_GPIO_WritePin
 .text.HAL_GPIO_EXTI_IRQHandler
                0x0000000008003a50       0x18 ../../boards/DJI_Board_TypeA/CMakeFiles/DJI_Board_TypeA.dir/Drivers/STM32F4xx_HAL_Driver/Src/stm32f4xx_hal_gpio.c.obj
                0x0000000008003a50                HAL_GPIO_EXTI_IRQHandler
 .text.HAL_I2C_Init
                0x0000000008003a68      0x190 ../../boards/DJI_Board_TypeA/CMakeFiles/DJI_Board_TypeA.dir/Drivers/STM32F4xx_HAL_Driver/Src/stm32f4xx_hal_i2c.c.obj
                0x0000000008003a68                HAL_I2C_Init
 .text.HAL_I2CEx_ConfigAnalogFilter
                0x0000000008003bf8       0x40 ../../boards/DJI_Board_TypeA/CMakeFiles/DJI_Board_TypeA.dir/Drivers/STM32F4xx_HAL_Driver/Src/stm32f4xx_hal_i2c_ex.c.obj
                0x0000000008003bf8                HAL_I2CEx_ConfigAnalogFilter
 .text.HAL_I2CEx_ConfigDigitalFilter
                0x0000000008003c38       0x48 ../../boards/DJI_Board_TypeA/CMakeFiles/DJI_Board_TypeA.dir/Drivers/STM32F4xx_HAL_Driver/Src/stm32f4xx_hal_i2c_ex.c.obj
                0x0000000008003c38                HAL_I2CEx_ConfigDigitalFilter
 .text.HAL_PCD_Init
                0x0000000008003c80      0x11c ../../boards/DJI_Board_TypeA/CMakeFiles/DJI_Board_TypeA.dir/Drivers/STM32F4xx_HAL_Driver/Src/stm32f4xx_hal_pcd.c.obj
                0x0000000008003c80                HAL_PCD_Init
 .text.HAL_PCD_Start
                0x0000000008003d9c       0x40 ../../boards/DJI_Board_TypeA/CMakeFiles/DJI_Board_TypeA.dir/Drivers/STM32F4xx_HAL_Driver/Src/stm32f4xx_hal_pcd.c.obj
                0x0000000008003d9c                HAL_PCD_Start
 .text.HAL_PCD_IRQHandler
                0x0000000008003ddc      0x614 ../../boards/DJI_Board_TypeA/CMakeFiles/DJI_Board_TypeA.dir/Drivers/STM32F4xx_HAL_Driver/Src/stm32f4xx_hal_pcd.c.obj
                0x0000000008003ddc                HAL_PCD_IRQHandler
 .text.HAL_PCD_SetAddress
                0x00000000080043f0       0x28 ../../boards/DJI_Board_TypeA/CMakeFiles/DJI_Board_TypeA.dir/Drivers/STM32F4xx_HAL_Driver/Src/stm32f4xx_hal_pcd.c.obj
                0x00000000080043f0                HAL_PCD_SetAddress
 .text.HAL_PCD_EP_Open
                0x0000000008004418       0x7c ../../boards/DJI_Board_TypeA/CMakeFiles/DJI_Board_TypeA.dir/Drivers/STM32F4xx_HAL_Driver/Src/stm32f4xx_hal_pcd.c.obj
                0x0000000008004418                HAL_PCD_EP_Open
 .text.HAL_PCD_EP_Close
                0x0000000008004494       0x5c ../../boards/DJI_Board_TypeA/CMakeFiles/DJI_Board_TypeA.dir/Drivers/STM32F4xx_HAL_Driver/Src/stm32f4xx_hal_pcd.c.obj
                0x0000000008004494                HAL_PCD_EP_Close
 .text.HAL_PCD_EP_Receive
                0x00000000080044f0       0x50 ../../boards/DJI_Board_TypeA/CMakeFiles/DJI_Board_TypeA.dir/Drivers/STM32F4xx_HAL_Driver/Src/stm32f4xx_hal_pcd.c.obj
                0x00000000080044f0                HAL_PCD_EP_Receive
 .text.HAL_PCD_EP_GetRxCount
                0x0000000008004540       0x14 ../../boards/DJI_Board_TypeA/CMakeFiles/DJI_Board_TypeA.dir/Drivers/STM32F4xx_HAL_Driver/Src/stm32f4xx_hal_pcd.c.obj
                0x0000000008004540                HAL_PCD_EP_GetRxCount
 .text.HAL_PCD_EP_Transmit
                0x0000000008004554       0x50 ../../boards/DJI_Board_TypeA/CMakeFiles/DJI_Board_TypeA.dir/Drivers/STM32F4xx_HAL_Driver/Src/stm32f4xx_hal_pcd.c.obj
                0x0000000008004554                HAL_PCD_EP_Transmit
 .text.HAL_PCD_EP_SetStall
                0x00000000080045a4       0x88 ../../boards/DJI_Board_TypeA/CMakeFiles/DJI_Board_TypeA.dir/Drivers/STM32F4xx_HAL_Driver/Src/stm32f4xx_hal_pcd.c.obj
                0x00000000080045a4                HAL_PCD_EP_SetStall
 .text.HAL_PCD_EP_ClrStall
                0x000000000800462c       0x70 ../../boards/DJI_Board_TypeA/CMakeFiles/DJI_Board_TypeA.dir/Drivers/STM32F4xx_HAL_Driver/Src/stm32f4xx_hal_pcd.c.obj
                0x000000000800462c                HAL_PCD_EP_ClrStall
 .text.HAL_PCDEx_SetTxFiFo
                0x000000000800469c       0x54 ../../boards/DJI_Board_TypeA/CMakeFiles/DJI_Board_TypeA.dir/Drivers/STM32F4xx_HAL_Driver/Src/stm32f4xx_hal_pcd_ex.c.obj
                0x000000000800469c                HAL_PCDEx_SetTxFiFo
 .text.HAL_PCDEx_SetRxFiFo
                0x00000000080046f0        0x8 ../../boards/DJI_Board_TypeA/CMakeFiles/DJI_Board_TypeA.dir/Drivers/STM32F4xx_HAL_Driver/Src/stm32f4xx_hal_pcd_ex.c.obj
                0x00000000080046f0                HAL_PCDEx_SetRxFiFo
 .text.HAL_PCDEx_LPM_Callback
                0x00000000080046f8        0x4 ../../boards/DJI_Board_TypeA/CMakeFiles/DJI_Board_TypeA.dir/Drivers/STM32F4xx_HAL_Driver/Src/stm32f4xx_hal_pcd_ex.c.obj
                0x00000000080046f8                HAL_PCDEx_LPM_Callback
 .text.HAL_RCC_OscConfig
                0x00000000080046fc      0x3b8 ../../boards/DJI_Board_TypeA/CMakeFiles/DJI_Board_TypeA.dir/Drivers/STM32F4xx_HAL_Driver/Src/stm32f4xx_hal_rcc.c.obj
                0x00000000080046fc                HAL_RCC_OscConfig
 .text.HAL_RCC_GetSysClockFreq
                0x0000000008004ab4       0x68 ../../boards/DJI_Board_TypeA/CMakeFiles/DJI_Board_TypeA.dir/Drivers/STM32F4xx_HAL_Driver/Src/stm32f4xx_hal_rcc.c.obj
                0x0000000008004ab4                HAL_RCC_GetSysClockFreq
 .text.HAL_RCC_ClockConfig
                0x0000000008004b1c      0x13c ../../boards/DJI_Board_TypeA/CMakeFiles/DJI_Board_TypeA.dir/Drivers/STM32F4xx_HAL_Driver/Src/stm32f4xx_hal_rcc.c.obj
                0x0000000008004b1c                HAL_RCC_ClockConfig
 .text.HAL_RCC_GetHCLKFreq
                0x0000000008004c58        0xc ../../boards/DJI_Board_TypeA/CMakeFiles/DJI_Board_TypeA.dir/Drivers/STM32F4xx_HAL_Driver/Src/stm32f4xx_hal_rcc.c.obj
                0x0000000008004c58                HAL_RCC_GetHCLKFreq
 .text.HAL_RCC_GetPCLK1Freq
                0x0000000008004c64       0x20 ../../boards/DJI_Board_TypeA/CMakeFiles/DJI_Board_TypeA.dir/Drivers/STM32F4xx_HAL_Driver/Src/stm32f4xx_hal_rcc.c.obj
                0x0000000008004c64                HAL_RCC_GetPCLK1Freq
 .text.HAL_RCC_GetPCLK2Freq
                0x0000000008004c84       0x20 ../../boards/DJI_Board_TypeA/CMakeFiles/DJI_Board_TypeA.dir/Drivers/STM32F4xx_HAL_Driver/Src/stm32f4xx_hal_rcc.c.obj
                0x0000000008004c84                HAL_RCC_GetPCLK2Freq
 .text.HAL_RCC_GetClockConfig
                0x0000000008004ca4       0x44 ../../boards/DJI_Board_TypeA/CMakeFiles/DJI_Board_TypeA.dir/Drivers/STM32F4xx_HAL_Driver/Src/stm32f4xx_hal_rcc.c.obj
                0x0000000008004ca4                HAL_RCC_GetClockConfig
 .text.SD_DMATransmitCplt
                0x0000000008004ce8       0x10 ../../boards/DJI_Board_TypeA/CMakeFiles/DJI_Board_TypeA.dir/Drivers/STM32F4xx_HAL_Driver/Src/stm32f4xx_hal_sd.c.obj
 .text.SD_FindSCR
                0x0000000008004cf8       0xe4 ../../boards/DJI_Board_TypeA/CMakeFiles/DJI_Board_TypeA.dir/Drivers/STM32F4xx_HAL_Driver/Src/stm32f4xx_hal_sd.c.obj
 .text.HAL_SD_ReadBlocks_DMA
                0x0000000008004ddc      0x13c ../../boards/DJI_Board_TypeA/CMakeFiles/DJI_Board_TypeA.dir/Drivers/STM32F4xx_HAL_Driver/Src/stm32f4xx_hal_sd.c.obj
                0x0000000008004ddc                HAL_SD_ReadBlocks_DMA
 .text.HAL_SD_WriteBlocks_DMA
                0x0000000008004f18      0x158 ../../boards/DJI_Board_TypeA/CMakeFiles/DJI_Board_TypeA.dir/Drivers/STM32F4xx_HAL_Driver/Src/stm32f4xx_hal_sd.c.obj
                0x0000000008004f18                HAL_SD_WriteBlocks_DMA
 .text.HAL_SD_ErrorCallback
                0x0000000008005070        0x4 ../../boards/DJI_Board_TypeA/CMakeFiles/DJI_Board_TypeA.dir/Drivers/STM32F4xx_HAL_Driver/Src/stm32f4xx_hal_sd.c.obj
                0x0000000008005070                HAL_SD_ErrorCallback
 .text.SD_DMAReceiveCplt
                0x0000000008005074       0x48 ../../boards/DJI_Board_TypeA/CMakeFiles/DJI_Board_TypeA.dir/Drivers/STM32F4xx_HAL_Driver/Src/stm32f4xx_hal_sd.c.obj
 .text.SD_DMAError
                0x00000000080050bc       0x80 ../../boards/DJI_Board_TypeA/CMakeFiles/DJI_Board_TypeA.dir/Drivers/STM32F4xx_HAL_Driver/Src/stm32f4xx_hal_sd.c.obj
 .text.SD_DMATxAbort
                0x000000000800513c       0x64 ../../boards/DJI_Board_TypeA/CMakeFiles/DJI_Board_TypeA.dir/Drivers/STM32F4xx_HAL_Driver/Src/stm32f4xx_hal_sd.c.obj
 .text.HAL_SD_IRQHandler
                0x00000000080051a0      0x26c ../../boards/DJI_Board_TypeA/CMakeFiles/DJI_Board_TypeA.dir/Drivers/STM32F4xx_HAL_Driver/Src/stm32f4xx_hal_sd.c.obj
                0x00000000080051a0                HAL_SD_IRQHandler
 .text.SD_DMARxAbort
                0x000000000800540c       0x64 ../../boards/DJI_Board_TypeA/CMakeFiles/DJI_Board_TypeA.dir/Drivers/STM32F4xx_HAL_Driver/Src/stm32f4xx_hal_sd.c.obj
 .text.HAL_SD_GetCardCSD
                0x0000000008005470      0x17c ../../boards/DJI_Board_TypeA/CMakeFiles/DJI_Board_TypeA.dir/Drivers/STM32F4xx_HAL_Driver/Src/stm32f4xx_hal_sd.c.obj
                0x0000000008005470                HAL_SD_GetCardCSD
 .text.HAL_SD_InitCard
                0x00000000080055ec      0x204 ../../boards/DJI_Board_TypeA/CMakeFiles/DJI_Board_TypeA.dir/Drivers/STM32F4xx_HAL_Driver/Src/stm32f4xx_hal_sd.c.obj
                0x00000000080055ec                HAL_SD_InitCard
 .text.HAL_SD_Init
                0x00000000080057f0       0x3c ../../boards/DJI_Board_TypeA/CMakeFiles/DJI_Board_TypeA.dir/Drivers/STM32F4xx_HAL_Driver/Src/stm32f4xx_hal_sd.c.obj
                0x00000000080057f0                HAL_SD_Init
 .text.HAL_SD_GetCardInfo
                0x000000000800582c       0x28 ../../boards/DJI_Board_TypeA/CMakeFiles/DJI_Board_TypeA.dir/Drivers/STM32F4xx_HAL_Driver/Src/stm32f4xx_hal_sd.c.obj
                0x000000000800582c                HAL_SD_GetCardInfo
 .text.HAL_SD_ConfigWideBusOperation
                0x0000000008005854      0x114 ../../boards/DJI_Board_TypeA/CMakeFiles/DJI_Board_TypeA.dir/Drivers/STM32F4xx_HAL_Driver/Src/stm32f4xx_hal_sd.c.obj
                0x0000000008005854                HAL_SD_ConfigWideBusOperation
 .text.HAL_SD_GetCardState
                0x0000000008005968       0x28 ../../boards/DJI_Board_TypeA/CMakeFiles/DJI_Board_TypeA.dir/Drivers/STM32F4xx_HAL_Driver/Src/stm32f4xx_hal_sd.c.obj
                0x0000000008005968                HAL_SD_GetCardState
 .text.HAL_SPI_AbortCpltCallback
                0x0000000008005990        0x4 ../../boards/DJI_Board_TypeA/CMakeFiles/DJI_Board_TypeA.dir/Drivers/STM32F4xx_HAL_Driver/Src/stm32f4xx_hal_spi.c.obj
                0x0000000008005990                HAL_SPI_AbortCpltCallback
 .text.HAL_SPI_TxCpltCallback
                0x0000000008005994        0x4 ../../boards/DJI_Board_TypeA/CMakeFiles/DJI_Board_TypeA.dir/Drivers/STM32F4xx_HAL_Driver/Src/stm32f4xx_hal_spi.c.obj
                0x0000000008005994                HAL_SPI_TxCpltCallback
 .text.HAL_SPI_RxCpltCallback
                0x0000000008005998        0x4 ../../boards/DJI_Board_TypeA/CMakeFiles/DJI_Board_TypeA.dir/Drivers/STM32F4xx_HAL_Driver/Src/stm32f4xx_hal_spi.c.obj
                0x0000000008005998                HAL_SPI_RxCpltCallback
 .text.HAL_SPI_TxRxCpltCallback
                0x000000000800599c        0x4 ../../boards/DJI_Board_TypeA/CMakeFiles/DJI_Board_TypeA.dir/Drivers/STM32F4xx_HAL_Driver/Src/stm32f4xx_hal_spi.c.obj
                0x000000000800599c                HAL_SPI_TxRxCpltCallback
 .text.HAL_SPI_TxHalfCpltCallback
                0x00000000080059a0        0x4 ../../boards/DJI_Board_TypeA/CMakeFiles/DJI_Board_TypeA.dir/Drivers/STM32F4xx_HAL_Driver/Src/stm32f4xx_hal_spi.c.obj
                0x00000000080059a0                HAL_SPI_TxHalfCpltCallback
 .text.HAL_SPI_RxHalfCpltCallback
                0x00000000080059a4        0x4 ../../boards/DJI_Board_TypeA/CMakeFiles/DJI_Board_TypeA.dir/Drivers/STM32F4xx_HAL_Driver/Src/stm32f4xx_hal_spi.c.obj
                0x00000000080059a4                HAL_SPI_RxHalfCpltCallback
 .text.HAL_SPI_TxRxHalfCpltCallback
                0x00000000080059a8        0x4 ../../boards/DJI_Board_TypeA/CMakeFiles/DJI_Board_TypeA.dir/Drivers/STM32F4xx_HAL_Driver/Src/stm32f4xx_hal_spi.c.obj
                0x00000000080059a8                HAL_SPI_TxRxHalfCpltCallback
 .text.HAL_SPI_ErrorCallback
                0x00000000080059ac        0x4 ../../boards/DJI_Board_TypeA/CMakeFiles/DJI_Board_TypeA.dir/Drivers/STM32F4xx_HAL_Driver/Src/stm32f4xx_hal_spi.c.obj
                0x00000000080059ac                HAL_SPI_ErrorCallback
 .text.HAL_SPI_Init
                0x00000000080059b0       0xcc ../../boards/DJI_Board_TypeA/CMakeFiles/DJI_Board_TypeA.dir/Drivers/STM32F4xx_HAL_Driver/Src/stm32f4xx_hal_spi.c.obj
                0x00000000080059b0                HAL_SPI_Init
 .text.HAL_TIM_PWM_MspInit
                0x0000000008005a7c        0x4 ../../boards/DJI_Board_TypeA/CMakeFiles/DJI_Board_TypeA.dir/Drivers/STM32F4xx_HAL_Driver/Src/stm32f4xx_hal_tim.c.obj
                0x0000000008005a7c                HAL_TIM_PWM_MspInit
 .text.HAL_TIM_PeriodElapsedHalfCpltCallback
                0x0000000008005a80        0x4 ../../boards/DJI_Board_TypeA/CMakeFiles/DJI_Board_TypeA.dir/Drivers/STM32F4xx_HAL_Driver/Src/stm32f4xx_hal_tim.c.obj
                0x0000000008005a80                HAL_TIM_PeriodElapsedHalfCpltCallback
 .text.HAL_TIM_OC_DelayElapsedCallback
                0x0000000008005a84        0x4 ../../boards/DJI_Board_TypeA/CMakeFiles/DJI_Board_TypeA.dir/Drivers/STM32F4xx_HAL_Driver/Src/stm32f4xx_hal_tim.c.obj
                0x0000000008005a84                HAL_TIM_OC_DelayElapsedCallback
 .text.HAL_TIM_IC_CaptureCallback
                0x0000000008005a88        0x4 ../../boards/DJI_Board_TypeA/CMakeFiles/DJI_Board_TypeA.dir/Drivers/STM32F4xx_HAL_Driver/Src/stm32f4xx_hal_tim.c.obj
                0x0000000008005a88                HAL_TIM_IC_CaptureCallback
 .text.HAL_TIM_IC_CaptureHalfCpltCallback
                0x0000000008005a8c        0x4 ../../boards/DJI_Board_TypeA/CMakeFiles/DJI_Board_TypeA.dir/Drivers/STM32F4xx_HAL_Driver/Src/stm32f4xx_hal_tim.c.obj
                0x0000000008005a8c                HAL_TIM_IC_CaptureHalfCpltCallback
 .text.HAL_TIM_PWM_PulseFinishedCallback
                0x0000000008005a90        0x4 ../../boards/DJI_Board_TypeA/CMakeFiles/DJI_Board_TypeA.dir/Drivers/STM32F4xx_HAL_Driver/Src/stm32f4xx_hal_tim.c.obj
                0x0000000008005a90                HAL_TIM_PWM_PulseFinishedCallback
 .text.HAL_TIM_PWM_PulseFinishedHalfCpltCallback
                0x0000000008005a94        0x4 ../../boards/DJI_Board_TypeA/CMakeFiles/DJI_Board_TypeA.dir/Drivers/STM32F4xx_HAL_Driver/Src/stm32f4xx_hal_tim.c.obj
                0x0000000008005a94                HAL_TIM_PWM_PulseFinishedHalfCpltCallback
 .text.HAL_TIM_TriggerCallback
                0x0000000008005a98        0x4 ../../boards/DJI_Board_TypeA/CMakeFiles/DJI_Board_TypeA.dir/Drivers/STM32F4xx_HAL_Driver/Src/stm32f4xx_hal_tim.c.obj
                0x0000000008005a98                HAL_TIM_TriggerCallback
 .text.HAL_TIM_TriggerHalfCpltCallback
                0x0000000008005a9c        0x4 ../../boards/DJI_Board_TypeA/CMakeFiles/DJI_Board_TypeA.dir/Drivers/STM32F4xx_HAL_Driver/Src/stm32f4xx_hal_tim.c.obj
                0x0000000008005a9c                HAL_TIM_TriggerHalfCpltCallback
 .text.HAL_TIM_ErrorCallback
                0x0000000008005aa0        0x4 ../../boards/DJI_Board_TypeA/CMakeFiles/DJI_Board_TypeA.dir/Drivers/STM32F4xx_HAL_Driver/Src/stm32f4xx_hal_tim.c.obj
                0x0000000008005aa0                HAL_TIM_ErrorCallback
 .text.HAL_TIM_Base_Init
                0x0000000008005aa4      0x16c ../../boards/DJI_Board_TypeA/CMakeFiles/DJI_Board_TypeA.dir/Drivers/STM32F4xx_HAL_Driver/Src/stm32f4xx_hal_tim.c.obj
                0x0000000008005aa4                HAL_TIM_Base_Init
 .text.HAL_TIM_Base_Start_IT
                0x0000000008005c10       0x20 ../../boards/DJI_Board_TypeA/CMakeFiles/DJI_Board_TypeA.dir/Drivers/STM32F4xx_HAL_Driver/Src/stm32f4xx_hal_tim.c.obj
                0x0000000008005c10                HAL_TIM_Base_Start_IT
 .text.HAL_TIM_PWM_Init
                0x0000000008005c30      0x16c ../../boards/DJI_Board_TypeA/CMakeFiles/DJI_Board_TypeA.dir/Drivers/STM32F4xx_HAL_Driver/Src/stm32f4xx_hal_tim.c.obj
                0x0000000008005c30                HAL_TIM_PWM_Init
 .text.HAL_TIM_IRQHandler
                0x0000000008005d9c      0x178 ../../boards/DJI_Board_TypeA/CMakeFiles/DJI_Board_TypeA.dir/Drivers/STM32F4xx_HAL_Driver/Src/stm32f4xx_hal_tim.c.obj
                0x0000000008005d9c                HAL_TIM_IRQHandler
 .text.HAL_TIM_PWM_ConfigChannel
                0x0000000008005f14      0x210 ../../boards/DJI_Board_TypeA/CMakeFiles/DJI_Board_TypeA.dir/Drivers/STM32F4xx_HAL_Driver/Src/stm32f4xx_hal_tim.c.obj
                0x0000000008005f14                HAL_TIM_PWM_ConfigChannel
 .text.HAL_TIM_ConfigClockSource
                0x0000000008006124      0x148 ../../boards/DJI_Board_TypeA/CMakeFiles/DJI_Board_TypeA.dir/Drivers/STM32F4xx_HAL_Driver/Src/stm32f4xx_hal_tim.c.obj
                0x0000000008006124                HAL_TIM_ConfigClockSource
 .text.HAL_TIMEx_MasterConfigSynchronization
                0x000000000800626c       0x80 ../../boards/DJI_Board_TypeA/CMakeFiles/DJI_Board_TypeA.dir/Drivers/STM32F4xx_HAL_Driver/Src/stm32f4xx_hal_tim_ex.c.obj
                0x000000000800626c                HAL_TIMEx_MasterConfigSynchronization
 .text.HAL_TIMEx_ConfigBreakDeadTime
                0x00000000080062ec       0x54 ../../boards/DJI_Board_TypeA/CMakeFiles/DJI_Board_TypeA.dir/Drivers/STM32F4xx_HAL_Driver/Src/stm32f4xx_hal_tim_ex.c.obj
                0x00000000080062ec                HAL_TIMEx_ConfigBreakDeadTime
 .text.HAL_TIMEx_CommutCallback
                0x0000000008006340        0x4 ../../boards/DJI_Board_TypeA/CMakeFiles/DJI_Board_TypeA.dir/Drivers/STM32F4xx_HAL_Driver/Src/stm32f4xx_hal_tim_ex.c.obj
                0x0000000008006340                HAL_TIMEx_CommutCallback
 .text.HAL_TIMEx_CommutHalfCpltCallback
                0x0000000008006344        0x4 ../../boards/DJI_Board_TypeA/CMakeFiles/DJI_Board_TypeA.dir/Drivers/STM32F4xx_HAL_Driver/Src/stm32f4xx_hal_tim_ex.c.obj
                0x0000000008006344                HAL_TIMEx_CommutHalfCpltCallback
 .text.HAL_TIMEx_BreakCallback
                0x0000000008006348        0x4 ../../boards/DJI_Board_TypeA/CMakeFiles/DJI_Board_TypeA.dir/Drivers/STM32F4xx_HAL_Driver/Src/stm32f4xx_hal_tim_ex.c.obj
                0x0000000008006348                HAL_TIMEx_BreakCallback
 .text.UART_DMATransmitCplt
                0x000000000800634c       0x28 ../../boards/DJI_Board_TypeA/CMakeFiles/DJI_Board_TypeA.dir/Drivers/STM32F4xx_HAL_Driver/Src/stm32f4xx_hal_uart.c.obj
 .text.UART_DMATxHalfCplt
                0x0000000008006374        0x8 ../../boards/DJI_Board_TypeA/CMakeFiles/DJI_Board_TypeA.dir/Drivers/STM32F4xx_HAL_Driver/Src/stm32f4xx_hal_uart.c.obj
 .text.UART_DMAError
                0x000000000800637c       0x64 ../../boards/DJI_Board_TypeA/CMakeFiles/DJI_Board_TypeA.dir/Drivers/STM32F4xx_HAL_Driver/Src/stm32f4xx_hal_uart.c.obj
 .text.UART_DMAAbortOnError
                0x00000000080063e0        0xc ../../boards/DJI_Board_TypeA/CMakeFiles/DJI_Board_TypeA.dir/Drivers/STM32F4xx_HAL_Driver/Src/stm32f4xx_hal_uart.c.obj
 .text.UART_SetConfig
                0x00000000080063ec       0xec ../../boards/DJI_Board_TypeA/CMakeFiles/DJI_Board_TypeA.dir/Drivers/STM32F4xx_HAL_Driver/Src/stm32f4xx_hal_uart.c.obj
 .text.UART_Receive_IT.part.0.isra.0
                0x00000000080064d8       0x80 ../../boards/DJI_Board_TypeA/CMakeFiles/DJI_Board_TypeA.dir/Drivers/STM32F4xx_HAL_Driver/Src/stm32f4xx_hal_uart.c.obj
 .text.HAL_UART_AbortReceiveCpltCallback
                0x0000000008006558        0x4 ../../boards/DJI_Board_TypeA/CMakeFiles/DJI_Board_TypeA.dir/Drivers/STM32F4xx_HAL_Driver/Src/stm32f4xx_hal_uart.c.obj
                0x0000000008006558                HAL_UART_AbortReceiveCpltCallback
 .text.HAL_UART_TxCpltCallback
                0x000000000800655c        0x4 ../../boards/DJI_Board_TypeA/CMakeFiles/DJI_Board_TypeA.dir/Drivers/STM32F4xx_HAL_Driver/Src/stm32f4xx_hal_uart.c.obj
                0x000000000800655c                HAL_UART_TxCpltCallback
 .text.HAL_UART_TxHalfCpltCallback
                0x0000000008006560        0x4 ../../boards/DJI_Board_TypeA/CMakeFiles/DJI_Board_TypeA.dir/Drivers/STM32F4xx_HAL_Driver/Src/stm32f4xx_hal_uart.c.obj
                0x0000000008006560                HAL_UART_TxHalfCpltCallback
 .text.HAL_UART_RxCpltCallback
                0x0000000008006564        0x4 ../../boards/DJI_Board_TypeA/CMakeFiles/DJI_Board_TypeA.dir/Drivers/STM32F4xx_HAL_Driver/Src/stm32f4xx_hal_uart.c.obj
                0x0000000008006564                HAL_UART_RxCpltCallback
 .text.HAL_UART_RxHalfCpltCallback
                0x0000000008006568        0x4 ../../boards/DJI_Board_TypeA/CMakeFiles/DJI_Board_TypeA.dir/Drivers/STM32F4xx_HAL_Driver/Src/stm32f4xx_hal_uart.c.obj
                0x0000000008006568                HAL_UART_RxHalfCpltCallback
 .text.HAL_UART_ErrorCallback
                0x000000000800656c        0x4 ../../boards/DJI_Board_TypeA/CMakeFiles/DJI_Board_TypeA.dir/Drivers/STM32F4xx_HAL_Driver/Src/stm32f4xx_hal_uart.c.obj
                0x000000000800656c                HAL_UART_ErrorCallback
 .text.HAL_UART_AbortCpltCallback
                0x0000000008006570        0x4 ../../boards/DJI_Board_TypeA/CMakeFiles/DJI_Board_TypeA.dir/Drivers/STM32F4xx_HAL_Driver/Src/stm32f4xx_hal_uart.c.obj
                0x0000000008006570                HAL_UART_AbortCpltCallback
 .text.HAL_UART_AbortTransmitCpltCallback
                0x0000000008006574        0x4 ../../boards/DJI_Board_TypeA/CMakeFiles/DJI_Board_TypeA.dir/Drivers/STM32F4xx_HAL_Driver/Src/stm32f4xx_hal_uart.c.obj
                0x0000000008006574                HAL_UART_AbortTransmitCpltCallback
 .text.HAL_UART_Init
                0x0000000008006578       0xb0 ../../boards/DJI_Board_TypeA/CMakeFiles/DJI_Board_TypeA.dir/Drivers/STM32F4xx_HAL_Driver/Src/stm32f4xx_hal_uart.c.obj
                0x0000000008006578                HAL_UART_Init
 .text.HAL_UART_RegisterCallback
                0x0000000008006628       0xc0 ../../boards/DJI_Board_TypeA/CMakeFiles/DJI_Board_TypeA.dir/Drivers/STM32F4xx_HAL_Driver/Src/stm32f4xx_hal_uart.c.obj
                0x0000000008006628                HAL_UART_RegisterCallback
 .text.HAL_UART_Transmit_DMA
                0x00000000080066e8       0x78 ../../boards/DJI_Board_TypeA/CMakeFiles/DJI_Board_TypeA.dir/Drivers/STM32F4xx_HAL_Driver/Src/stm32f4xx_hal_uart.c.obj
                0x00000000080066e8                HAL_UART_Transmit_DMA
 .text.HAL_UART_IRQHandler
                0x0000000008006760      0x17c ../../boards/DJI_Board_TypeA/CMakeFiles/DJI_Board_TypeA.dir/Drivers/STM32F4xx_HAL_Driver/Src/stm32f4xx_hal_uart.c.obj
                0x0000000008006760                HAL_UART_IRQHandler
 .text.SDIO_Init
                0x00000000080068dc       0x38 ../../boards/DJI_Board_TypeA/CMakeFiles/DJI_Board_TypeA.dir/Drivers/STM32F4xx_HAL_Driver/Src/stm32f4xx_ll_sdmmc.c.obj
                0x00000000080068dc                SDIO_Init
 .text.SDIO_ReadFIFO
                0x0000000008006914        0x8 ../../boards/DJI_Board_TypeA/CMakeFiles/DJI_Board_TypeA.dir/Drivers/STM32F4xx_HAL_Driver/Src/stm32f4xx_ll_sdmmc.c.obj
                0x0000000008006914                SDIO_ReadFIFO
 .text.SDIO_WriteFIFO
                0x000000000800691c        0xc ../../boards/DJI_Board_TypeA/CMakeFiles/DJI_Board_TypeA.dir/Drivers/STM32F4xx_HAL_Driver/Src/stm32f4xx_ll_sdmmc.c.obj
                0x000000000800691c                SDIO_WriteFIFO
 .text.SDIO_PowerState_ON
                0x0000000008006928       0x14 ../../boards/DJI_Board_TypeA/CMakeFiles/DJI_Board_TypeA.dir/Drivers/STM32F4xx_HAL_Driver/Src/stm32f4xx_ll_sdmmc.c.obj
                0x0000000008006928                SDIO_PowerState_ON
 .text.SDIO_GetPowerState
                0x000000000800693c        0x8 ../../boards/DJI_Board_TypeA/CMakeFiles/DJI_Board_TypeA.dir/Drivers/STM32F4xx_HAL_Driver/Src/stm32f4xx_ll_sdmmc.c.obj
                0x000000000800693c                SDIO_GetPowerState
 .text.SDIO_GetResponse
                0x0000000008006944        0x8 ../../boards/DJI_Board_TypeA/CMakeFiles/DJI_Board_TypeA.dir/Drivers/STM32F4xx_HAL_Driver/Src/stm32f4xx_ll_sdmmc.c.obj
                0x0000000008006944                SDIO_GetResponse
 .text.SDIO_ConfigData
                0x000000000800694c       0x2c ../../boards/DJI_Board_TypeA/CMakeFiles/DJI_Board_TypeA.dir/Drivers/STM32F4xx_HAL_Driver/Src/stm32f4xx_ll_sdmmc.c.obj
                0x000000000800694c                SDIO_ConfigData
 .text.SDMMC_CmdBlockLength
                0x0000000008006978      0x13c ../../boards/DJI_Board_TypeA/CMakeFiles/DJI_Board_TypeA.dir/Drivers/STM32F4xx_HAL_Driver/Src/stm32f4xx_ll_sdmmc.c.obj
                0x0000000008006978                SDMMC_CmdBlockLength
 .text.SDMMC_CmdReadSingleBlock
                0x0000000008006ab4      0x140 ../../boards/DJI_Board_TypeA/CMakeFiles/DJI_Board_TypeA.dir/Drivers/STM32F4xx_HAL_Driver/Src/stm32f4xx_ll_sdmmc.c.obj
                0x0000000008006ab4                SDMMC_CmdReadSingleBlock
 .text.SDMMC_CmdReadMultiBlock
                0x0000000008006bf4      0x140 ../../boards/DJI_Board_TypeA/CMakeFiles/DJI_Board_TypeA.dir/Drivers/STM32F4xx_HAL_Driver/Src/stm32f4xx_ll_sdmmc.c.obj
                0x0000000008006bf4                SDMMC_CmdReadMultiBlock
 .text.SDMMC_CmdWriteSingleBlock
                0x0000000008006d34      0x13c ../../boards/DJI_Board_TypeA/CMakeFiles/DJI_Board_TypeA.dir/Drivers/STM32F4xx_HAL_Driver/Src/stm32f4xx_ll_sdmmc.c.obj
                0x0000000008006d34                SDMMC_CmdWriteSingleBlock
 .text.SDMMC_CmdWriteMultiBlock
                0x0000000008006e70      0x140 ../../boards/DJI_Board_TypeA/CMakeFiles/DJI_Board_TypeA.dir/Drivers/STM32F4xx_HAL_Driver/Src/stm32f4xx_ll_sdmmc.c.obj
                0x0000000008006e70                SDMMC_CmdWriteMultiBlock
 .text.SDMMC_CmdStopTransfer
                0x0000000008006fb0      0x14c ../../boards/DJI_Board_TypeA/CMakeFiles/DJI_Board_TypeA.dir/Drivers/STM32F4xx_HAL_Driver/Src/stm32f4xx_ll_sdmmc.c.obj
                0x0000000008006fb0                SDMMC_CmdStopTransfer
 .text.SDMMC_CmdSelDesel
                0x00000000080070fc      0x140 ../../boards/DJI_Board_TypeA/CMakeFiles/DJI_Board_TypeA.dir/Drivers/STM32F4xx_HAL_Driver/Src/stm32f4xx_ll_sdmmc.c.obj
                0x00000000080070fc                SDMMC_CmdSelDesel
 .text.SDMMC_CmdGoIdleState
                0x000000000800723c       0x4c ../../boards/DJI_Board_TypeA/CMakeFiles/DJI_Board_TypeA.dir/Drivers/STM32F4xx_HAL_Driver/Src/stm32f4xx_ll_sdmmc.c.obj
                0x000000000800723c                SDMMC_CmdGoIdleState
 .text.SDMMC_CmdOperCond
                0x0000000008007288       0x78 ../../boards/DJI_Board_TypeA/CMakeFiles/DJI_Board_TypeA.dir/Drivers/STM32F4xx_HAL_Driver/Src/stm32f4xx_ll_sdmmc.c.obj
                0x0000000008007288                SDMMC_CmdOperCond
 .text.SDMMC_CmdAppCommand
                0x0000000008007300      0x140 ../../boards/DJI_Board_TypeA/CMakeFiles/DJI_Board_TypeA.dir/Drivers/STM32F4xx_HAL_Driver/Src/stm32f4xx_ll_sdmmc.c.obj
                0x0000000008007300                SDMMC_CmdAppCommand
 .text.SDMMC_CmdAppOperCommand
                0x0000000008007440       0x70 ../../boards/DJI_Board_TypeA/CMakeFiles/DJI_Board_TypeA.dir/Drivers/STM32F4xx_HAL_Driver/Src/stm32f4xx_ll_sdmmc.c.obj
                0x0000000008007440                SDMMC_CmdAppOperCommand
 .text.SDMMC_CmdBusWidth
                0x00000000080074b0      0x140 ../../boards/DJI_Board_TypeA/CMakeFiles/DJI_Board_TypeA.dir/Drivers/STM32F4xx_HAL_Driver/Src/stm32f4xx_ll_sdmmc.c.obj
                0x00000000080074b0                SDMMC_CmdBusWidth
 .text.SDMMC_CmdSendSCR
                0x00000000080075f0      0x144 ../../boards/DJI_Board_TypeA/CMakeFiles/DJI_Board_TypeA.dir/Drivers/STM32F4xx_HAL_Driver/Src/stm32f4xx_ll_sdmmc.c.obj
                0x00000000080075f0                SDMMC_CmdSendSCR
 .text.SDMMC_CmdSendCID
                0x0000000008007734       0x70 ../../boards/DJI_Board_TypeA/CMakeFiles/DJI_Board_TypeA.dir/Drivers/STM32F4xx_HAL_Driver/Src/stm32f4xx_ll_sdmmc.c.obj
                0x0000000008007734                SDMMC_CmdSendCID
 .text.SDMMC_CmdSendCSD
                0x00000000080077a4       0x78 ../../boards/DJI_Board_TypeA/CMakeFiles/DJI_Board_TypeA.dir/Drivers/STM32F4xx_HAL_Driver/Src/stm32f4xx_ll_sdmmc.c.obj
                0x00000000080077a4                SDMMC_CmdSendCSD
 .text.SDMMC_CmdSetRelAdd
                0x000000000800781c       0xac ../../boards/DJI_Board_TypeA/CMakeFiles/DJI_Board_TypeA.dir/Drivers/STM32F4xx_HAL_Driver/Src/stm32f4xx_ll_sdmmc.c.obj
                0x000000000800781c                SDMMC_CmdSetRelAdd
 .text.SDMMC_CmdSendStatus
                0x00000000080078c8      0x140 ../../boards/DJI_Board_TypeA/CMakeFiles/DJI_Board_TypeA.dir/Drivers/STM32F4xx_HAL_Driver/Src/stm32f4xx_ll_sdmmc.c.obj
                0x00000000080078c8                SDMMC_CmdSendStatus
 .text.USB_CoreInit
                0x0000000008007a08       0xd4 ../../boards/DJI_Board_TypeA/CMakeFiles/DJI_Board_TypeA.dir/Drivers/STM32F4xx_HAL_Driver/Src/stm32f4xx_ll_usb.c.obj
                0x0000000008007a08                USB_CoreInit
 .text.USB_SetTurnaroundTime
                0x0000000008007adc       0xf4 ../../boards/DJI_Board_TypeA/CMakeFiles/DJI_Board_TypeA.dir/Drivers/STM32F4xx_HAL_Driver/Src/stm32f4xx_ll_usb.c.obj
                0x0000000008007adc                USB_SetTurnaroundTime
 .text.USB_EnableGlobalInt
                0x0000000008007bd0       0x10 ../../boards/DJI_Board_TypeA/CMakeFiles/DJI_Board_TypeA.dir/Drivers/STM32F4xx_HAL_Driver/Src/stm32f4xx_ll_usb.c.obj
                0x0000000008007bd0                USB_EnableGlobalInt
 .text.USB_DisableGlobalInt
                0x0000000008007be0       0x10 ../../boards/DJI_Board_TypeA/CMakeFiles/DJI_Board_TypeA.dir/Drivers/STM32F4xx_HAL_Driver/Src/stm32f4xx_ll_usb.c.obj
                0x0000000008007be0                USB_DisableGlobalInt
 .text.USB_SetCurrentMode
                0x0000000008007bf0       0x30 ../../boards/DJI_Board_TypeA/CMakeFiles/DJI_Board_TypeA.dir/Drivers/STM32F4xx_HAL_Driver/Src/stm32f4xx_ll_usb.c.obj
                0x0000000008007bf0                USB_SetCurrentMode
 .text.USB_DevInit
                0x0000000008007c20      0x1e4 ../../boards/DJI_Board_TypeA/CMakeFiles/DJI_Board_TypeA.dir/Drivers/STM32F4xx_HAL_Driver/Src/stm32f4xx_ll_usb.c.obj
                0x0000000008007c20                USB_DevInit
 .text.USB_FlushTxFifo
                0x0000000008007e04       0x24 ../../boards/DJI_Board_TypeA/CMakeFiles/DJI_Board_TypeA.dir/Drivers/STM32F4xx_HAL_Driver/Src/stm32f4xx_ll_usb.c.obj
                0x0000000008007e04                USB_FlushTxFifo
 .text.USB_GetDevSpeed
                0x0000000008007e28       0x18 ../../boards/DJI_Board_TypeA/CMakeFiles/DJI_Board_TypeA.dir/Drivers/STM32F4xx_HAL_Driver/Src/stm32f4xx_ll_usb.c.obj
                0x0000000008007e28                USB_GetDevSpeed
 .text.USB_ActivateEndpoint
                0x0000000008007e40       0x98 ../../boards/DJI_Board_TypeA/CMakeFiles/DJI_Board_TypeA.dir/Drivers/STM32F4xx_HAL_Driver/Src/stm32f4xx_ll_usb.c.obj
                0x0000000008007e40                USB_ActivateEndpoint
 .text.USB_DeactivateEndpoint
                0x0000000008007ed8       0xc4 ../../boards/DJI_Board_TypeA/CMakeFiles/DJI_Board_TypeA.dir/Drivers/STM32F4xx_HAL_Driver/Src/stm32f4xx_ll_usb.c.obj
                0x0000000008007ed8                USB_DeactivateEndpoint
 .text.USB_EPStartXfer
                0x0000000008007f9c      0x218 ../../boards/DJI_Board_TypeA/CMakeFiles/DJI_Board_TypeA.dir/Drivers/STM32F4xx_HAL_Driver/Src/stm32f4xx_ll_usb.c.obj
                0x0000000008007f9c                USB_EPStartXfer
 .text.USB_EP0StartXfer
                0x00000000080081b4      0x154 ../../boards/DJI_Board_TypeA/CMakeFiles/DJI_Board_TypeA.dir/Drivers/STM32F4xx_HAL_Driver/Src/stm32f4xx_ll_usb.c.obj
                0x00000000080081b4                USB_EP0StartXfer
 .text.USB_WritePacket
                0x0000000008008308       0x2c ../../boards/DJI_Board_TypeA/CMakeFiles/DJI_Board_TypeA.dir/Drivers/STM32F4xx_HAL_Driver/Src/stm32f4xx_ll_usb.c.obj
                0x0000000008008308                USB_WritePacket
 .text.USB_ReadPacket
                0x0000000008008334       0x20 ../../boards/DJI_Board_TypeA/CMakeFiles/DJI_Board_TypeA.dir/Drivers/STM32F4xx_HAL_Driver/Src/stm32f4xx_ll_usb.c.obj
                0x0000000008008334                USB_ReadPacket
 .text.USB_EPSetStall
                0x0000000008008354       0x5c ../../boards/DJI_Board_TypeA/CMakeFiles/DJI_Board_TypeA.dir/Drivers/STM32F4xx_HAL_Driver/Src/stm32f4xx_ll_usb.c.obj
                0x0000000008008354                USB_EPSetStall
 .text.USB_EPClearStall
                0x00000000080083b0       0x58 ../../boards/DJI_Board_TypeA/CMakeFiles/DJI_Board_TypeA.dir/Drivers/STM32F4xx_HAL_Driver/Src/stm32f4xx_ll_usb.c.obj
                0x00000000080083b0                USB_EPClearStall
 .text.USB_SetDevAddress
                0x0000000008008408       0x20 ../../boards/DJI_Board_TypeA/CMakeFiles/DJI_Board_TypeA.dir/Drivers/STM32F4xx_HAL_Driver/Src/stm32f4xx_ll_usb.c.obj
                0x0000000008008408                USB_SetDevAddress
 .text.USB_DevConnect
                0x0000000008008428       0x20 ../../boards/DJI_Board_TypeA/CMakeFiles/DJI_Board_TypeA.dir/Drivers/STM32F4xx_HAL_Driver/Src/stm32f4xx_ll_usb.c.obj
                0x0000000008008428                USB_DevConnect
 .text.USB_DevDisconnect
                0x0000000008008448       0x20 ../../boards/DJI_Board_TypeA/CMakeFiles/DJI_Board_TypeA.dir/Drivers/STM32F4xx_HAL_Driver/Src/stm32f4xx_ll_usb.c.obj
                0x0000000008008448                USB_DevDisconnect
 .text.USB_ReadInterrupts
                0x0000000008008468        0x8 ../../boards/DJI_Board_TypeA/CMakeFiles/DJI_Board_TypeA.dir/Drivers/STM32F4xx_HAL_Driver/Src/stm32f4xx_ll_usb.c.obj
                0x0000000008008468                USB_ReadInterrupts
 .text.USB_ReadDevAllOutEpInterrupt
                0x0000000008008470       0x10 ../../boards/DJI_Board_TypeA/CMakeFiles/DJI_Board_TypeA.dir/Drivers/STM32F4xx_HAL_Driver/Src/stm32f4xx_ll_usb.c.obj
                0x0000000008008470                USB_ReadDevAllOutEpInterrupt
 .text.USB_ReadDevAllInEpInterrupt
                0x0000000008008480       0x10 ../../boards/DJI_Board_TypeA/CMakeFiles/DJI_Board_TypeA.dir/Drivers/STM32F4xx_HAL_Driver/Src/stm32f4xx_ll_usb.c.obj
                0x0000000008008480                USB_ReadDevAllInEpInterrupt
 .text.USB_ReadDevOutEPInterrupt
                0x0000000008008490       0x14 ../../boards/DJI_Board_TypeA/CMakeFiles/DJI_Board_TypeA.dir/Drivers/STM32F4xx_HAL_Driver/Src/stm32f4xx_ll_usb.c.obj
                0x0000000008008490                USB_ReadDevOutEPInterrupt
 .text.USB_ReadDevInEPInterrupt
                0x00000000080084a4       0x20 ../../boards/DJI_Board_TypeA/CMakeFiles/DJI_Board_TypeA.dir/Drivers/STM32F4xx_HAL_Driver/Src/stm32f4xx_ll_usb.c.obj
                0x00000000080084a4                USB_ReadDevInEPInterrupt
 .text.USB_GetMode
                0x00000000080084c4        0x8 ../../boards/DJI_Board_TypeA/CMakeFiles/DJI_Board_TypeA.dir/Drivers/STM32F4xx_HAL_Driver/Src/stm32f4xx_ll_usb.c.obj
                0x00000000080084c4                USB_GetMode
 .text.USB_ActivateSetup
                0x00000000080084cc       0x24 ../../boards/DJI_Board_TypeA/CMakeFiles/DJI_Board_TypeA.dir/Drivers/STM32F4xx_HAL_Driver/Src/stm32f4xx_ll_usb.c.obj
                0x00000000080084cc                USB_ActivateSetup
 .text.USB_EP0_OutStart
                0x00000000080084f0       0x58 ../../boards/DJI_Board_TypeA/CMakeFiles/DJI_Board_TypeA.dir/Drivers/STM32F4xx_HAL_Driver/Src/stm32f4xx_ll_usb.c.obj
                0x00000000080084f0                USB_EP0_OutStart
 .text.USBD_CDC_EP0_RxReady
                0x0000000008008548       0x2c ../../boards/DJI_Board_TypeA/CMakeFiles/DJI_Board_TypeA.dir/Middlewares/ST/STM32_USB_Device_Library/Class/CDC/Src/usbd_cdc.c.obj
 .text.USBD_CDC_GetFSCfgDesc
                0x0000000008008574        0xc ../../boards/DJI_Board_TypeA/CMakeFiles/DJI_Board_TypeA.dir/Middlewares/ST/STM32_USB_Device_Library/Class/CDC/Src/usbd_cdc.c.obj
 .text.USBD_CDC_GetHSCfgDesc
                0x0000000008008580        0xc ../../boards/DJI_Board_TypeA/CMakeFiles/DJI_Board_TypeA.dir/Middlewares/ST/STM32_USB_Device_Library/Class/CDC/Src/usbd_cdc.c.obj
 .text.USBD_CDC_GetOtherSpeedCfgDesc
                0x000000000800858c        0xc ../../boards/DJI_Board_TypeA/CMakeFiles/DJI_Board_TypeA.dir/Middlewares/ST/STM32_USB_Device_Library/Class/CDC/Src/usbd_cdc.c.obj
 .text.USBD_CDC_GetDeviceQualifierDescriptor
                0x0000000008008598        0xc ../../boards/DJI_Board_TypeA/CMakeFiles/DJI_Board_TypeA.dir/Middlewares/ST/STM32_USB_Device_Library/Class/CDC/Src/usbd_cdc.c.obj
                0x0000000008008598                USBD_CDC_GetDeviceQualifierDescriptor
 .text.USBD_CDC_DataOut
                0x00000000080085a4       0x2c ../../boards/DJI_Board_TypeA/CMakeFiles/DJI_Board_TypeA.dir/Middlewares/ST/STM32_USB_Device_Library/Class/CDC/Src/usbd_cdc.c.obj
 .text.USBD_CDC_DataIn
                0x00000000080085d0       0x60 ../../boards/DJI_Board_TypeA/CMakeFiles/DJI_Board_TypeA.dir/Middlewares/ST/STM32_USB_Device_Library/Class/CDC/Src/usbd_cdc.c.obj
 .text.USBD_CDC_Setup
                0x0000000008008630       0xf8 ../../boards/DJI_Board_TypeA/CMakeFiles/DJI_Board_TypeA.dir/Middlewares/ST/STM32_USB_Device_Library/Class/CDC/Src/usbd_cdc.c.obj
 .text.USBD_CDC_DeInit
                0x0000000008008728       0x3c ../../boards/DJI_Board_TypeA/CMakeFiles/DJI_Board_TypeA.dir/Middlewares/ST/STM32_USB_Device_Library/Class/CDC/Src/usbd_cdc.c.obj
 .text.USBD_CDC_Init
                0x0000000008008764       0x98 ../../boards/DJI_Board_TypeA/CMakeFiles/DJI_Board_TypeA.dir/Middlewares/ST/STM32_USB_Device_Library/Class/CDC/Src/usbd_cdc.c.obj
 .text.USBD_CDC_RegisterInterface
                0x00000000080087fc       0x10 ../../boards/DJI_Board_TypeA/CMakeFiles/DJI_Board_TypeA.dir/Middlewares/ST/STM32_USB_Device_Library/Class/CDC/Src/usbd_cdc.c.obj
                0x00000000080087fc                USBD_CDC_RegisterInterface
 .text.USBD_CDC_SetTxBuffer
                0x000000000800880c       0x10 ../../boards/DJI_Board_TypeA/CMakeFiles/DJI_Board_TypeA.dir/Middlewares/ST/STM32_USB_Device_Library/Class/CDC/Src/usbd_cdc.c.obj
                0x000000000800880c                USBD_CDC_SetTxBuffer
 .text.USBD_CDC_SetRxBuffer
                0x000000000800881c        0xc ../../boards/DJI_Board_TypeA/CMakeFiles/DJI_Board_TypeA.dir/Middlewares/ST/STM32_USB_Device_Library/Class/CDC/Src/usbd_cdc.c.obj